Archive member included to satisfy reference by file (symbol)

/opt/ST/STM32CubeCLT_1.16.0/GNU-tools-for-STM32/bin/../lib/gcc/arm-none-eabi/12.3.1/../../../../arm-none-eabi/lib/thumb/v8-m.main+fp/hard/libc_nano.a(libc_a-exit.o)
                              /opt/ST/STM32CubeCLT_1.16.0/GNU-tools-for-STM32/bin/../lib/gcc/arm-none-eabi/12.3.1/../../../../arm-none-eabi/lib/thumb/v8-m.main+fp/hard/crt0.o (exit)
/opt/ST/STM32CubeCLT_1.16.0/GNU-tools-for-STM32/bin/../lib/gcc/arm-none-eabi/12.3.1/../../../../arm-none-eabi/lib/thumb/v8-m.main+fp/hard/libc_nano.a(libc_a-findfp.o)
                              /opt/ST/STM32CubeCLT_1.16.0/GNU-tools-for-STM32/bin/../lib/gcc/arm-none-eabi/12.3.1/../../../../arm-none-eabi/lib/thumb/v8-m.main+fp/hard/libc_nano.a(libc_a-exit.o) (__stdio_exit_handler)
/opt/ST/STM32CubeCLT_1.16.0/GNU-tools-for-STM32/bin/../lib/gcc/arm-none-eabi/12.3.1/../../../../arm-none-eabi/lib/thumb/v8-m.main+fp/hard/libc_nano.a(libc_a-fwalk.o)
                              /opt/ST/STM32CubeCLT_1.16.0/GNU-tools-for-STM32/bin/../lib/gcc/arm-none-eabi/12.3.1/../../../../arm-none-eabi/lib/thumb/v8-m.main+fp/hard/libc_nano.a(libc_a-findfp.o) (_fwalk_sglue)
/opt/ST/STM32CubeCLT_1.16.0/GNU-tools-for-STM32/bin/../lib/gcc/arm-none-eabi/12.3.1/../../../../arm-none-eabi/lib/thumb/v8-m.main+fp/hard/libc_nano.a(libc_a-memset.o)
                              /opt/ST/STM32CubeCLT_1.16.0/GNU-tools-for-STM32/bin/../lib/gcc/arm-none-eabi/12.3.1/../../../../arm-none-eabi/lib/thumb/v8-m.main+fp/hard/crt0.o (memset)
/opt/ST/STM32CubeCLT_1.16.0/GNU-tools-for-STM32/bin/../lib/gcc/arm-none-eabi/12.3.1/../../../../arm-none-eabi/lib/thumb/v8-m.main+fp/hard/libc_nano.a(libc_a-impure.o)
                              /opt/ST/STM32CubeCLT_1.16.0/GNU-tools-for-STM32/bin/../lib/gcc/arm-none-eabi/12.3.1/../../../../arm-none-eabi/lib/thumb/v8-m.main+fp/hard/libc_nano.a(libc_a-findfp.o) (_impure_data)
/opt/ST/STM32CubeCLT_1.16.0/GNU-tools-for-STM32/bin/../lib/gcc/arm-none-eabi/12.3.1/../../../../arm-none-eabi/lib/thumb/v8-m.main+fp/hard/libc_nano.a(libc_a-init.o)
                              /opt/ST/STM32CubeCLT_1.16.0/GNU-tools-for-STM32/bin/../lib/gcc/arm-none-eabi/12.3.1/../../../../arm-none-eabi/lib/thumb/v8-m.main+fp/hard/crt0.o (__libc_init_array)
/opt/ST/STM32CubeCLT_1.16.0/GNU-tools-for-STM32/bin/../lib/gcc/arm-none-eabi/12.3.1/../../../../arm-none-eabi/lib/thumb/v8-m.main+fp/hard/libc_nano.a(libc_a-lock.o)
                              /opt/ST/STM32CubeCLT_1.16.0/GNU-tools-for-STM32/bin/../lib/gcc/arm-none-eabi/12.3.1/../../../../arm-none-eabi/lib/thumb/v8-m.main+fp/hard/libc_nano.a(libc_a-findfp.o) (__retarget_lock_init_recursive)
/opt/ST/STM32CubeCLT_1.16.0/GNU-tools-for-STM32/bin/../lib/gcc/arm-none-eabi/12.3.1/../../../../arm-none-eabi/lib/thumb/v8-m.main+fp/hard/libc_nano.a(libc_a-mallocr.o)
                              /opt/ST/STM32CubeCLT_1.16.0/GNU-tools-for-STM32/bin/../lib/gcc/arm-none-eabi/12.3.1/../../../../arm-none-eabi/lib/thumb/v8-m.main+fp/hard/libc_nano.a(libc_a-findfp.o) (_malloc_r)
/opt/ST/STM32CubeCLT_1.16.0/GNU-tools-for-STM32/bin/../lib/gcc/arm-none-eabi/12.3.1/../../../../arm-none-eabi/lib/thumb/v8-m.main+fp/hard/libc_nano.a(libc_a-fflush.o)
                              /opt/ST/STM32CubeCLT_1.16.0/GNU-tools-for-STM32/bin/../lib/gcc/arm-none-eabi/12.3.1/../../../../arm-none-eabi/lib/thumb/v8-m.main+fp/hard/libc_nano.a(libc_a-findfp.o) (_fflush_r)
/opt/ST/STM32CubeCLT_1.16.0/GNU-tools-for-STM32/bin/../lib/gcc/arm-none-eabi/12.3.1/../../../../arm-none-eabi/lib/thumb/v8-m.main+fp/hard/libc_nano.a(libc_a-mlock.o)
                              /opt/ST/STM32CubeCLT_1.16.0/GNU-tools-for-STM32/bin/../lib/gcc/arm-none-eabi/12.3.1/../../../../arm-none-eabi/lib/thumb/v8-m.main+fp/hard/libc_nano.a(libc_a-mallocr.o) (__malloc_lock)
/opt/ST/STM32CubeCLT_1.16.0/GNU-tools-for-STM32/bin/../lib/gcc/arm-none-eabi/12.3.1/../../../../arm-none-eabi/lib/thumb/v8-m.main+fp/hard/libc_nano.a(libc_a-stdio.o)
                              /opt/ST/STM32CubeCLT_1.16.0/GNU-tools-for-STM32/bin/../lib/gcc/arm-none-eabi/12.3.1/../../../../arm-none-eabi/lib/thumb/v8-m.main+fp/hard/libc_nano.a(libc_a-findfp.o) (__sread)
/opt/ST/STM32CubeCLT_1.16.0/GNU-tools-for-STM32/bin/../lib/gcc/arm-none-eabi/12.3.1/../../../../arm-none-eabi/lib/thumb/v8-m.main+fp/hard/libc_nano.a(libc_a-closer.o)
                              /opt/ST/STM32CubeCLT_1.16.0/GNU-tools-for-STM32/bin/../lib/gcc/arm-none-eabi/12.3.1/../../../../arm-none-eabi/lib/thumb/v8-m.main+fp/hard/libc_nano.a(libc_a-stdio.o) (_close_r)
/opt/ST/STM32CubeCLT_1.16.0/GNU-tools-for-STM32/bin/../lib/gcc/arm-none-eabi/12.3.1/../../../../arm-none-eabi/lib/thumb/v8-m.main+fp/hard/libc_nano.a(libc_a-reent.o)
                              /opt/ST/STM32CubeCLT_1.16.0/GNU-tools-for-STM32/bin/../lib/gcc/arm-none-eabi/12.3.1/../../../../arm-none-eabi/lib/thumb/v8-m.main+fp/hard/libc_nano.a(libc_a-closer.o) (errno)
[...]
Memory Configuration

Name             Origin             Length             Attributes
RAM              0x20000000         0x000c0000         xrw
ROM              0x08000000         0x00200000         xr
SRAM4            0x28000000         0x00004000         xrw
*default*        0x00000000         0xffffffff

Linker script and memory map

LOAD /opt/ST/STM32CubeCLT_1.16.0/GNU-tools-for-STM32/bin/../lib/gcc/arm-none-eabi/12.3.1/thumb/v8-m.main+fp/hard/crti.o
LOAD /opt/ST/STM32CubeCLT_1.16.0/GNU-tools-for-STM32/bin/../lib/gcc/arm-none-eabi/12.3.1/thumb/v8-m.main+fp/hard/crtbegin.o
LOAD /opt/ST/STM32CubeCLT_1.16.0/GNU-tools-for-STM32/bin/../lib/gcc/arm-none-eabi/12.3.1/../../../../arm-none-eabi/lib/thumb/v8-m.main+fp/hard/crt0.o
START GROUP
LOAD /opt/ST/STM32CubeCLT_1.16.0/GNU-tools-for-STM32/bin/../lib/gcc/arm-none-eabi/12.3.1/../../../../arm-none-eabi/lib/thumb/v8-m.main+fp/hard/libc_nano.a
LOAD /opt/ST/STM32CubeCLT_1.16.0/GNU-tools-for-STM32/bin/../lib/gcc/arm-none-eabi/12.3.1/../../../../arm-none-eabi/lib/thumb/v8-m.main+fp/hard/libm.a
END GROUP
LOAD cmake/stm32cubemx/CMakeFiles/STM32_Drivers.dir/__/__/Core/Src/system_stm32u5xx.c.obj
LOAD cmake/stm32cubemx/CMakeFiles/STM32_Drivers.dir/__/__/Drivers/STM32U5xx_HAL_Driver/Src/stm32u5xx_hal_cortex.c.obj
LOAD cmake/stm32cubemx/CMakeFiles/STM32_Drivers.dir/__/__/Drivers/STM32U5xx_HAL_Driver/Src/stm32u5xx_hal.c.obj
LOAD cmake/stm32cubemx/CMakeFiles/STM32_Drivers.dir/__/__/Drivers/STM32U5xx_HAL_Driver/Src/stm32u5xx_hal_i2c.c.obj
LOAD cmake/stm32cubemx/CMakeFiles/STM32_Drivers.dir/__/__/Drivers/STM32U5xx_HAL_Driver/Src/stm32u5xx_hal_i2c_ex.c.obj
LOAD cmake/stm32cubemx/CMakeFiles/STM32_Drivers.dir/__/__/Drivers/STM32U5xx_HAL_Driver/Src/stm32u5xx_hal_rcc.c.obj
LOAD cmake/stm32cubemx/CMakeFiles/STM32_Drivers.dir/__/__/Drivers/STM32U5xx_HAL_Driver/Src/stm32u5xx_hal_rcc_ex.c.obj
LOAD cmake/stm32cubemx/CMakeFiles/STM32_Drivers.dir/__/__/Drivers/STM32U5xx_HAL_Driver/Src/stm32u5xx_hal_flash.c.obj
LOAD cmake/stm32cubemx/CMakeFiles/STM32_Drivers.dir/__/__/Drivers/STM32U5xx_HAL_Driver/Src/stm32u5xx_hal_flash_ex.c.obj
LOAD cmake/stm32cubemx/CMakeFiles/STM32_Drivers.dir/__/__/Drivers/STM32U5xx_HAL_Driver/Src/stm32u5xx_hal_gpio.c.obj
LOAD cmake/stm32cubemx/CMakeFiles/STM32_Drivers.dir/__/__/Drivers/STM32U5xx_HAL_Driver/Src/stm32u5xx_hal_dma.c.obj
LOAD cmake/stm32cubemx/CMakeFiles/STM32_Drivers.dir/__/__/Drivers/STM32U5xx_HAL_Driver/Src/stm32u5xx_hal_dma_ex.c.obj
LOAD cmake/stm32cubemx/CMakeFiles/STM32_Drivers.dir/__/__/Drivers/STM32U5xx_HAL_Driver/Src/stm32u5xx_hal_exti.c.obj
LOAD cmake/stm32cubemx/CMakeFiles/STM32_Drivers.dir/__/__/Drivers/STM32U5xx_HAL_Driver/Src/stm32u5xx_hal_pwr.c.obj
LOAD cmake/stm32cubemx/CMakeFiles/STM32_Drivers.dir/__/__/Drivers/STM32U5xx_HAL_Driver/Src/stm32u5xx_hal_pwr_ex.c.obj
LOAD cmake/stm32cubemx/CMakeFiles/STM32_Drivers.dir/__/__/Drivers/STM32U5xx_HAL_Driver/Src/stm32u5xx_hal_gtzc.c.obj
LOAD cmake/stm32cubemx/CMakeFiles/STM32_Drivers.dir/__/__/Drivers/STM32U5xx_HAL_Driver/Src/stm32u5xx_hal_icache.c.obj
LOAD cmake/stm32cubemx/CMakeFiles/STM32_Drivers.dir/__/__/Drivers/STM32U5xx_HAL_Driver/Src/stm32u5xx_hal_tim.c.obj
LOAD cmake/stm32cubemx/CMakeFiles/STM32_Drivers.dir/__/__/Drivers/STM32U5xx_HAL_Driver/Src/stm32u5xx_hal_tim_ex.c.obj
LOAD CMakeFiles/stm32u585q_liqsim.dir/Core/Src/main.c.obj
LOAD CMakeFiles/stm32u585q_liqsim.dir/Core/Src/stm32u5xx_it.c.obj
LOAD CMakeFiles/stm32u585q_liqsim.dir/Core/Src/stm32u5xx_hal_msp.c.obj
LOAD CMakeFiles/stm32u585q_liqsim.dir/Core/Src/sysmem.c.obj
LOAD CMakeFiles/stm32u585q_liqsim.dir/Core/Src/syscalls.c.obj
LOAD CMakeFiles/stm32u585q_liqsim.dir/startup_stm32u585xx.s.obj
LOAD CMakeFiles/stm32u585q_liqsim.dir/Core/Src/liqsim.c.obj
LOAD CMakeFiles/stm32u585q_liqsim.dir/Core/Src/liqsim_const.c.obj
LOAD CMakeFiles/stm32u585q_liqsim.dir/Core/Src/flip_fluid.c.obj
LOAD CMakeFiles/stm32u585q_liqsim.dir/Core/Src/mpu6050.c.obj
START GROUP
LOAD /opt/ST/STM32CubeCLT_1.16.0/GNU-tools-for-STM32/bin/../lib/gcc/arm-none-eabi/12.3.1/thumb/v8-m.main+fp/hard/libgcc.a
LOAD /opt/ST/STM32CubeCLT_1.16.0/GNU-tools-for-STM32/bin/../lib/gcc/arm-none-eabi/12.3.1/../../../../arm-none-eabi/lib/thumb/v8-m.main+fp/hard/libg_nano.a
LOAD /opt/ST/STM32CubeCLT_1.16.0/GNU-tools-for-STM32/bin/../lib/gcc/arm-none-eabi/12.3.1/../../../../arm-none-eabi/lib/thumb/v8-m.main+fp/hard/libc_nano.a
END GROUP
START GROUP
LOAD /opt/ST/STM32CubeCLT_1.16.0/GNU-tools-for-STM32/bin/../lib/gcc/arm-none-eabi/12.3.1/thumb/v8-m.main+fp/hard/libgcc.a
LOAD /opt/ST/STM32CubeCLT_1.16.0/GNU-tools-for-STM32/bin/../lib/gcc/arm-none-eabi/12.3.1/../../../../arm-none-eabi/lib/thumb/v8-m.main+fp/hard/libc_nano.a
END GROUP
LOAD /opt/ST/STM32CubeCLT_1.16.0/GNU-tools-for-STM32/bin/../lib/gcc/arm-none-eabi/12.3.1/thumb/v8-m.main+fp/hard/crtend.o
LOAD /opt/ST/STM32CubeCLT_1.16.0/GNU-tools-for-STM32/bin/../lib/gcc/arm-none-eabi/12.3.1/thumb/v8-m.main+fp/hard/crtn.o
                0x200c0000                        _estack = (ORIGIN (RAM) + LENGTH (RAM))
                0x00000200                        _Min_Heap_Size = 0x200
                0x00000400                        _Min_Stack_Size = 0x400

.isr_vector     0x08000000      0x238
                0x08000000                        . = ALIGN (0x8)
 *(.isr_vector)
 .isr_vector    0x08000000      0x238 CMakeFiles/stm32u585q_liqsim.dir/startup_stm32u585xx.s.obj
                0x08000000                g_pfnVectors
                0x08000238                        . = ALIGN (0x8)

.text           0x08000238     0x7030
                0x08000238                        . = ALIGN (0x8)
 *(.text)
 .text          0x08000238       0x40 /opt/ST/STM32CubeCLT_1.16.0/GNU-tools-for-STM32/bin/../lib/gcc/arm-none-eabi/12.3.1/thumb/v8-m.main+fp/hard/crtbegin.o
 .text          0x08000278      0x378 /opt/ST/STM32CubeCLT_1.16.0/GNU-tools-for-STM32/bin/../lib/gcc/arm-none-eabi/12.3.1/thumb/v8-m.main+fp/hard/libgcc.a(_arm_addsubdf3.o)
                0x08000278                __aeabi_drsub
                0x08000280                __subdf3
                0x08000280                __aeabi_dsub
                0x08000284                __aeabi_dadd
                0x08000284                __adddf3
                0x080004fc                __aeabi_ui2d
                0x080004fc                __floatunsidf
                0x0800051c                __floatsidf
                0x0800051c                __aeabi_i2d
                0x08000540                __extendsfdf2
                0x08000540                __aeabi_f2d
                0x08000584                __aeabi_ul2d
                0x08000584                __floatundidf
                0x08000594                __aeabi_l2d
                0x08000594                __floatdidf
 .text          0x080005f0       0x40 /opt/ST/STM32CubeCLT_1.16.0/GNU-tools-for-STM32/bin/../lib/gcc/arm-none-eabi/12.3.1/thumb/v8-m.main+fp/hard/libgcc.a(_arm_fixunsdfsi.o)
                0x080005f0                __fixunsdfsi
                0x080005f0                __aeabi_d2uiz
 .text          0x08000630       0xa0 /opt/ST/STM32CubeCLT_1.16.0/GNU-tools-for-STM32/bin/../lib/gcc/arm-none-eabi/12.3.1/thumb/v8-m.main+fp/hard/libgcc.a(_arm_truncdfsf2.o)
                0x08000630                __aeabi_d2f
                0x08000630                __truncdfsf2
 .text          0x080006d0      0x424 /opt/ST/STM32CubeCLT_1.16.0/GNU-tools-for-STM32/bin/../lib/gcc/arm-none-eabi/12.3.1/thumb/v8-m.main+fp/hard/libgcc.a(_arm_muldivdf3.o)
                0x080006d0                __aeabi_dmul
                0x080006d0                __muldf3
                0x08000924                __aeabi_ddiv
                0x08000924                __divdf3
 .text          0x08000af4      0x110 /opt/ST/STM32CubeCLT_1.16.0/GNU-tools-for-STM32/bin/../lib/gcc/arm-none-eabi/12.3.1/thumb/v8-m.main+fp/hard/libgcc.a(_arm_cmpdf2.o)
                0x08000af4                __gedf2
                0x08000af4                __gtdf2
                0x08000afc                __ledf2
                0x08000afc                __ltdf2
                0x08000b04                __cmpdf2
                0x08000b04                __eqdf2
                0x08000b04                __nedf2
                0x08000b80                __aeabi_cdrcmple
                0x08000b90                __aeabi_cdcmple
                0x08000b90                __aeabi_cdcmpeq
                0x08000ba0                __aeabi_dcmpeq
                0x08000bb4                __aeabi_dcmplt
                0x08000bc8                __aeabi_dcmple
                0x08000bdc                __aeabi_dcmpge
                0x08000bf0                __aeabi_dcmpgt
 .text          0x08000c04       0x2c /opt/ST/STM32CubeCLT_1.16.0/GNU-tools-for-STM32/bin/../lib/gcc/arm-none-eabi/12.3.1/thumb/v8-m.main+fp/hard/libgcc.a(_arm_unorddf2.o)
                0x08000c04                __aeabi_dcmpun
                0x08000c04                __unorddf2
 *(.text*)
 .text.memset   0x08000c30       0x10 /opt/ST/STM32CubeCLT_1.16.0/GNU-tools-for-STM32/bin/../lib/gcc/arm-none-eabi/12.3.1/../../../../arm-none-eabi/lib/thumb/v8-m.main+fp/hard/libc_nano.a(libc_a-memset.o)
                0x08000c30                memset
 .text.__libc_init_array
                0x08000c40       0x48 /opt/ST/STM32CubeCLT_1.16.0/GNU-tools-for-STM32/bin/../lib/gcc/arm-none-eabi/12.3.1/../../../../arm-none-eabi/lib/thumb/v8-m.main+fp/hard/libc_nano.a(libc_a-init.o)
                0x08000c40                __libc_init_array
 .text.SystemInit
                0x08000c88       0x4c cmake/stm32cubemx/CMakeFiles/STM32_Drivers.dir/__/__/Core/Src/system_stm32u5xx.c.obj
                0x08000c88                SystemInit
 .text.HAL_NVIC_SetPriorityGrouping
                0x08000cd4       0x24 cmake/stm32cubemx/CMakeFiles/STM32_Drivers.dir/__/__/Drivers/STM32U5xx_HAL_Driver/Src/stm32u5xx_hal_cortex.c.obj
                0x08000cd4                HAL_NVIC_SetPriorityGrouping
 .text.HAL_NVIC_SetPriority
                0x08000cf8       0x78 cmake/stm32cubemx/CMakeFiles/STM32_Drivers.dir/__/__/Drivers/STM32U5xx_HAL_Driver/Src/stm32u5xx_hal_cortex.c.obj
                0x08000cf8                HAL_NVIC_SetPriority
 .text.HAL_NVIC_EnableIRQ
                0x08000d70       0x1c cmake/stm32cubemx/CMakeFiles/STM32_Drivers.dir/__/__/Drivers/STM32U5xx_HAL_Driver/Src/stm32u5xx_hal_cortex.c.obj
                0x08000d70                HAL_NVIC_EnableIRQ
 .text.HAL_SYSTICK_Config
                0x08000d8c       0x20 cmake/stm32cubemx/CMakeFiles/STM32_Drivers.dir/__/__/Drivers/STM32U5xx_HAL_Driver/Src/stm32u5xx_hal_cortex.c.obj
                0x08000d8c                HAL_SYSTICK_Config
 .text.HAL_SYSTICK_CLKSourceConfig
                0x08000dac       0x7c cmake/stm32cubemx/CMakeFiles/STM32_Drivers.dir/__/__/Drivers/STM32U5xx_HAL_Driver/Src/stm32u5xx_hal_cortex.c.obj
                0x08000dac                HAL_SYSTICK_CLKSourceConfig
 .text.HAL_SYSTICK_GetCLKSourceConfig
                0x08000e28       0x34 cmake/stm32cubemx/CMakeFiles/STM32_Drivers.dir/__/__/Drivers/STM32U5xx_HAL_Driver/Src/stm32u5xx_hal_cortex.c.obj
                0x08000e28                HAL_SYSTICK_GetCLKSourceConfig
 .text.HAL_InitTick
                0x08000e5c       0xa0 cmake/stm32cubemx/CMakeFiles/STM32_Drivers.dir/__/__/Drivers/STM32U5xx_HAL_Driver/Src/stm32u5xx_hal.c.obj
                0x08000e5c                HAL_InitTick
 .text.HAL_Init
                0x08000efc       0x58 cmake/stm32cubemx/CMakeFiles/STM32_Drivers.dir/__/__/Drivers/STM32U5xx_HAL_Driver/Src/stm32u5xx_hal.c.obj
                0x08000efc                HAL_Init
 .text.HAL_IncTick
                0x08000f54       0x18 cmake/stm32cubemx/CMakeFiles/STM32_Drivers.dir/__/__/Drivers/STM32U5xx_HAL_Driver/Src/stm32u5xx_hal.c.obj
                0x08000f54                HAL_IncTick
 .text.HAL_GetTick
                0x08000f6c        0xc cmake/stm32cubemx/CMakeFiles/STM32_Drivers.dir/__/__/Drivers/STM32U5xx_HAL_Driver/Src/stm32u5xx_hal.c.obj
                0x08000f6c                HAL_GetTick
 .text.HAL_Delay
                0x08000f78       0x24 cmake/stm32cubemx/CMakeFiles/STM32_Drivers.dir/__/__/Drivers/STM32U5xx_HAL_Driver/Src/stm32u5xx_hal.c.obj
                0x08000f78                HAL_Delay
 .text.I2C_IsErrorOccurred
                0x08000f9c      0x114 cmake/stm32cubemx/CMakeFiles/STM32_Drivers.dir/__/__/Drivers/STM32U5xx_HAL_Driver/Src/stm32u5xx_hal_i2c.c.obj
 .text.I2C_WaitOnTXISFlagUntilTimeout
                0x080010b0       0x58 cmake/stm32cubemx/CMakeFiles/STM32_Drivers.dir/__/__/Drivers/STM32U5xx_HAL_Driver/Src/stm32u5xx_hal_i2c.c.obj
 .text.I2C_WaitOnFlagUntilTimeout
                0x08001108       0x78 cmake/stm32cubemx/CMakeFiles/STM32_Drivers.dir/__/__/Drivers/STM32U5xx_HAL_Driver/Src/stm32u5xx_hal_i2c.c.obj
 .text.I2C_WaitOnSTOPFlagUntilTimeout
                0x08001180       0x60 cmake/stm32cubemx/CMakeFiles/STM32_Drivers.dir/__/__/Drivers/STM32U5xx_HAL_Driver/Src/stm32u5xx_hal_i2c.c.obj
 .text.HAL_I2C_Init
                0x080011e0       0xb4 cmake/stm32cubemx/CMakeFiles/STM32_Drivers.dir/__/__/Drivers/STM32U5xx_HAL_Driver/Src/stm32u5xx_hal_i2c.c.obj
                0x080011e0                HAL_I2C_Init
 .text.HAL_I2C_Mem_Write
                0x08001294      0x1fc cmake/stm32cubemx/CMakeFiles/STM32_Drivers.dir/__/__/Drivers/STM32U5xx_HAL_Driver/Src/stm32u5xx_hal_i2c.c.obj
                0x08001294                HAL_I2C_Mem_Write
 .text.HAL_I2C_Mem_Read_DMA
                0x08001490      0x14c cmake/stm32cubemx/CMakeFiles/STM32_Drivers.dir/__/__/Drivers/STM32U5xx_HAL_Driver/Src/stm32u5xx_hal_i2c.c.obj
                0x08001490                HAL_I2C_Mem_Read_DMA
 .text.HAL_I2C_EV_IRQHandler
                0x080015dc       0x10 cmake/stm32cubemx/CMakeFiles/STM32_Drivers.dir/__/__/Drivers/STM32U5xx_HAL_Driver/Src/stm32u5xx_hal_i2c.c.obj
                0x080015dc                HAL_I2C_EV_IRQHandler
 .text.HAL_I2C_MasterTxCpltCallback
                0x080015ec        0x4 cmake/stm32cubemx/CMakeFiles/STM32_Drivers.dir/__/__/Drivers/STM32U5xx_HAL_Driver/Src/stm32u5xx_hal_i2c.c.obj
                0x080015ec                HAL_I2C_MasterTxCpltCallback
 .text.HAL_I2C_MasterRxCpltCallback
                0x080015f0        0x4 cmake/stm32cubemx/CMakeFiles/STM32_Drivers.dir/__/__/Drivers/STM32U5xx_HAL_Driver/Src/stm32u5xx_hal_i2c.c.obj
                0x080015f0                HAL_I2C_MasterRxCpltCallback
 .text.I2C_ITMasterSeqCplt
                0x080015f4       0x78 cmake/stm32cubemx/CMakeFiles/STM32_Drivers.dir/__/__/Drivers/STM32U5xx_HAL_Driver/Src/stm32u5xx_hal_i2c.c.obj
 .text.HAL_I2C_SlaveTxCpltCallback
                0x0800166c        0x4 cmake/stm32cubemx/CMakeFiles/STM32_Drivers.dir/__/__/Drivers/STM32U5xx_HAL_Driver/Src/stm32u5xx_hal_i2c.c.obj
                0x0800166c                HAL_I2C_SlaveTxCpltCallback
 .text.HAL_I2C_SlaveRxCpltCallback
                0x08001670        0x4 cmake/stm32cubemx/CMakeFiles/STM32_Drivers.dir/__/__/Drivers/STM32U5xx_HAL_Driver/Src/stm32u5xx_hal_i2c.c.obj
                0x08001670                HAL_I2C_SlaveRxCpltCallback
 .text.I2C_ITSlaveSeqCplt
                0x08001674       0xa0 cmake/stm32cubemx/CMakeFiles/STM32_Drivers.dir/__/__/Drivers/STM32U5xx_HAL_Driver/Src/stm32u5xx_hal_i2c.c.obj
 .text.HAL_I2C_AddrCallback
                0x08001714        0x4 cmake/stm32cubemx/CMakeFiles/STM32_Drivers.dir/__/__/Drivers/STM32U5xx_HAL_Driver/Src/stm32u5xx_hal_i2c.c.obj
                0x08001714                HAL_I2C_AddrCallback
 .text.I2C_ITAddrCplt.part.0.constprop.0
                0x08001718       0x64 cmake/stm32cubemx/CMakeFiles/STM32_Drivers.dir/__/__/Drivers/STM32U5xx_HAL_Driver/Src/stm32u5xx_hal_i2c.c.obj
 .text.HAL_I2C_ListenCpltCallback
                0x0800177c        0x4 cmake/stm32cubemx/CMakeFiles/STM32_Drivers.dir/__/__/Drivers/STM32U5xx_HAL_Driver/Src/stm32u5xx_hal_i2c.c.obj
                0x0800177c                HAL_I2C_ListenCpltCallback
 .text.I2C_ITListenCplt
                0x08001780       0x6c cmake/stm32cubemx/CMakeFiles/STM32_Drivers.dir/__/__/Drivers/STM32U5xx_HAL_Driver/Src/stm32u5xx_hal_i2c.c.obj
 .text.HAL_I2C_MemTxCpltCallback
                0x080017ec        0x4 cmake/stm32cubemx/CMakeFiles/STM32_Drivers.dir/__/__/Drivers/STM32U5xx_HAL_Driver/Src/stm32u5xx_hal_i2c.c.obj
                0x080017ec                HAL_I2C_MemTxCpltCallback
 .text.HAL_I2C_ErrorCallback
                0x080017f0        0x4 cmake/stm32cubemx/CMakeFiles/STM32_Drivers.dir/__/__/Drivers/STM32U5xx_HAL_Driver/Src/stm32u5xx_hal_i2c.c.obj
                0x080017f0                HAL_I2C_ErrorCallback
 .text.HAL_I2C_AbortCpltCallback
                0x080017f4        0x4 cmake/stm32cubemx/CMakeFiles/STM32_Drivers.dir/__/__/Drivers/STM32U5xx_HAL_Driver/Src/stm32u5xx_hal_i2c.c.obj
                0x080017f4                HAL_I2C_AbortCpltCallback
 .text.I2C_DMAAbort
                0x080017f8       0x40 cmake/stm32cubemx/CMakeFiles/STM32_Drivers.dir/__/__/Drivers/STM32U5xx_HAL_Driver/Src/stm32u5xx_hal_i2c.c.obj
 .text.I2C_ITError
                0x08001838      0x168 cmake/stm32cubemx/CMakeFiles/STM32_Drivers.dir/__/__/Drivers/STM32U5xx_HAL_Driver/Src/stm32u5xx_hal_i2c.c.obj
 .text.I2C_ITMasterCplt
                0x080019a0      0x12c cmake/stm32cubemx/CMakeFiles/STM32_Drivers.dir/__/__/Drivers/STM32U5xx_HAL_Driver/Src/stm32u5xx_hal_i2c.c.obj
 .text.I2C_Mem_ISR_DMA
                0x08001acc      0x1e4 cmake/stm32cubemx/CMakeFiles/STM32_Drivers.dir/__/__/Drivers/STM32U5xx_HAL_Driver/Src/stm32u5xx_hal_i2c.c.obj
 .text.I2C_Master_ISR_DMA
                0x08001cb0      0x164 cmake/stm32cubemx/CMakeFiles/STM32_Drivers.dir/__/__/Drivers/STM32U5xx_HAL_Driver/Src/stm32u5xx_hal_i2c.c.obj
 .text.I2C_DMAError
                0x08001e14       0x14 cmake/stm32cubemx/CMakeFiles/STM32_Drivers.dir/__/__/Drivers/STM32U5xx_HAL_Driver/Src/stm32u5xx_hal_i2c.c.obj
 .text.I2C_DMAMasterReceiveCplt
                0x08001e28       0xd0 cmake/stm32cubemx/CMakeFiles/STM32_Drivers.dir/__/__/Drivers/STM32U5xx_HAL_Driver/Src/stm32u5xx_hal_i2c.c.obj
 .text.HAL_I2C_ER_IRQHandler
                0x08001ef8       0x7c cmake/stm32cubemx/CMakeFiles/STM32_Drivers.dir/__/__/Drivers/STM32U5xx_HAL_Driver/Src/stm32u5xx_hal_i2c.c.obj
                0x08001ef8                HAL_I2C_ER_IRQHandler
 .text.I2C_ITSlaveCplt.constprop.0
                0x08001f74      0x200 cmake/stm32cubemx/CMakeFiles/STM32_Drivers.dir/__/__/Drivers/STM32U5xx_HAL_Driver/Src/stm32u5xx_hal_i2c.c.obj
 .text.I2C_Slave_ISR_DMA
                0x08002174      0x14c cmake/stm32cubemx/CMakeFiles/STM32_Drivers.dir/__/__/Drivers/STM32U5xx_HAL_Driver/Src/stm32u5xx_hal_i2c.c.obj
 .text.I2C_Slave_ISR_IT
                0x080022c0      0x154 cmake/stm32cubemx/CMakeFiles/STM32_Drivers.dir/__/__/Drivers/STM32U5xx_HAL_Driver/Src/stm32u5xx_hal_i2c.c.obj
 .text.HAL_I2CEx_ConfigAnalogFilter
                0x08002414       0x54 cmake/stm32cubemx/CMakeFiles/STM32_Drivers.dir/__/__/Drivers/STM32U5xx_HAL_Driver/Src/stm32u5xx_hal_i2c_ex.c.obj
                0x08002414                HAL_I2CEx_ConfigAnalogFilter
 .text.HAL_I2CEx_ConfigDigitalFilter
                0x08002468       0x58 cmake/stm32cubemx/CMakeFiles/STM32_Drivers.dir/__/__/Drivers/STM32U5xx_HAL_Driver/Src/stm32u5xx_hal_i2c_ex.c.obj
                0x08002468                HAL_I2CEx_ConfigDigitalFilter
 .text.RCC_SetFlashLatencyFromMSIRange
                0x080024c0       0xbc cmake/stm32cubemx/CMakeFiles/STM32_Drivers.dir/__/__/Drivers/STM32U5xx_HAL_Driver/Src/stm32u5xx_hal_rcc.c.obj
 .text.HAL_RCC_GetSysClockFreq
                0x0800257c      0x11c cmake/stm32cubemx/CMakeFiles/STM32_Drivers.dir/__/__/Drivers/STM32U5xx_HAL_Driver/Src/stm32u5xx_hal_rcc.c.obj
                0x0800257c                HAL_RCC_GetSysClockFreq
 .text.HAL_RCC_ClockConfig
                0x08002698      0x2cc cmake/stm32cubemx/CMakeFiles/STM32_Drivers.dir/__/__/Drivers/STM32U5xx_HAL_Driver/Src/stm32u5xx_hal_rcc.c.obj
                0x08002698                HAL_RCC_ClockConfig
 .text.HAL_RCC_OscConfig
                0x08002964      0x9c4 cmake/stm32cubemx/CMakeFiles/STM32_Drivers.dir/__/__/Drivers/STM32U5xx_HAL_Driver/Src/stm32u5xx_hal_rcc.c.obj
                0x08002964                HAL_RCC_OscConfig
 .text.RCCEx_PLL3_Config
                0x08003328       0xdc cmake/stm32cubemx/CMakeFiles/STM32_Drivers.dir/__/__/Drivers/STM32U5xx_HAL_Driver/Src/stm32u5xx_hal_rcc_ex.c.obj
 .text.RCCEx_PLL2_Config
                0x08003404       0xdc cmake/stm32cubemx/CMakeFiles/STM32_Drivers.dir/__/__/Drivers/STM32U5xx_HAL_Driver/Src/stm32u5xx_hal_rcc_ex.c.obj
 .text.HAL_RCCEx_PeriphCLKConfig
                0x080034e0      0x64c cmake/stm32cubemx/CMakeFiles/STM32_Drivers.dir/__/__/Drivers/STM32U5xx_HAL_Driver/Src/stm32u5xx_hal_rcc_ex.c.obj
                0x080034e0                HAL_RCCEx_PeriphCLKConfig
 .text.HAL_GPIO_Init
                0x08003b2c      0x230 cmake/stm32cubemx/CMakeFiles/STM32_Drivers.dir/__/__/Drivers/STM32U5xx_HAL_Driver/Src/stm32u5xx_hal_gpio.c.obj
                0x08003b2c                HAL_GPIO_Init
 .text.HAL_GPIO_WritePin
                0x08003d5c        0xc cmake/stm32cubemx/CMakeFiles/STM32_Drivers.dir/__/__/Drivers/STM32U5xx_HAL_Driver/Src/stm32u5xx_hal_gpio.c.obj
                0x08003d5c                HAL_GPIO_WritePin
 .text.HAL_DMA_Start_IT
                0x08003d68       0x90 cmake/stm32cubemx/CMakeFiles/STM32_Drivers.dir/__/__/Drivers/STM32U5xx_HAL_Driver/Src/stm32u5xx_hal_dma.c.obj
                0x08003d68                HAL_DMA_Start_IT
 .text.HAL_DMA_Abort_IT
                0x08003df8       0x2c cmake/stm32cubemx/CMakeFiles/STM32_Drivers.dir/__/__/Drivers/STM32U5xx_HAL_Driver/Src/stm32u5xx_hal_dma.c.obj
                0x08003df8                HAL_DMA_Abort_IT
 .text.HAL_DMA_IRQHandler
                0x08003e24      0x180 cmake/stm32cubemx/CMakeFiles/STM32_Drivers.dir/__/__/Drivers/STM32U5xx_HAL_Driver/Src/stm32u5xx_hal_dma.c.obj
                0x08003e24                HAL_DMA_IRQHandler
 .text.HAL_DMA_GetState
                0x08003fa4        0x8 cmake/stm32cubemx/CMakeFiles/STM32_Drivers.dir/__/__/Drivers/STM32U5xx_HAL_Driver/Src/stm32u5xx_hal_dma.c.obj
                0x08003fa4                HAL_DMA_GetState
 .text.HAL_DMA_ConfigChannelAttributes
                0x08003fac       0x3c cmake/stm32cubemx/CMakeFiles/STM32_Drivers.dir/__/__/Drivers/STM32U5xx_HAL_Driver/Src/stm32u5xx_hal_dma.c.obj
                0x08003fac                HAL_DMA_ConfigChannelAttributes
 .text.DMA_List_CheckNodesTypes
                0x08003fe8       0x38 cmake/stm32cubemx/CMakeFiles/STM32_Drivers.dir/__/__/Drivers/STM32U5xx_HAL_Driver/Src/stm32u5xx_hal_dma_ex.c.obj
 .text.DMA_List_FindNode
                0x08004020       0xc4 cmake/stm32cubemx/CMakeFiles/STM32_Drivers.dir/__/__/Drivers/STM32U5xx_HAL_Driver/Src/stm32u5xx_hal_dma_ex.c.obj
 .text.HAL_DMAEx_List_Init
                0x080040e4      0x1e0 cmake/stm32cubemx/CMakeFiles/STM32_Drivers.dir/__/__/Drivers/STM32U5xx_HAL_Driver/Src/stm32u5xx_hal_dma_ex.c.obj
                0x080040e4                HAL_DMAEx_List_Init
 .text.HAL_DMAEx_List_Start_IT
                0x080042c4       0xc4 cmake/stm32cubemx/CMakeFiles/STM32_Drivers.dir/__/__/Drivers/STM32U5xx_HAL_Driver/Src/stm32u5xx_hal_dma_ex.c.obj
                0x080042c4                HAL_DMAEx_List_Start_IT
 .text.HAL_DMAEx_List_BuildNode
                0x08004388      0x144 cmake/stm32cubemx/CMakeFiles/STM32_Drivers.dir/__/__/Drivers/STM32U5xx_HAL_Driver/Src/stm32u5xx_hal_dma_ex.c.obj
                0x08004388                HAL_DMAEx_List_BuildNode
 .text.HAL_DMAEx_List_InsertNode
                0x080044cc      0x118 cmake/stm32cubemx/CMakeFiles/STM32_Drivers.dir/__/__/Drivers/STM32U5xx_HAL_Driver/Src/stm32u5xx_hal_dma_ex.c.obj
                0x080044cc                HAL_DMAEx_List_InsertNode
 .text.HAL_DMAEx_List_SetCircularMode
                0x080045e4       0x88 cmake/stm32cubemx/CMakeFiles/STM32_Drivers.dir/__/__/Drivers/STM32U5xx_HAL_Driver/Src/stm32u5xx_hal_dma_ex.c.obj
                0x080045e4                HAL_DMAEx_List_SetCircularMode
 .text.HAL_DMAEx_List_LinkQ
                0x0800466c       0xac cmake/stm32cubemx/CMakeFiles/STM32_Drivers.dir/__/__/Drivers/STM32U5xx_HAL_Driver/Src/stm32u5xx_hal_dma_ex.c.obj
                0x0800466c                HAL_DMAEx_List_LinkQ
 .text.HAL_DMAEx_GetFifoLevel
                0x08004718        0xc cmake/stm32cubemx/CMakeFiles/STM32_Drivers.dir/__/__/Drivers/STM32U5xx_HAL_Driver/Src/stm32u5xx_hal_dma_ex.c.obj
                0x08004718                HAL_DMAEx_GetFifoLevel
 .text.HAL_PWREx_ControlVoltageScaling
                0x08004724       0x94 cmake/stm32cubemx/CMakeFiles/STM32_Drivers.dir/__/__/Drivers/STM32U5xx_HAL_Driver/Src/stm32u5xx_hal_pwr_ex.c.obj
                0x08004724                HAL_PWREx_ControlVoltageScaling
 .text.HAL_PWREx_GetVoltageRange
                0x080047b8       0x10 cmake/stm32cubemx/CMakeFiles/STM32_Drivers.dir/__/__/Drivers/STM32U5xx_HAL_Driver/Src/stm32u5xx_hal_pwr_ex.c.obj
                0x080047b8                HAL_PWREx_GetVoltageRange
 .text.HAL_ICACHE_Enable
                0x080047c8       0x14 cmake/stm32cubemx/CMakeFiles/STM32_Drivers.dir/__/__/Drivers/STM32U5xx_HAL_Driver/Src/stm32u5xx_hal_icache.c.obj
                0x080047c8                HAL_ICACHE_Enable
 .text.HAL_TIM_Base_Start_IT
                0x080047dc       0xb8 cmake/stm32cubemx/CMakeFiles/STM32_Drivers.dir/__/__/Drivers/STM32U5xx_HAL_Driver/Src/stm32u5xx_hal_tim.c.obj
                0x080047dc                HAL_TIM_Base_Start_IT
 .text.HAL_TIM_ConfigClockSource
                0x08004894      0x1a4 cmake/stm32cubemx/CMakeFiles/STM32_Drivers.dir/__/__/Drivers/STM32U5xx_HAL_Driver/Src/stm32u5xx_hal_tim.c.obj
                0x08004894                HAL_TIM_ConfigClockSource
 .text.HAL_TIM_OC_DelayElapsedCallback
                0x08004a38        0x4 cmake/stm32cubemx/CMakeFiles/STM32_Drivers.dir/__/__/Drivers/STM32U5xx_HAL_Driver/Src/stm32u5xx_hal_tim.c.obj
                0x08004a38                HAL_TIM_OC_DelayElapsedCallback
 .text.HAL_TIM_IC_CaptureCallback
                0x08004a3c        0x4 cmake/stm32cubemx/CMakeFiles/STM32_Drivers.dir/__/__/Drivers/STM32U5xx_HAL_Driver/Src/stm32u5xx_hal_tim.c.obj
                0x08004a3c                HAL_TIM_IC_CaptureCallback
 .text.HAL_TIM_PWM_PulseFinishedCallback
                0x08004a40        0x4 cmake/stm32cubemx/CMakeFiles/STM32_Drivers.dir/__/__/Drivers/STM32U5xx_HAL_Driver/Src/stm32u5xx_hal_tim.c.obj
                0x08004a40                HAL_TIM_PWM_PulseFinishedCallback
 .text.HAL_TIM_TriggerCallback
                0x08004a44        0x4 cmake/stm32cubemx/CMakeFiles/STM32_Drivers.dir/__/__/Drivers/STM32U5xx_HAL_Driver/Src/stm32u5xx_hal_tim.c.obj
                0x08004a44                HAL_TIM_TriggerCallback
 .text.HAL_TIM_IRQHandler
                0x08004a48      0x1c8 cmake/stm32cubemx/CMakeFiles/STM32_Drivers.dir/__/__/Drivers/STM32U5xx_HAL_Driver/Src/stm32u5xx_hal_tim.c.obj
                0x08004a48                HAL_TIM_IRQHandler
 .text.TIM_Base_SetConfig
                0x08004c10      0x144 cmake/stm32cubemx/CMakeFiles/STM32_Drivers.dir/__/__/Drivers/STM32U5xx_HAL_Driver/Src/stm32u5xx_hal_tim.c.obj
                0x08004c10                TIM_Base_SetConfig
 .text.HAL_TIM_Base_Init
                0x08004d54       0x64 cmake/stm32cubemx/CMakeFiles/STM32_Drivers.dir/__/__/Drivers/STM32U5xx_HAL_Driver/Src/stm32u5xx_hal_tim.c.obj
                0x08004d54                HAL_TIM_Base_Init
 .text.HAL_TIMEx_MasterConfigSynchronization
                0x08004db8       0xec cmake/stm32cubemx/CMakeFiles/STM32_Drivers.dir/__/__/Drivers/STM32U5xx_HAL_Driver/Src/stm32u5xx_hal_tim_ex.c.obj
                0x08004db8                HAL_TIMEx_MasterConfigSynchronization
 .text.HAL_TIMEx_CommutCallback
                0x08004ea4        0x4 cmake/stm32cubemx/CMakeFiles/STM32_Drivers.dir/__/__/Drivers/STM32U5xx_HAL_Driver/Src/stm32u5xx_hal_tim_ex.c.obj
                0x08004ea4                HAL_TIMEx_CommutCallback
 .text.HAL_TIMEx_BreakCallback
                0x08004ea8        0x4 cmake/stm32cubemx/CMakeFiles/STM32_Drivers.dir/__/__/Drivers/STM32U5xx_HAL_Driver/Src/stm32u5xx_hal_tim_ex.c.obj
                0x08004ea8                HAL_TIMEx_BreakCallback
 .text.HAL_TIMEx_Break2Callback
                0x08004eac        0x4 cmake/stm32cubemx/CMakeFiles/STM32_Drivers.dir/__/__/Drivers/STM32U5xx_HAL_Driver/Src/stm32u5xx_hal_tim_ex.c.obj
                0x08004eac                HAL_TIMEx_Break2Callback
 .text.HAL_TIMEx_EncoderIndexCallback
                0x08004eb0        0x4 cmake/stm32cubemx/CMakeFiles/STM32_Drivers.dir/__/__/Drivers/STM32U5xx_HAL_Driver/Src/stm32u5xx_hal_tim_ex.c.obj
                0x08004eb0                HAL_TIMEx_EncoderIndexCallback
 .text.HAL_TIMEx_DirectionChangeCallback
                0x08004eb4        0x4 cmake/stm32cubemx/CMakeFiles/STM32_Drivers.dir/__/__/Drivers/STM32U5xx_HAL_Driver/Src/stm32u5xx_hal_tim_ex.c.obj
                0x08004eb4                HAL_TIMEx_DirectionChangeCallback
 .text.HAL_TIMEx_IndexErrorCallback
                0x08004eb8        0x4 cmake/stm32cubemx/CMakeFiles/STM32_Drivers.dir/__/__/Drivers/STM32U5xx_HAL_Driver/Src/stm32u5xx_hal_tim_ex.c.obj
                0x08004eb8                HAL_TIMEx_IndexErrorCallback
 .text.HAL_TIMEx_TransitionErrorCallback
                0x08004ebc        0x4 cmake/stm32cubemx/CMakeFiles/STM32_Drivers.dir/__/__/Drivers/STM32U5xx_HAL_Driver/Src/stm32u5xx_hal_tim_ex.c.obj
                0x08004ebc                HAL_TIMEx_TransitionErrorCallback
 .text.SystemClock_Config
                0x08004ec0       0x98 CMakeFiles/stm32u585q_liqsim.dir/Core/Src/main.c.obj
                0x08004ec0                SystemClock_Config
 .text.startup.main
                0x08004f58      0x360 CMakeFiles/stm32u585q_liqsim.dir/Core/Src/main.c.obj
                0x08004f58                main
 .text.HAL_TIM_PeriodElapsedCallback
                0x080052b8       0x1c CMakeFiles/stm32u585q_liqsim.dir/Core/Src/main.c.obj
                0x080052b8                HAL_TIM_PeriodElapsedCallback
 .text.HAL_I2C_MemRxCpltCallback
                0x080052d4       0x54 CMakeFiles/stm32u585q_liqsim.dir/Core/Src/main.c.obj
                0x080052d4                HAL_I2C_MemRxCpltCallback
 .text.Error_Handler
                0x08005328        0x4 CMakeFiles/stm32u585q_liqsim.dir/Core/Src/main.c.obj
                0x08005328                Error_Handler
 .text.NMI_Handler
                0x0800532c        0x4 CMakeFiles/stm32u585q_liqsim.dir/Core/Src/stm32u5xx_it.c.obj
                0x0800532c                NMI_Handler
 .text.HardFault_Handler
                0x08005330        0x4 CMakeFiles/stm32u585q_liqsim.dir/Core/Src/stm32u5xx_it.c.obj
                0x08005330                HardFault_Handler
 .text.MemManage_Handler
                0x08005334        0x4 CMakeFiles/stm32u585q_liqsim.dir/Core/Src/stm32u5xx_it.c.obj
                0x08005334                MemManage_Handler
 .text.BusFault_Handler
                0x08005338        0x4 CMakeFiles/stm32u585q_liqsim.dir/Core/Src/stm32u5xx_it.c.obj
                0x08005338                BusFault_Handler
 .text.UsageFault_Handler
                0x0800533c        0x4 CMakeFiles/stm32u585q_liqsim.dir/Core/Src/stm32u5xx_it.c.obj
                0x0800533c                UsageFault_Handler
 .text.SVC_Handler
                0x08005340        0x4 CMakeFiles/stm32u585q_liqsim.dir/Core/Src/stm32u5xx_it.c.obj
                0x08005340                SVC_Handler
 .text.DebugMon_Handler
                0x08005344        0x4 CMakeFiles/stm32u585q_liqsim.dir/Core/Src/stm32u5xx_it.c.obj
                0x08005344                DebugMon_Handler
 .text.PendSV_Handler
                0x08005348        0x4 CMakeFiles/stm32u585q_liqsim.dir/Core/Src/stm32u5xx_it.c.obj
                0x08005348                PendSV_Handler
 .text.SysTick_Handler
                0x0800534c        0x4 CMakeFiles/stm32u585q_liqsim.dir/Core/Src/stm32u5xx_it.c.obj
                0x0800534c                SysTick_Handler
 .text.GPDMA1_Channel0_IRQHandler
                0x08005350        0xc CMakeFiles/stm32u585q_liqsim.dir/Core/Src/stm32u5xx_it.c.obj
                0x08005350                GPDMA1_Channel0_IRQHandler
 .text.TIM17_IRQHandler
                0x0800535c       0x18 CMakeFiles/stm32u585q_liqsim.dir/Core/Src/stm32u5xx_it.c.obj
                0x0800535c                TIM17_IRQHandler
 .text.I2C4_EV_IRQHandler
                0x08005374        0xc CMakeFiles/stm32u585q_liqsim.dir/Core/Src/stm32u5xx_it.c.obj
                0x08005374                I2C4_EV_IRQHandler
 .text.I2C4_ER_IRQHandler
                0x08005380        0xc CMakeFiles/stm32u585q_liqsim.dir/Core/Src/stm32u5xx_it.c.obj
                0x08005380                I2C4_ER_IRQHandler
 .text.HAL_MspInit
                0x0800538c       0x24 CMakeFiles/stm32u585q_liqsim.dir/Core/Src/stm32u5xx_hal_msp.c.obj
                0x0800538c                HAL_MspInit
 .text.HAL_I2C_MspInit
                0x080053b0      0x180 CMakeFiles/stm32u585q_liqsim.dir/Core/Src/stm32u5xx_hal_msp.c.obj
                0x080053b0                HAL_I2C_MspInit
 .text.HAL_TIM_Base_MspInit
                0x08005530       0x74 CMakeFiles/stm32u585q_liqsim.dir/Core/Src/stm32u5xx_hal_msp.c.obj
                0x08005530                HAL_TIM_Base_MspInit
 .text.Reset_Handler
                0x080055a4       0x50 CMakeFiles/stm32u585q_liqsim.dir/startup_stm32u585xx.s.obj
                0x080055a4                Reset_Handler
 .text.Default_Handler
                0x080055f4        0x2 CMakeFiles/stm32u585q_liqsim.dir/startup_stm32u585xx.s.obj
                0x080055f4                HASH_IRQHandler
                0x080055f4                TIM8_TRG_COM_IRQHandler
                0x080055f4                TIM8_CC_IRQHandler
                0x080055f4                EXTI5_IRQHandler
                0x080055f4                FLASH_S_IRQHandler
                0x080055f4                EXTI13_IRQHandler
                0x080055f4                TIM1_CC_IRQHandler
                0x080055f4                TSC_IRQHandler
                0x080055f4                TAMP_IRQHandler
                0x080055f4                TIM6_IRQHandler
                0x080055f4                EXTI12_IRQHandler
                0x080055f4                CORDIC_IRQHandler
                0x080055f4                EXTI3_IRQHandler
                0x080055f4                LPTIM4_IRQHandler
                0x080055f4                GPDMA1_Channel5_IRQHandler
                0x080055f4                EXTI8_IRQHandler
                0x080055f4                LPTIM2_IRQHandler
                0x080055f4                I2C3_ER_IRQHandler
                0x080055f4                PWR_S3WU_IRQHandler
                0x080055f4                MDF1_FLT2_IRQHandler
                0x080055f4                LPDMA1_Channel3_IRQHandler
                0x080055f4                LPTIM3_IRQHandler
                0x080055f4                EXTI0_IRQHandler
                0x080055f4                I2C2_EV_IRQHandler
                0x080055f4                FPU_IRQHandler
                0x080055f4                GPDMA1_Channel3_IRQHandler
                0x080055f4                GPDMA1_Channel7_IRQHandler
                0x080055f4                MDF1_FLT4_IRQHandler
                0x080055f4                FDCAN1_IT1_IRQHandler
                0x080055f4                RAMCFG_IRQHandler
                0x080055f4                GPDMA1_Channel9_IRQHandler
                0x080055f4                DCACHE1_IRQHandler
                0x080055f4                SPI1_IRQHandler
                0x080055f4                OCTOSPI1_IRQHandler
                0x080055f4                GPDMA1_Channel2_IRQHandler
                0x080055f4                TIM8_UP_IRQHandler
                0x080055f4                RCC_S_IRQHandler
                0x080055f4                OCTOSPI2_IRQHandler
                0x080055f4                SAI2_IRQHandler
                0x080055f4                MDF1_FLT1_IRQHandler
                0x080055f4                ADC1_IRQHandler
                0x080055f4                PKA_IRQHandler
                0x080055f4                MDF1_FLT5_IRQHandler
                0x080055f4                EXTI15_IRQHandler
                0x080055f4                USART3_IRQHandler
                0x080055f4                RTC_IRQHandler
                0x080055f4                EXTI9_IRQHandler
                0x080055f4                UART5_IRQHandler
                0x080055f4                TIM4_IRQHandler
                0x080055f4                I2C1_EV_IRQHandler
                0x080055f4                GPDMA1_Channel12_IRQHandler
                0x080055f4                GPDMA1_Channel1_IRQHandler
                0x080055f4                TIM16_IRQHandler
                0x080055f4                GPDMA1_Channel15_IRQHandler
                0x080055f4                UART4_IRQHandler
                0x080055f4                SecureFault_Handler
                0x080055f4                TIM3_IRQHandler
                0x080055f4                RCC_IRQHandler
                0x080055f4                TIM1_TRG_COM_IRQHandler
                0x080055f4                Default_Handler
                0x080055f4                GPDMA1_Channel8_IRQHandler
                0x080055f4                FMAC_IRQHandler
                0x080055f4                OTFDEC1_IRQHandler
                0x080055f4                GPDMA1_Channel11_IRQHandler
                0x080055f4                TIM7_IRQHandler
                0x080055f4                SDMMC1_IRQHandler
                0x080055f4                SAES_IRQHandler
                0x080055f4                TIM5_IRQHandler
                0x080055f4                UCPD1_IRQHandler
                0x080055f4                TIM15_IRQHandler
                0x080055f4                I2C3_EV_IRQHandler
                0x080055f4                LPDMA1_Channel0_IRQHandler
                0x080055f4                PVD_PVM_IRQHandler
                0x080055f4                SPI2_IRQHandler
                0x080055f4                LPDMA1_Channel1_IRQHandler
                0x080055f4                EXTI14_IRQHandler
                0x080055f4                EXTI11_IRQHandler
                0x080055f4                OTFDEC2_IRQHandler
                0x080055f4                CRS_IRQHandler
                0x080055f4                GPDMA1_Channel14_IRQHandler
                0x080055f4                LSECSSD_IRQHandler
                0x080055f4                EXTI4_IRQHandler
                0x080055f4                RTC_S_IRQHandler
                0x080055f4                GPDMA1_Channel13_IRQHandler
                0x080055f4                RNG_IRQHandler
                0x080055f4                COMP_IRQHandler
                0x080055f4                TIM1_UP_IRQHandler
                0x080055f4                ADC4_IRQHandler
                0x080055f4                WWDG_IRQHandler
                0x080055f4                ADF1_IRQHandler
                0x080055f4                IWDG_IRQHandler
                0x080055f4                LPUART1_IRQHandler
                0x080055f4                MDF1_FLT0_IRQHandler
                0x080055f4                FDCAN1_IT0_IRQHandler
                0x080055f4                TIM2_IRQHandler
                0x080055f4                GPDMA1_Channel4_IRQHandler
                0x080055f4                EXTI7_IRQHandler
                0x080055f4                DMA2D_IRQHandler
                0x080055f4                TIM1_BRK_IRQHandler
                0x080055f4                EXTI1_IRQHandler
                0x080055f4                SDMMC2_IRQHandler
                0x080055f4                AES_IRQHandler
                0x080055f4                DAC1_IRQHandler
                0x080055f4                GTZC_IRQHandler
                0x080055f4                MDF1_FLT3_IRQHandler
                0x080055f4                USART2_IRQHandler
                0x080055f4                GPDMA1_Channel6_IRQHandler
                0x080055f4                I2C2_ER_IRQHandler
                0x080055f4                TIM8_BRK_IRQHandler
                0x080055f4                FLASH_IRQHandler
                0x080055f4                USART1_IRQHandler
                0x080055f4                EXTI10_IRQHandler
                0x080055f4                OTG_FS_IRQHandler
                0x080055f4                SPI3_IRQHandler
                0x080055f4                LPDMA1_Channel2_IRQHandler
                0x080055f4                I2C1_ER_IRQHandler
                0x080055f4                FMC_IRQHandler
                0x080055f4                EXTI6_IRQHandler
                0x080055f4                LPTIM1_IRQHandler
                0x080055f4                DCMI_PSSI_IRQHandler
                0x080055f4                GPDMA1_Channel10_IRQHandler
                0x080055f4                ICACHE_IRQHandler
                0x080055f4                SAI1_IRQHandler
                0x080055f4                EXTI2_IRQHandler
 *fill*         0x080055f6        0x2 
 .text.Liq_Convert_Image_To_DMA
                0x080055f8       0xa8 CMakeFiles/stm32u585q_liqsim.dir/Core/Src/liqsim.c.obj
                0x080055f8                Liq_Convert_Image_To_DMA
 .text.Fluid_Integrate_Particles
                0x080056a0       0xbc CMakeFiles/stm32u585q_liqsim.dir/Core/Src/flip_fluid.c.obj
                0x080056a0                Fluid_Integrate_Particles
 *fill*         0x0800575c        0x4 
 .text.Fluid_Push_Particle_Apart
                0x08005760      0x554 CMakeFiles/stm32u585q_liqsim.dir/Core/Src/flip_fluid.c.obj
                0x08005760                Fluid_Push_Particle_Apart
 .text.Fluid_Handle_Collisions
                0x08005cb4      0x160 CMakeFiles/stm32u585q_liqsim.dir/Core/Src/flip_fluid.c.obj
                0x08005cb4                Fluid_Handle_Collisions
 .text.Fluid_Update_Density
                0x08005e14      0x290 CMakeFiles/stm32u585q_liqsim.dir/Core/Src/flip_fluid.c.obj
                0x08005e14                Fluid_Update_Density
 .text.Fluid_Transfer_Velocities
                0x080060a4      0x6d0 CMakeFiles/stm32u585q_liqsim.dir/Core/Src/flip_fluid.c.obj
                0x080060a4                Fluid_Transfer_Velocities
 .text.Fluid_Solve_Incompressibility
                0x08006774      0x1e4 CMakeFiles/stm32u585q_liqsim.dir/Core/Src/flip_fluid.c.obj
                0x08006774                Fluid_Solve_Incompressibility
 .text.Fluid_Simulate
                0x08006958       0x6c CMakeFiles/stm32u585q_liqsim.dir/Core/Src/flip_fluid.c.obj
                0x08006958                Fluid_Simulate
 .text.Fluid_Create_Particles
                0x080069c4       0xd4 CMakeFiles/stm32u585q_liqsim.dir/Core/Src/flip_fluid.c.obj
                0x080069c4                Fluid_Create_Particles
 .text.Fluid_Init
                0x08006a98      0x2b4 CMakeFiles/stm32u585q_liqsim.dir/Core/Src/flip_fluid.c.obj
                0x08006a98                Fluid_Init
 .text.Fluid_Draw
                0x08006d4c       0x70 CMakeFiles/stm32u585q_liqsim.dir/Core/Src/flip_fluid.c.obj
                0x08006d4c                Fluid_Draw
 .text.MPU6050_Init
                0x08006dbc       0x38 CMakeFiles/stm32u585q_liqsim.dir/Core/Src/mpu6050.c.obj
                0x08006dbc                MPU6050_Init
 .text.MPU6050_Read_Accel_DMA
                0x08006df4       0x1c CMakeFiles/stm32u585q_liqsim.dir/Core/Src/mpu6050.c.obj
                0x08006df4                MPU6050_Read_Accel_DMA
 .text.__errno  0x08006e10        0xc /opt/ST/STM32CubeCLT_1.16.0/GNU-tools-for-STM32/bin/../lib/gcc/arm-none-eabi/12.3.1/../../../../arm-none-eabi/lib/thumb/v8-m.main+fp/hard/libg_nano.a(libc_a-errno.o)
                0x08006e10                __errno
 .text.memcpy   0x08006e1c       0x1a /opt/ST/STM32CubeCLT_1.16.0/GNU-tools-for-STM32/bin/../lib/gcc/arm-none-eabi/12.3.1/../../../../arm-none-eabi/lib/thumb/v8-m.main+fp/hard/libg_nano.a(libc_a-memcpy-stub.o)
                0x08006e1c                memcpy
 .text.fmin     0x08006e36       0x54 /opt/ST/STM32CubeCLT_1.16.0/GNU-tools-for-STM32/bin/../lib/gcc/arm-none-eabi/12.3.1/../../../../arm-none-eabi/lib/thumb/v8-m.main+fp/hard/libm.a(libm_a-s_fmin.o)
                0x08006e36                fmin
 *fill*         0x08006e8a        0x2 
 .text.__fpclassifyd
                0x08006e8c       0x54 /opt/ST/STM32CubeCLT_1.16.0/GNU-tools-for-STM32/bin/../lib/gcc/arm-none-eabi/12.3.1/../../../../arm-none-eabi/lib/thumb/v8-m.main+fp/hard/libm.a(libm_a-s_fpclassify.o)
                0x08006e8c                __fpclassifyd
 .text.sqrt     0x08006ee0       0x58 /opt/ST/STM32CubeCLT_1.16.0/GNU-tools-for-STM32/bin/../lib/gcc/arm-none-eabi/12.3.1/../../../../arm-none-eabi/lib/thumb/v8-m.main+fp/hard/libm.a(libm_a-w_sqrt.o)
                0x08006ee0                sqrt
 .text.__ieee754_sqrt
                0x08006f38      0x1bc /opt/ST/STM32CubeCLT_1.16.0/GNU-tools-for-STM32/bin/../lib/gcc/arm-none-eabi/12.3.1/../../../../arm-none-eabi/lib/thumb/v8-m.main+fp/hard/libm.a(libm_a-e_sqrt.o)
                0x08006f38                __ieee754_sqrt
 *fill*         0x080070f4        0x4 
 .text.floor    0x080070f8      0x100 /opt/ST/STM32CubeCLT_1.16.0/GNU-tools-for-STM32/bin/../lib/gcc/arm-none-eabi/12.3.1/../../../../arm-none-eabi/lib/thumb/v8-m.main+fp/hard/libm.a(libm_a-s_floor.o)
                0x080070f8                floor
 .text.fmax     0x080071f8       0x54 /opt/ST/STM32CubeCLT_1.16.0/GNU-tools-for-STM32/bin/../lib/gcc/arm-none-eabi/12.3.1/../../../../arm-none-eabi/lib/thumb/v8-m.main+fp/hard/libm.a(libm_a-s_fmax.o)
                0x080071f8                fmax
 *(.glue_7)
 .glue_7        0x0800724c        0x0 linker stubs
 *(.glue_7t)
 .glue_7t       0x0800724c        0x0 linker stubs
 *(.eh_frame)
 .eh_frame      0x0800724c        0x0 /opt/ST/STM32CubeCLT_1.16.0/GNU-tools-for-STM32/bin/../lib/gcc/arm-none-eabi/12.3.1/thumb/v8-m.main+fp/hard/crtbegin.o
 *(.init)
 .init          0x0800724c        0x4 /opt/ST/STM32CubeCLT_1.16.0/GNU-tools-for-STM32/bin/../lib/gcc/arm-none-eabi/12.3.1/thumb/v8-m.main+fp/hard/crti.o
                0x0800724c                _init
 .init          0x08007250        0x8 /opt/ST/STM32CubeCLT_1.16.0/GNU-tools-for-STM32/bin/../lib/gcc/arm-none-eabi/12.3.1/thumb/v8-m.main+fp/hard/crtn.o
 *(.fini)
 .fini          0x08007258        0x4 /opt/ST/STM32CubeCLT_1.16.0/GNU-tools-for-STM32/bin/../lib/gcc/arm-none-eabi/12.3.1/thumb/v8-m.main+fp/hard/crti.o
                0x08007258                _fini
 .fini          0x0800725c        0x8 /opt/ST/STM32CubeCLT_1.16.0/GNU-tools-for-STM32/bin/../lib/gcc/arm-none-eabi/12.3.1/thumb/v8-m.main+fp/hard/crtn.o
                0x08007268                        . = ALIGN (0x8)
 *fill*         0x08007264        0x4 
                0x08007268                        _etext = .

.vfp11_veneer   0x08007268        0x0
 .vfp11_veneer  0x08007268        0x0 linker stubs

.v4_bx          0x08007268        0x0
 .v4_bx         0x08007268        0x0 linker stubs

.iplt           0x08007268        0x0
 .iplt          0x08007268        0x0 /opt/ST/STM32CubeCLT_1.16.0/GNU-tools-for-STM32/bin/../lib/gcc/arm-none-eabi/12.3.1/thumb/v8-m.main+fp/hard/crtbegin.o

.rodata         0x08007268      0x600
                0x08007268                        . = ALIGN (0x8)
 *(.rodata)
 *(.rodata*)
 .rodata.MSIRangeTable
                0x08007268       0x40 cmake/stm32cubemx/CMakeFiles/STM32_Drivers.dir/__/__/Core/Src/system_stm32u5xx.c.obj
                0x08007268                MSIRangeTable
 .rodata.AHBPrescTable
                0x080072a8       0x10 cmake/stm32cubemx/CMakeFiles/STM32_Drivers.dir/__/__/Core/Src/system_stm32u5xx.c.obj
                0x080072a8                AHBPrescTable
 .rodata.LPGPIO_Map
                0x080072b8       0x80 cmake/stm32cubemx/CMakeFiles/STM32_Drivers.dir/__/__/Drivers/STM32U5xx_HAL_Driver/Src/stm32u5xx_hal_gpio.c.obj
 .rodata.Liq_Display_Mask
                0x08007338       0x20 CMakeFiles/stm32u585q_liqsim.dir/Core/Src/liqsim_const.c.obj
                0x08007338                Liq_Display_Mask
 .rodata.Liq_MODER
                0x08007358      0x360 CMakeFiles/stm32u585q_liqsim.dir/Core/Src/liqsim_const.c.obj
                0x08007358                Liq_MODER
 .rodata.Liq_ODR
                0x080076b8      0x1b0 CMakeFiles/stm32u585q_liqsim.dir/Core/Src/liqsim_const.c.obj
                0x080076b8                Liq_ODR
                0x08007868                        . = ALIGN (0x8)

.ARM.extab      0x08007868        0x0
                0x08007868                        . = ALIGN (0x8)
 *(.ARM.extab* .gnu.linkonce.armextab.*)
                0x08007868                        . = ALIGN (0x8)

.ARM            0x08007868        0x0
                0x08007868                        . = ALIGN (0x8)
                0x08007868                        __exidx_start = .
 *(.ARM.exidx*)
                0x08007868                        __exidx_end = .
                0x08007868                        . = ALIGN (0x8)

.preinit_array  0x08007868        0x0
                0x08007868                        . = ALIGN (0x8)
                0x08007868                        PROVIDE (__preinit_array_start = .)
 *(.preinit_array*)
                0x08007868                        PROVIDE (__preinit_array_end = .)
                0x08007868                        . = ALIGN (0x8)

.init_array     0x08007868        0x8
                0x08007868                        . = ALIGN (0x8)
                0x08007868                        PROVIDE (__init_array_start = .)
 *(SORT_BY_NAME(.init_array.*))
 *(.init_array*)
 .init_array    0x08007868        0x4 /opt/ST/STM32CubeCLT_1.16.0/GNU-tools-for-STM32/bin/../lib/gcc/arm-none-eabi/12.3.1/thumb/v8-m.main+fp/hard/crtbegin.o
                0x0800786c                        PROVIDE (__init_array_end = .)
                0x08007870                        . = ALIGN (0x8)
 *fill*         0x0800786c        0x4 

.fini_array     0x08007870        0x8
                0x08007870                        . = ALIGN (0x8)
                [!provide]                        PROVIDE (__fini_array_start = .)
 *(SORT_BY_NAME(.fini_array.*))
 *(.fini_array*)
 .fini_array    0x08007870        0x4 /opt/ST/STM32CubeCLT_1.16.0/GNU-tools-for-STM32/bin/../lib/gcc/arm-none-eabi/12.3.1/thumb/v8-m.main+fp/hard/crtbegin.o
                [!provide]                        PROVIDE (__fini_array_end = .)
                0x08007878                        . = ALIGN (0x8)
 *fill*         0x08007874        0x4 
                0x08007878                        _sidata = LOADADDR (.data)

.rel.dyn        0x08007878        0x0
 .rel.iplt      0x08007878        0x0 /opt/ST/STM32CubeCLT_1.16.0/GNU-tools-for-STM32/bin/../lib/gcc/arm-none-eabi/12.3.1/thumb/v8-m.main+fp/hard/crtbegin.o

.data           0x20000000       0x90 load address 0x08007878
                0x20000000                        . = ALIGN (0x8)
                0x20000000                        _sdata = .
 *(.data)
 *(.data*)
 .data._impure_ptr
                0x20000000        0x4 /opt/ST/STM32CubeCLT_1.16.0/GNU-tools-for-STM32/bin/../lib/gcc/arm-none-eabi/12.3.1/../../../../arm-none-eabi/lib/thumb/v8-m.main+fp/hard/libc_nano.a(libc_a-impure.o)
                0x20000000                _impure_ptr
 .data._impure_data
                0x20000004       0x4c /opt/ST/STM32CubeCLT_1.16.0/GNU-tools-for-STM32/bin/../lib/gcc/arm-none-eabi/12.3.1/../../../../arm-none-eabi/lib/thumb/v8-m.main+fp/hard/libc_nano.a(libc_a-impure.o)
                0x20000004                _impure_data
 .data.SystemCoreClock
                0x20000050        0x4 cmake/stm32cubemx/CMakeFiles/STM32_Drivers.dir/__/__/Core/Src/system_stm32u5xx.c.obj
                0x20000050                SystemCoreClock
 .data.uwTickFreq
                0x20000054        0x1 cmake/stm32cubemx/CMakeFiles/STM32_Drivers.dir/__/__/Drivers/STM32U5xx_HAL_Driver/Src/stm32u5xx_hal.c.obj
                0x20000054                uwTickFreq
 *fill*         0x20000055        0x3 
 .data.uwTickPrio
                0x20000058        0x4 cmake/stm32cubemx/CMakeFiles/STM32_Drivers.dir/__/__/Drivers/STM32U5xx_HAL_Driver/Src/stm32u5xx_hal.c.obj
                0x20000058                uwTickPrio
 .data.App_Running_Flag
                0x2000005c        0x4 CMakeFiles/stm32u585q_liqsim.dir/Core/Src/main.c.obj
                0x2000005c                App_Running_Flag
 .data.Liq_Display_Buffer
                0x20000060       0x20 CMakeFiles/stm32u585q_liqsim.dir/Core/Src/main.c.obj
                0x20000060                Liq_Display_Buffer
 .data.tiny     0x20000080        0x8 /opt/ST/STM32CubeCLT_1.16.0/GNU-tools-for-STM32/bin/../lib/gcc/arm-none-eabi/12.3.1/../../../../arm-none-eabi/lib/thumb/v8-m.main+fp/hard/libm.a(libm_a-e_sqrt.o)
 .data.one      0x20000088        0x8 /opt/ST/STM32CubeCLT_1.16.0/GNU-tools-for-STM32/bin/../lib/gcc/arm-none-eabi/12.3.1/../../../../arm-none-eabi/lib/thumb/v8-m.main+fp/hard/libm.a(libm_a-e_sqrt.o)
                0x20000090                        . = ALIGN (0x8)
                0x20000090                        _edata = .

.igot.plt       0x20000090        0x0 load address 0x08007908
 .igot.plt      0x20000090        0x0 /opt/ST/STM32CubeCLT_1.16.0/GNU-tools-for-STM32/bin/../lib/gcc/arm-none-eabi/12.3.1/thumb/v8-m.main+fp/hard/crtbegin.o
                0x20000090                        . = ALIGN (0x8)

.bss            0x20000090     0xc278 load address 0x08007908
                0x20000090                        _sbss = .
                0x20000090                        __bss_start__ = _sbss
 *(.bss)
 .bss           0x20000090       0x1c /opt/ST/STM32CubeCLT_1.16.0/GNU-tools-for-STM32/bin/../lib/gcc/arm-none-eabi/12.3.1/thumb/v8-m.main+fp/hard/crtbegin.o
 *(.bss*)
 .bss.__sf      0x200000ac      0x138 /opt/ST/STM32CubeCLT_1.16.0/GNU-tools-for-STM32/bin/../lib/gcc/arm-none-eabi/12.3.1/../../../../arm-none-eabi/lib/thumb/v8-m.main+fp/hard/libc_nano.a(libc_a-findfp.o)
                0x200000ac                __sf
 .bss.uwTick    0x200001e4        0x4 cmake/stm32cubemx/CMakeFiles/STM32_Drivers.dir/__/__/Drivers/STM32U5xx_HAL_Driver/Src/stm32u5xx_hal.c.obj
                0x200001e4                uwTick
 .bss.mpu6050   0x200001e8       0x10 CMakeFiles/stm32u585q_liqsim.dir/Core/Src/main.c.obj
 .bss.fluid     0x200001f8     0xb3e0 CMakeFiles/stm32u585q_liqsim.dir/Core/Src/main.c.obj
 .bss.htim17    0x2000b5d8       0x4c CMakeFiles/stm32u585q_liqsim.dir/Core/Src/main.c.obj
                0x2000b5d8                htim17
 *fill*         0x2000b624        0x4 
 .bss.htim15    0x2000b628       0x4c CMakeFiles/stm32u585q_liqsim.dir/Core/Src/main.c.obj
                0x2000b628                htim15
 .bss.handle_GPDMA1_Channel0
                0x2000b674       0x78 CMakeFiles/stm32u585q_liqsim.dir/Core/Src/main.c.obj
                0x2000b674                handle_GPDMA1_Channel0
 .bss.List_GPDMA1_Channel0
                0x2000b6ec       0x18 CMakeFiles/stm32u585q_liqsim.dir/Core/Src/main.c.obj
                0x2000b6ec                List_GPDMA1_Channel0
 .bss.Node_GPDMA1_Channel0
                0x2000b704       0x24 CMakeFiles/stm32u585q_liqsim.dir/Core/Src/main.c.obj
                0x2000b704                Node_GPDMA1_Channel0
 .bss.hi2c4     0x2000b728       0x54 CMakeFiles/stm32u585q_liqsim.dir/Core/Src/main.c.obj
                0x2000b728                hi2c4
 .bss.handle_GPDMA1_Channel14
                0x2000b77c       0x78 CMakeFiles/stm32u585q_liqsim.dir/Core/Src/main.c.obj
                0x2000b77c                handle_GPDMA1_Channel14
 .bss.List_GPDMA1_Channel14
                0x2000b7f4       0x18 CMakeFiles/stm32u585q_liqsim.dir/Core/Src/main.c.obj
                0x2000b7f4                List_GPDMA1_Channel14
 .bss.Node_GPDMA1_Channel14
                0x2000b80c       0x24 CMakeFiles/stm32u585q_liqsim.dir/Core/Src/main.c.obj
                0x2000b80c                Node_GPDMA1_Channel14
 .bss.handle_GPDMA1_Channel15
                0x2000b830       0x78 CMakeFiles/stm32u585q_liqsim.dir/Core/Src/main.c.obj
                0x2000b830                handle_GPDMA1_Channel15
 .bss.List_GPDMA1_Channel15
                0x2000b8a8       0x18 CMakeFiles/stm32u585q_liqsim.dir/Core/Src/main.c.obj
                0x2000b8a8                List_GPDMA1_Channel15
 .bss.Node_GPDMA1_Channel15
                0x2000b8c0       0x24 CMakeFiles/stm32u585q_liqsim.dir/Core/Src/main.c.obj
                0x2000b8c0                Node_GPDMA1_Channel15
 .bss.Liq_DMA_Buffer_MODER
                0x2000b8e4      0x6c0 CMakeFiles/stm32u585q_liqsim.dir/Core/Src/liqsim.c.obj
                0x2000b8e4                Liq_DMA_Buffer_MODER
 .bss.Liq_DMA_Buffer_ODR
                0x2000bfa4      0x360 CMakeFiles/stm32u585q_liqsim.dir/Core/Src/liqsim.c.obj
                0x2000bfa4                Liq_DMA_Buffer_ODR
 *(COMMON)
                0x2000c308                        . = ALIGN (0x8)
 *fill*         0x2000c304        0x4 
                0x2000c308                        _ebss = .
                0x2000c308                        __bss_end__ = _ebss

._user_heap_stack
                0x2000c308      0x600 load address 0x08007908
                0x2000c308                        . = ALIGN (0x8)
                [!provide]                        PROVIDE (end = .)
                0x2000c308                        PROVIDE (_end = .)
                0x2000c508                        . = (. + _Min_Heap_Size)
 *fill*         0x2000c308      0x200 
                0x2000c908                        . = (. + _Min_Stack_Size)
 *fill*         0x2000c508      0x400 
                0x2000c908                        . = ALIGN (0x8)

/DISCARD/
 libc.a(*)
 libm.a(*)
 libgcc.a(*)

.ARM.attributes
                0x00000000       0x36
 *(.ARM.attributes)
 .ARM.attributes
                0x00000000       0x26 /opt/ST/STM32CubeCLT_1.16.0/GNU-tools-for-STM32/bin/../lib/gcc/arm-none-eabi/12.3.1/thumb/v8-m.main+fp/hard/crti.o
 .ARM.attributes
                0x00000026       0x38 /opt/ST/STM32CubeCLT_1.16.0/GNU-tools-for-STM32/bin/../lib/gcc/arm-none-eabi/12.3.1/thumb/v8-m.main+fp/hard/crtbegin.o
 .ARM.attributes
                0x0000005e       0x38 /opt/ST/STM32CubeCLT_1.16.0/GNU-tools-for-STM32/bin/../lib/gcc/arm-none-eabi/12.3.1/../../../../arm-none-eabi/lib/thumb/v8-m.main+fp/hard/libc_nano.a(libc_a-findfp.o)
 .ARM.attributes
                0x00000096       0x38 /opt/ST/STM32CubeCLT_1.16.0/GNU-tools-for-STM32/bin/../lib/gcc/arm-none-eabi/12.3.1/../../../../arm-none-eabi/lib/thumb/v8-m.main+fp/hard/libc_nano.a(libc_a-memset.o)
 .ARM.attributes
                0x000000ce       0x38 /opt/ST/STM32CubeCLT_1.16.0/GNU-tools-for-STM32/bin/../lib/gcc/arm-none-eabi/12.3.1/../../../../arm-none-eabi/lib/thumb/v8-m.main+fp/hard/libc_nano.a(libc_a-impure.o)
 .ARM.attributes
                0x00000106       0x38 /opt/ST/STM32CubeCLT_1.16.0/GNU-tools-for-STM32/bin/../lib/gcc/arm-none-eabi/12.3.1/../../../../arm-none-eabi/lib/thumb/v8-m.main+fp/hard/libc_nano.a(libc_a-init.o)
 .ARM.attributes
                0x0000013e       0x3a cmake/stm32cubemx/CMakeFiles/STM32_Drivers.dir/__/__/Core/Src/system_stm32u5xx.c.obj
 .ARM.attributes
                0x00000178       0x3a cmake/stm32cubemx/CMakeFiles/STM32_Drivers.dir/__/__/Drivers/STM32U5xx_HAL_Driver/Src/stm32u5xx_hal_cortex.c.obj
 .ARM.attributes
                0x000001b2       0x3a cmake/stm32cubemx/CMakeFiles/STM32_Drivers.dir/__/__/Drivers/STM32U5xx_HAL_Driver/Src/stm32u5xx_hal.c.obj
 .ARM.attributes
                0x000001ec       0x3a cmake/stm32cubemx/CMakeFiles/STM32_Drivers.dir/__/__/Drivers/STM32U5xx_HAL_Driver/Src/stm32u5xx_hal_i2c.c.obj
 .ARM.attributes
                0x00000226       0x3a cmake/stm32cubemx/CMakeFiles/STM32_Drivers.dir/__/__/Drivers/STM32U5xx_HAL_Driver/Src/stm32u5xx_hal_i2c_ex.c.obj
 .ARM.attributes
                0x00000260       0x3a cmake/stm32cubemx/CMakeFiles/STM32_Drivers.dir/__/__/Drivers/STM32U5xx_HAL_Driver/Src/stm32u5xx_hal_rcc.c.obj
 .ARM.attributes
                0x0000029a       0x3a cmake/stm32cubemx/CMakeFiles/STM32_Drivers.dir/__/__/Drivers/STM32U5xx_HAL_Driver/Src/stm32u5xx_hal_rcc_ex.c.obj
 .ARM.attributes
                0x000002d4       0x3a cmake/stm32cubemx/CMakeFiles/STM32_Drivers.dir/__/__/Drivers/STM32U5xx_HAL_Driver/Src/stm32u5xx_hal_gpio.c.obj
 .ARM.attributes
                0x0000030e       0x3a cmake/stm32cubemx/CMakeFiles/STM32_Drivers.dir/__/__/Drivers/STM32U5xx_HAL_Driver/Src/stm32u5xx_hal_dma.c.obj
 .ARM.attributes
                0x00000348       0x3a cmake/stm32cubemx/CMakeFiles/STM32_Drivers.dir/__/__/Drivers/STM32U5xx_HAL_Driver/Src/stm32u5xx_hal_dma_ex.c.obj
 .ARM.attributes
                0x00000382       0x3a cmake/stm32cubemx/CMakeFiles/STM32_Drivers.dir/__/__/Drivers/STM32U5xx_HAL_Driver/Src/stm32u5xx_hal_pwr_ex.c.obj
 .ARM.attributes
                0x000003bc       0x3a cmake/stm32cubemx/CMakeFiles/STM32_Drivers.dir/__/__/Drivers/STM32U5xx_HAL_Driver/Src/stm32u5xx_hal_icache.c.obj
 .ARM.attributes
                0x000003f6       0x3a cmake/stm32cubemx/CMakeFiles/STM32_Drivers.dir/__/__/Drivers/STM32U5xx_HAL_Driver/Src/stm32u5xx_hal_tim.c.obj
 .ARM.attributes
                0x00000430       0x3a cmake/stm32cubemx/CMakeFiles/STM32_Drivers.dir/__/__/Drivers/STM32U5xx_HAL_Driver/Src/stm32u5xx_hal_tim_ex.c.obj
 .ARM.attributes
                0x0000046a       0x3a CMakeFiles/stm32u585q_liqsim.dir/Core/Src/main.c.obj
 .ARM.attributes
                0x000004a4       0x3a CMakeFiles/stm32u585q_liqsim.dir/Core/Src/stm32u5xx_it.c.obj
 .ARM.attributes
                0x000004de       0x3a CMakeFiles/stm32u585q_liqsim.dir/Core/Src/stm32u5xx_hal_msp.c.obj
 .ARM.attributes
                0x00000518       0x24 CMakeFiles/stm32u585q_liqsim.dir/startup_stm32u585xx.s.obj
 .ARM.attributes
                0x0000053c       0x3a CMakeFiles/stm32u585q_liqsim.dir/Core/Src/liqsim.c.obj
 .ARM.attributes
                0x00000576       0x3a CMakeFiles/stm32u585q_liqsim.dir/Core/Src/liqsim_const.c.obj
 .ARM.attributes
                0x000005b0       0x3a CMakeFiles/stm32u585q_liqsim.dir/Core/Src/flip_fluid.c.obj
 .ARM.attributes
                0x000005ea       0x3a CMakeFiles/stm32u585q_liqsim.dir/Core/Src/mpu6050.c.obj
 .ARM.attributes
                0x00000624       0x26 /opt/ST/STM32CubeCLT_1.16.0/GNU-tools-for-STM32/bin/../lib/gcc/arm-none-eabi/12.3.1/thumb/v8-m.main+fp/hard/libgcc.a(_arm_addsubdf3.o)
 .ARM.attributes
                0x0000064a       0x26 /opt/ST/STM32CubeCLT_1.16.0/GNU-tools-for-STM32/bin/../lib/gcc/arm-none-eabi/12.3.1/thumb/v8-m.main+fp/hard/libgcc.a(_arm_fixunsdfsi.o)
 .ARM.attributes
                0x00000670       0x26 /opt/ST/STM32CubeCLT_1.16.0/GNU-tools-for-STM32/bin/../lib/gcc/arm-none-eabi/12.3.1/thumb/v8-m.main+fp/hard/libgcc.a(_arm_truncdfsf2.o)
 .ARM.attributes
                0x00000696       0x38 /opt/ST/STM32CubeCLT_1.16.0/GNU-tools-for-STM32/bin/../lib/gcc/arm-none-eabi/12.3.1/../../../../arm-none-eabi/lib/thumb/v8-m.main+fp/hard/libg_nano.a(libc_a-errno.o)
 .ARM.attributes
                0x000006ce       0x38 /opt/ST/STM32CubeCLT_1.16.0/GNU-tools-for-STM32/bin/../lib/gcc/arm-none-eabi/12.3.1/../../../../arm-none-eabi/lib/thumb/v8-m.main+fp/hard/libg_nano.a(libc_a-memcpy-stub.o)
 .ARM.attributes
                0x00000706       0x26 /opt/ST/STM32CubeCLT_1.16.0/GNU-tools-for-STM32/bin/../lib/gcc/arm-none-eabi/12.3.1/thumb/v8-m.main+fp/hard/crtn.o
 .ARM.attributes
                0x0000072c       0x38 /opt/ST/STM32CubeCLT_1.16.0/GNU-tools-for-STM32/bin/../lib/gcc/arm-none-eabi/12.3.1/../../../../arm-none-eabi/lib/thumb/v8-m.main+fp/hard/libm.a(libm_a-s_fmin.o)
 .ARM.attributes
                0x00000764       0x38 /opt/ST/STM32CubeCLT_1.16.0/GNU-tools-for-STM32/bin/../lib/gcc/arm-none-eabi/12.3.1/../../../../arm-none-eabi/lib/thumb/v8-m.main+fp/hard/libm.a(libm_a-s_fpclassify.o)
 .ARM.attributes
                0x0000079c       0x38 /opt/ST/STM32CubeCLT_1.16.0/GNU-tools-for-STM32/bin/../lib/gcc/arm-none-eabi/12.3.1/../../../../arm-none-eabi/lib/thumb/v8-m.main+fp/hard/libm.a(libm_a-w_sqrt.o)
 .ARM.attributes
                0x000007d4       0x38 /opt/ST/STM32CubeCLT_1.16.0/GNU-tools-for-STM32/bin/../lib/gcc/arm-none-eabi/12.3.1/../../../../arm-none-eabi/lib/thumb/v8-m.main+fp/hard/libm.a(libm_a-e_sqrt.o)
 .ARM.attributes
                0x0000080c       0x38 /opt/ST/STM32CubeCLT_1.16.0/GNU-tools-for-STM32/bin/../lib/gcc/arm-none-eabi/12.3.1/../../../../arm-none-eabi/lib/thumb/v8-m.main+fp/hard/libm.a(libm_a-s_floor.o)
 .ARM.attributes
                0x00000844       0x38 /opt/ST/STM32CubeCLT_1.16.0/GNU-tools-for-STM32/bin/../lib/gcc/arm-none-eabi/12.3.1/../../../../arm-none-eabi/lib/thumb/v8-m.main+fp/hard/libm.a(libm_a-s_fmax.o)
 .ARM.attributes
                0x0000087c       0x26 /opt/ST/STM32CubeCLT_1.16.0/GNU-tools-for-STM32/bin/../lib/gcc/arm-none-eabi/12.3.1/thumb/v8-m.main+fp/hard/libgcc.a(_arm_muldivdf3.o)
 .ARM.attributes
                0x000008a2       0x26 /opt/ST/STM32CubeCLT_1.16.0/GNU-tools-for-STM32/bin/../lib/gcc/arm-none-eabi/12.3.1/thumb/v8-m.main+fp/hard/libgcc.a(_arm_cmpdf2.o)
 .ARM.attributes
                0x000008c8       0x26 /opt/ST/STM32CubeCLT_1.16.0/GNU-tools-for-STM32/bin/../lib/gcc/arm-none-eabi/12.3.1/thumb/v8-m.main+fp/hard/libgcc.a(_arm_unorddf2.o)
OUTPUT(stm32u585q_liqsim.elf elf32-littlearm)
LOAD linker stubs
LOAD /opt/ST/STM32CubeCLT_1.16.0/GNU-tools-for-STM32/bin/../lib/gcc/arm-none-eabi/12.3.1/../../../../arm-none-eabi/lib/thumb/v8-m.main+fp/hard/libc.a
LOAD /opt/ST/STM32CubeCLT_1.16.0/GNU-tools-for-STM32/bin/../lib/gcc/arm-none-eabi/12.3.1/../../../../arm-none-eabi/lib/thumb/v8-m.main+fp/hard/libm.a
LOAD /opt/ST/STM32CubeCLT_1.16.0/GNU-tools-for-STM32/bin/../lib/gcc/arm-none-eabi/12.3.1/thumb/v8-m.main+fp/hard/libgcc.a

.debug_frame    0x00000000     0x40ec
 .debug_frame   0x00000000      0x144 /opt/ST/STM32CubeCLT_1.16.0/GNU-tools-for-STM32/bin/../lib/gcc/arm-none-eabi/12.3.1/../../../../arm-none-eabi/lib/thumb/v8-m.main+fp/hard/libc_nano.a(libc_a-findfp.o)
 .debug_frame   0x00000144       0x20 /opt/ST/STM32CubeCLT_1.16.0/GNU-tools-for-STM32/bin/../lib/gcc/arm-none-eabi/12.3.1/../../../../arm-none-eabi/lib/thumb/v8-m.main+fp/hard/libc_nano.a(libc_a-memset.o)
 .debug_frame   0x00000164       0x2c /opt/ST/STM32CubeCLT_1.16.0/GNU-tools-for-STM32/bin/../lib/gcc/arm-none-eabi/12.3.1/../../../../arm-none-eabi/lib/thumb/v8-m.main+fp/hard/libc_nano.a(libc_a-init.o)
 .debug_frame   0x00000190       0x4c cmake/stm32cubemx/CMakeFiles/STM32_Drivers.dir/__/__/Core/Src/system_stm32u5xx.c.obj
 .debug_frame   0x000001dc      0x198 cmake/stm32cubemx/CMakeFiles/STM32_Drivers.dir/__/__/Drivers/STM32U5xx_HAL_Driver/Src/stm32u5xx_hal_cortex.c.obj
 .debug_frame   0x00000374      0x2b4 cmake/stm32cubemx/CMakeFiles/STM32_Drivers.dir/__/__/Drivers/STM32U5xx_HAL_Driver/Src/stm32u5xx_hal.c.obj
 .debug_frame   0x00000628      0x93c cmake/stm32cubemx/CMakeFiles/STM32_Drivers.dir/__/__/Drivers/STM32U5xx_HAL_Driver/Src/stm32u5xx_hal_i2c.c.obj
 .debug_frame   0x00000f64       0xf0 cmake/stm32cubemx/CMakeFiles/STM32_Drivers.dir/__/__/Drivers/STM32U5xx_HAL_Driver/Src/stm32u5xx_hal_i2c_ex.c.obj
 .debug_frame   0x00001054      0x258 cmake/stm32cubemx/CMakeFiles/STM32_Drivers.dir/__/__/Drivers/STM32U5xx_HAL_Driver/Src/stm32u5xx_hal_rcc.c.obj
 .debug_frame   0x000012ac      0x3f0 cmake/stm32cubemx/CMakeFiles/STM32_Drivers.dir/__/__/Drivers/STM32U5xx_HAL_Driver/Src/stm32u5xx_hal_rcc_ex.c.obj
 .debug_frame   0x0000169c      0x178 cmake/stm32cubemx/CMakeFiles/STM32_Drivers.dir/__/__/Drivers/STM32U5xx_HAL_Driver/Src/stm32u5xx_hal_gpio.c.obj
 .debug_frame   0x00001814      0x1b0 cmake/stm32cubemx/CMakeFiles/STM32_Drivers.dir/__/__/Drivers/STM32U5xx_HAL_Driver/Src/stm32u5xx_hal_dma.c.obj
 .debug_frame   0x000019c4      0x680 cmake/stm32cubemx/CMakeFiles/STM32_Drivers.dir/__/__/Drivers/STM32U5xx_HAL_Driver/Src/stm32u5xx_hal_dma_ex.c.obj
 .debug_frame   0x00002044      0x3f4 cmake/stm32cubemx/CMakeFiles/STM32_Drivers.dir/__/__/Drivers/STM32U5xx_HAL_Driver/Src/stm32u5xx_hal_pwr_ex.c.obj
 .debug_frame   0x00002438      0x18c cmake/stm32cubemx/CMakeFiles/STM32_Drivers.dir/__/__/Drivers/STM32U5xx_HAL_Driver/Src/stm32u5xx_hal_icache.c.obj
 .debug_frame   0x000025c4      0xb8c cmake/stm32cubemx/CMakeFiles/STM32_Drivers.dir/__/__/Drivers/STM32U5xx_HAL_Driver/Src/stm32u5xx_hal_tim.c.obj
 .debug_frame   0x00003150      0x650 cmake/stm32cubemx/CMakeFiles/STM32_Drivers.dir/__/__/Drivers/STM32U5xx_HAL_Driver/Src/stm32u5xx_hal_tim_ex.c.obj
 .debug_frame   0x000037a0       0x80 CMakeFiles/stm32u585q_liqsim.dir/Core/Src/main.c.obj
 .debug_frame   0x00003820       0xe8 CMakeFiles/stm32u585q_liqsim.dir/Core/Src/stm32u5xx_it.c.obj
 .debug_frame   0x00003908       0xac CMakeFiles/stm32u585q_liqsim.dir/Core/Src/stm32u5xx_hal_msp.c.obj
 .debug_frame   0x000039b4       0x3c CMakeFiles/stm32u585q_liqsim.dir/Core/Src/liqsim.c.obj
 .debug_frame   0x000039f0      0x2a4 CMakeFiles/stm32u585q_liqsim.dir/Core/Src/flip_fluid.c.obj
 .debug_frame   0x00003c94       0x94 CMakeFiles/stm32u585q_liqsim.dir/Core/Src/mpu6050.c.obj
 .debug_frame   0x00003d28       0xac /opt/ST/STM32CubeCLT_1.16.0/GNU-tools-for-STM32/bin/../lib/gcc/arm-none-eabi/12.3.1/thumb/v8-m.main+fp/hard/libgcc.a(_arm_addsubdf3.o)
 .debug_frame   0x00003dd4       0x24 /opt/ST/STM32CubeCLT_1.16.0/GNU-tools-for-STM32/bin/../lib/gcc/arm-none-eabi/12.3.1/thumb/v8-m.main+fp/hard/libgcc.a(_arm_fixunsdfsi.o)
 .debug_frame   0x00003df8       0x24 /opt/ST/STM32CubeCLT_1.16.0/GNU-tools-for-STM32/bin/../lib/gcc/arm-none-eabi/12.3.1/thumb/v8-m.main+fp/hard/libgcc.a(_arm_truncdfsf2.o)
 .debug_frame   0x00003e1c       0x20 /opt/ST/STM32CubeCLT_1.16.0/GNU-tools-for-STM32/bin/../lib/gcc/arm-none-eabi/12.3.1/../../../../arm-none-eabi/lib/thumb/v8-m.main+fp/hard/libg_nano.a(libc_a-errno.o)
 .debug_frame   0x00003e3c       0x28 /opt/ST/STM32CubeCLT_1.16.0/GNU-tools-for-STM32/bin/../lib/gcc/arm-none-eabi/12.3.1/../../../../arm-none-eabi/lib/thumb/v8-m.main+fp/hard/libg_nano.a(libc_a-memcpy-stub.o)
 .debug_frame   0x00003e64       0x44 /opt/ST/STM32CubeCLT_1.16.0/GNU-tools-for-STM32/bin/../lib/gcc/arm-none-eabi/12.3.1/../../../../arm-none-eabi/lib/thumb/v8-m.main+fp/hard/libm.a(libm_a-s_fmin.o)
 .debug_frame   0x00003ea8       0x28 /opt/ST/STM32CubeCLT_1.16.0/GNU-tools-for-STM32/bin/../lib/gcc/arm-none-eabi/12.3.1/../../../../arm-none-eabi/lib/thumb/v8-m.main+fp/hard/libm.a(libm_a-s_fpclassify.o)
 .debug_frame   0x00003ed0       0x3c /opt/ST/STM32CubeCLT_1.16.0/GNU-tools-for-STM32/bin/../lib/gcc/arm-none-eabi/12.3.1/../../../../arm-none-eabi/lib/thumb/v8-m.main+fp/hard/libm.a(libm_a-w_sqrt.o)
 .debug_frame   0x00003f0c       0x38 /opt/ST/STM32CubeCLT_1.16.0/GNU-tools-for-STM32/bin/../lib/gcc/arm-none-eabi/12.3.1/../../../../arm-none-eabi/lib/thumb/v8-m.main+fp/hard/libm.a(libm_a-e_sqrt.o)
 .debug_frame   0x00003f44       0x30 /opt/ST/STM32CubeCLT_1.16.0/GNU-tools-for-STM32/bin/../lib/gcc/arm-none-eabi/12.3.1/../../../../arm-none-eabi/lib/thumb/v8-m.main+fp/hard/libm.a(libm_a-s_floor.o)
 .debug_frame   0x00003f74       0x44 /opt/ST/STM32CubeCLT_1.16.0/GNU-tools-for-STM32/bin/../lib/gcc/arm-none-eabi/12.3.1/../../../../arm-none-eabi/lib/thumb/v8-m.main+fp/hard/libm.a(libm_a-s_fmax.o)
 .debug_frame   0x00003fb8       0x50 /opt/ST/STM32CubeCLT_1.16.0/GNU-tools-for-STM32/bin/../lib/gcc/arm-none-eabi/12.3.1/thumb/v8-m.main+fp/hard/libgcc.a(_arm_muldivdf3.o)
 .debug_frame   0x00004008       0xc4 /opt/ST/STM32CubeCLT_1.16.0/GNU-tools-for-STM32/bin/../lib/gcc/arm-none-eabi/12.3.1/thumb/v8-m.main+fp/hard/libgcc.a(_arm_cmpdf2.o)
 .debug_frame   0x000040cc       0x20 /opt/ST/STM32CubeCLT_1.16.0/GNU-tools-for-STM32/bin/../lib/gcc/arm-none-eabi/12.3.1/thumb/v8-m.main+fp/hard/libgcc.a(_arm_unorddf2.o)

.debug_info     0x00000000    0x2281a
 .debug_info    0x00000000      0x94d cmake/stm32cubemx/CMakeFiles/STM32_Drivers.dir/__/__/Core/Src/system_stm32u5xx.c.obj
 .debug_info    0x0000094d     0x18d5 cmake/stm32cubemx/CMakeFiles/STM32_Drivers.dir/__/__/Drivers/STM32U5xx_HAL_Driver/Src/stm32u5xx_hal_cortex.c.obj
 .debug_info    0x00002222     0x12fa cmake/stm32cubemx/CMakeFiles/STM32_Drivers.dir/__/__/Drivers/STM32U5xx_HAL_Driver/Src/stm32u5xx_hal.c.obj
 .debug_info    0x0000351c     0x5ba1 cmake/stm32cubemx/CMakeFiles/STM32_Drivers.dir/__/__/Drivers/STM32U5xx_HAL_Driver/Src/stm32u5xx_hal_i2c.c.obj
 .debug_info    0x000090bd      0xa41 cmake/stm32cubemx/CMakeFiles/STM32_Drivers.dir/__/__/Drivers/STM32U5xx_HAL_Driver/Src/stm32u5xx_hal_i2c_ex.c.obj
 .debug_info    0x00009afe     0x160b cmake/stm32cubemx/CMakeFiles/STM32_Drivers.dir/__/__/Drivers/STM32U5xx_HAL_Driver/Src/stm32u5xx_hal_rcc.c.obj
 .debug_info    0x0000b109     0x19e2 cmake/stm32cubemx/CMakeFiles/STM32_Drivers.dir/__/__/Drivers/STM32U5xx_HAL_Driver/Src/stm32u5xx_hal_rcc_ex.c.obj
 .debug_info    0x0000caeb      0x932 cmake/stm32cubemx/CMakeFiles/STM32_Drivers.dir/__/__/Drivers/STM32U5xx_HAL_Driver/Src/stm32u5xx_hal_gpio.c.obj
 .debug_info    0x0000d41d      0xccc cmake/stm32cubemx/CMakeFiles/STM32_Drivers.dir/__/__/Drivers/STM32U5xx_HAL_Driver/Src/stm32u5xx_hal_dma.c.obj
 .debug_info    0x0000e0e9     0x2f2d cmake/stm32cubemx/CMakeFiles/STM32_Drivers.dir/__/__/Drivers/STM32U5xx_HAL_Driver/Src/stm32u5xx_hal_dma_ex.c.obj
 .debug_info    0x00011016      0xf45 cmake/stm32cubemx/CMakeFiles/STM32_Drivers.dir/__/__/Drivers/STM32U5xx_HAL_Driver/Src/stm32u5xx_hal_pwr_ex.c.obj
 .debug_info    0x00011f5b      0x575 cmake/stm32cubemx/CMakeFiles/STM32_Drivers.dir/__/__/Drivers/STM32U5xx_HAL_Driver/Src/stm32u5xx_hal_icache.c.obj
 .debug_info    0x000124d0     0x4eb4 cmake/stm32cubemx/CMakeFiles/STM32_Drivers.dir/__/__/Drivers/STM32U5xx_HAL_Driver/Src/stm32u5xx_hal_tim.c.obj
 .debug_info    0x00017384     0x2a42 cmake/stm32cubemx/CMakeFiles/STM32_Drivers.dir/__/__/Drivers/STM32U5xx_HAL_Driver/Src/stm32u5xx_hal_tim_ex.c.obj
 .debug_info    0x00019dc6     0x2999 CMakeFiles/stm32u585q_liqsim.dir/Core/Src/main.c.obj
 .debug_info    0x0001c75f      0xd85 CMakeFiles/stm32u585q_liqsim.dir/Core/Src/stm32u5xx_it.c.obj
 .debug_info    0x0001d4e4     0x1d7c CMakeFiles/stm32u585q_liqsim.dir/Core/Src/stm32u5xx_hal_msp.c.obj
 .debug_info    0x0001f260       0x30 CMakeFiles/stm32u585q_liqsim.dir/startup_stm32u585xx.s.obj
 .debug_info    0x0001f290      0x1e2 CMakeFiles/stm32u585q_liqsim.dir/Core/Src/liqsim.c.obj
 .debug_info    0x0001f472      0x152 CMakeFiles/stm32u585q_liqsim.dir/Core/Src/liqsim_const.c.obj
 .debug_info    0x0001f5c4     0x1f64 CMakeFiles/stm32u585q_liqsim.dir/Core/Src/flip_fluid.c.obj
 .debug_info    0x00021528      0xad6 CMakeFiles/stm32u585q_liqsim.dir/Core/Src/mpu6050.c.obj
 .debug_info    0x00021ffe      0x6fb /opt/ST/STM32CubeCLT_1.16.0/GNU-tools-for-STM32/bin/../lib/gcc/arm-none-eabi/12.3.1/../../../../arm-none-eabi/lib/thumb/v8-m.main+fp/hard/libg_nano.a(libc_a-errno.o)
 .debug_info    0x000226f9      0x121 /opt/ST/STM32CubeCLT_1.16.0/GNU-tools-for-STM32/bin/../lib/gcc/arm-none-eabi/12.3.1/../../../../arm-none-eabi/lib/thumb/v8-m.main+fp/hard/libg_nano.a(libc_a-memcpy-stub.o)

.debug_abbrev   0x00000000     0x3b16
 .debug_abbrev  0x00000000      0x12d cmake/stm32cubemx/CMakeFiles/STM32_Drivers.dir/__/__/Core/Src/system_stm32u5xx.c.obj
 .debug_abbrev  0x0000012d      0x3b6 cmake/stm32cubemx/CMakeFiles/STM32_Drivers.dir/__/__/Drivers/STM32U5xx_HAL_Driver/Src/stm32u5xx_hal_cortex.c.obj
 .debug_abbrev  0x000004e3      0x2a1 cmake/stm32cubemx/CMakeFiles/STM32_Drivers.dir/__/__/Drivers/STM32U5xx_HAL_Driver/Src/stm32u5xx_hal.c.obj
 .debug_abbrev  0x00000784      0x412 cmake/stm32cubemx/CMakeFiles/STM32_Drivers.dir/__/__/Drivers/STM32U5xx_HAL_Driver/Src/stm32u5xx_hal_i2c.c.obj
 .debug_abbrev  0x00000b96      0x1db cmake/stm32cubemx/CMakeFiles/STM32_Drivers.dir/__/__/Drivers/STM32U5xx_HAL_Driver/Src/stm32u5xx_hal_i2c_ex.c.obj
 .debug_abbrev  0x00000d71      0x2ee cmake/stm32cubemx/CMakeFiles/STM32_Drivers.dir/__/__/Drivers/STM32U5xx_HAL_Driver/Src/stm32u5xx_hal_rcc.c.obj
 .debug_abbrev  0x0000105f      0x2a5 cmake/stm32cubemx/CMakeFiles/STM32_Drivers.dir/__/__/Drivers/STM32U5xx_HAL_Driver/Src/stm32u5xx_hal_rcc_ex.c.obj
 .debug_abbrev  0x00001304      0x2f4 cmake/stm32cubemx/CMakeFiles/STM32_Drivers.dir/__/__/Drivers/STM32U5xx_HAL_Driver/Src/stm32u5xx_hal_gpio.c.obj
 .debug_abbrev  0x000015f8      0x291 cmake/stm32cubemx/CMakeFiles/STM32_Drivers.dir/__/__/Drivers/STM32U5xx_HAL_Driver/Src/stm32u5xx_hal_dma.c.obj
 .debug_abbrev  0x00001889      0x369 cmake/stm32cubemx/CMakeFiles/STM32_Drivers.dir/__/__/Drivers/STM32U5xx_HAL_Driver/Src/stm32u5xx_hal_dma_ex.c.obj
 .debug_abbrev  0x00001bf2      0x2c4 cmake/stm32cubemx/CMakeFiles/STM32_Drivers.dir/__/__/Drivers/STM32U5xx_HAL_Driver/Src/stm32u5xx_hal_pwr_ex.c.obj
 .debug_abbrev  0x00001eb6      0x236 cmake/stm32cubemx/CMakeFiles/STM32_Drivers.dir/__/__/Drivers/STM32U5xx_HAL_Driver/Src/stm32u5xx_hal_icache.c.obj
 .debug_abbrev  0x000020ec      0x403 cmake/stm32cubemx/CMakeFiles/STM32_Drivers.dir/__/__/Drivers/STM32U5xx_HAL_Driver/Src/stm32u5xx_hal_tim.c.obj
 .debug_abbrev  0x000024ef      0x3b6 cmake/stm32cubemx/CMakeFiles/STM32_Drivers.dir/__/__/Drivers/STM32U5xx_HAL_Driver/Src/stm32u5xx_hal_tim_ex.c.obj
 .debug_abbrev  0x000028a5      0x44d CMakeFiles/stm32u585q_liqsim.dir/Core/Src/main.c.obj
 .debug_abbrev  0x00002cf2      0x222 CMakeFiles/stm32u585q_liqsim.dir/Core/Src/stm32u5xx_it.c.obj
 .debug_abbrev  0x00002f14      0x2ad CMakeFiles/stm32u585q_liqsim.dir/Core/Src/stm32u5xx_hal_msp.c.obj
 .debug_abbrev  0x000031c1       0x24 CMakeFiles/stm32u585q_liqsim.dir/startup_stm32u585xx.s.obj
 .debug_abbrev  0x000031e5       0xe7 CMakeFiles/stm32u585q_liqsim.dir/Core/Src/liqsim.c.obj
 .debug_abbrev  0x000032cc       0x99 CMakeFiles/stm32u585q_liqsim.dir/Core/Src/liqsim_const.c.obj
 .debug_abbrev  0x00003365      0x3dd CMakeFiles/stm32u585q_liqsim.dir/Core/Src/flip_fluid.c.obj
 .debug_abbrev  0x00003742      0x1b5 CMakeFiles/stm32u585q_liqsim.dir/Core/Src/mpu6050.c.obj
 .debug_abbrev  0x000038f7      0x15e /opt/ST/STM32CubeCLT_1.16.0/GNU-tools-for-STM32/bin/../lib/gcc/arm-none-eabi/12.3.1/../../../../arm-none-eabi/lib/thumb/v8-m.main+fp/hard/libg_nano.a(libc_a-errno.o)
 .debug_abbrev  0x00003a55       0xc1 /opt/ST/STM32CubeCLT_1.16.0/GNU-tools-for-STM32/bin/../lib/gcc/arm-none-eabi/12.3.1/../../../../arm-none-eabi/lib/thumb/v8-m.main+fp/hard/libg_nano.a(libc_a-memcpy-stub.o)

.debug_loclists
                0x00000000    0x12c9c
 .debug_loclists
                0x00000000       0xb4 cmake/stm32cubemx/CMakeFiles/STM32_Drivers.dir/__/__/Core/Src/system_stm32u5xx.c.obj
 .debug_loclists
                0x000000b4      0x4dd cmake/stm32cubemx/CMakeFiles/STM32_Drivers.dir/__/__/Drivers/STM32U5xx_HAL_Driver/Src/stm32u5xx_hal_cortex.c.obj
 .debug_loclists
                0x00000591      0x16c cmake/stm32cubemx/CMakeFiles/STM32_Drivers.dir/__/__/Drivers/STM32U5xx_HAL_Driver/Src/stm32u5xx_hal.c.obj
 .debug_loclists
                0x000006fd     0x5227 cmake/stm32cubemx/CMakeFiles/STM32_Drivers.dir/__/__/Drivers/STM32U5xx_HAL_Driver/Src/stm32u5xx_hal_i2c.c.obj
 .debug_loclists
                0x00005924      0x219 cmake/stm32cubemx/CMakeFiles/STM32_Drivers.dir/__/__/Drivers/STM32U5xx_HAL_Driver/Src/stm32u5xx_hal_i2c_ex.c.obj
 .debug_loclists
                0x00005b3d      0x878 cmake/stm32cubemx/CMakeFiles/STM32_Drivers.dir/__/__/Drivers/STM32U5xx_HAL_Driver/Src/stm32u5xx_hal_rcc.c.obj
 .debug_loclists
                0x000063b5     0x138b cmake/stm32cubemx/CMakeFiles/STM32_Drivers.dir/__/__/Drivers/STM32U5xx_HAL_Driver/Src/stm32u5xx_hal_rcc_ex.c.obj
 .debug_loclists
                0x00007740      0x638 cmake/stm32cubemx/CMakeFiles/STM32_Drivers.dir/__/__/Drivers/STM32U5xx_HAL_Driver/Src/stm32u5xx_hal_gpio.c.obj
 .debug_loclists
                0x00007d78      0xd3b cmake/stm32cubemx/CMakeFiles/STM32_Drivers.dir/__/__/Drivers/STM32U5xx_HAL_Driver/Src/stm32u5xx_hal_dma.c.obj
 .debug_loclists
                0x00008ab3     0x2664 cmake/stm32cubemx/CMakeFiles/STM32_Drivers.dir/__/__/Drivers/STM32U5xx_HAL_Driver/Src/stm32u5xx_hal_dma_ex.c.obj
 .debug_loclists
                0x0000b117      0x69c cmake/stm32cubemx/CMakeFiles/STM32_Drivers.dir/__/__/Drivers/STM32U5xx_HAL_Driver/Src/stm32u5xx_hal_pwr_ex.c.obj
 .debug_loclists
                0x0000b7b3      0x27b cmake/stm32cubemx/CMakeFiles/STM32_Drivers.dir/__/__/Drivers/STM32U5xx_HAL_Driver/Src/stm32u5xx_hal_icache.c.obj
 .debug_loclists
                0x0000ba2e     0x4547 cmake/stm32cubemx/CMakeFiles/STM32_Drivers.dir/__/__/Drivers/STM32U5xx_HAL_Driver/Src/stm32u5xx_hal_tim.c.obj
 .debug_loclists
                0x0000ff75     0x16a8 cmake/stm32cubemx/CMakeFiles/STM32_Drivers.dir/__/__/Drivers/STM32U5xx_HAL_Driver/Src/stm32u5xx_hal_tim_ex.c.obj
 .debug_loclists
                0x0001161d       0x23 CMakeFiles/stm32u585q_liqsim.dir/Core/Src/main.c.obj
 .debug_loclists
                0x00011640       0x6d CMakeFiles/stm32u585q_liqsim.dir/Core/Src/stm32u5xx_hal_msp.c.obj
 .debug_loclists
                0x000116ad       0x81 CMakeFiles/stm32u585q_liqsim.dir/Core/Src/liqsim.c.obj
 .debug_loclists
                0x0001172e     0x1456 CMakeFiles/stm32u585q_liqsim.dir/Core/Src/flip_fluid.c.obj
 .debug_loclists
                0x00012b84       0x89 CMakeFiles/stm32u585q_liqsim.dir/Core/Src/mpu6050.c.obj
 .debug_loclists
                0x00012c0d       0x8f /opt/ST/STM32CubeCLT_1.16.0/GNU-tools-for-STM32/bin/../lib/gcc/arm-none-eabi/12.3.1/../../../../arm-none-eabi/lib/thumb/v8-m.main+fp/hard/libg_nano.a(libc_a-memcpy-stub.o)

.debug_aranges  0x00000000     0x1428
 .debug_aranges
                0x00000000       0x28 cmake/stm32cubemx/CMakeFiles/STM32_Drivers.dir/__/__/Core/Src/system_stm32u5xx.c.obj
 .debug_aranges
                0x00000028       0xc8 cmake/stm32cubemx/CMakeFiles/STM32_Drivers.dir/__/__/Drivers/STM32U5xx_HAL_Driver/Src/stm32u5xx_hal_cortex.c.obj
 .debug_aranges
                0x000000f0      0x148 cmake/stm32cubemx/CMakeFiles/STM32_Drivers.dir/__/__/Drivers/STM32U5xx_HAL_Driver/Src/stm32u5xx_hal.c.obj
 .debug_aranges
                0x00000238      0x260 cmake/stm32cubemx/CMakeFiles/STM32_Drivers.dir/__/__/Drivers/STM32U5xx_HAL_Driver/Src/stm32u5xx_hal_i2c.c.obj
 .debug_aranges
                0x00000498       0x58 cmake/stm32cubemx/CMakeFiles/STM32_Drivers.dir/__/__/Drivers/STM32U5xx_HAL_Driver/Src/stm32u5xx_hal_i2c_ex.c.obj
 .debug_aranges
                0x000004f0       0xa8 cmake/stm32cubemx/CMakeFiles/STM32_Drivers.dir/__/__/Drivers/STM32U5xx_HAL_Driver/Src/stm32u5xx_hal_rcc.c.obj
 .debug_aranges
                0x00000598      0x160 cmake/stm32cubemx/CMakeFiles/STM32_Drivers.dir/__/__/Drivers/STM32U5xx_HAL_Driver/Src/stm32u5xx_hal_rcc_ex.c.obj
 .debug_aranges
                0x000006f8       0x78 cmake/stm32cubemx/CMakeFiles/STM32_Drivers.dir/__/__/Drivers/STM32U5xx_HAL_Driver/Src/stm32u5xx_hal_gpio.c.obj
 .debug_aranges
                0x00000770       0x90 cmake/stm32cubemx/CMakeFiles/STM32_Drivers.dir/__/__/Drivers/STM32U5xx_HAL_Driver/Src/stm32u5xx_hal_dma.c.obj
 .debug_aranges
                0x00000800      0x140 cmake/stm32cubemx/CMakeFiles/STM32_Drivers.dir/__/__/Drivers/STM32U5xx_HAL_Driver/Src/stm32u5xx_hal_dma_ex.c.obj
 .debug_aranges
                0x00000940      0x200 cmake/stm32cubemx/CMakeFiles/STM32_Drivers.dir/__/__/Drivers/STM32U5xx_HAL_Driver/Src/stm32u5xx_hal_pwr_ex.c.obj
 .debug_aranges
                0x00000b40       0xa8 cmake/stm32cubemx/CMakeFiles/STM32_Drivers.dir/__/__/Drivers/STM32U5xx_HAL_Driver/Src/stm32u5xx_hal_icache.c.obj
 .debug_aranges
                0x00000be8      0x3b8 cmake/stm32cubemx/CMakeFiles/STM32_Drivers.dir/__/__/Drivers/STM32U5xx_HAL_Driver/Src/stm32u5xx_hal_tim.c.obj
 .debug_aranges
                0x00000fa0      0x248 cmake/stm32cubemx/CMakeFiles/STM32_Drivers.dir/__/__/Drivers/STM32U5xx_HAL_Driver/Src/stm32u5xx_hal_tim_ex.c.obj
 .debug_aranges
                0x000011e8       0x40 CMakeFiles/stm32u585q_liqsim.dir/Core/Src/main.c.obj
 .debug_aranges
                0x00001228       0x80 CMakeFiles/stm32u585q_liqsim.dir/Core/Src/stm32u5xx_it.c.obj
 .debug_aranges
                0x000012a8       0x40 CMakeFiles/stm32u585q_liqsim.dir/Core/Src/stm32u5xx_hal_msp.c.obj
 .debug_aranges
                0x000012e8       0x28 CMakeFiles/stm32u585q_liqsim.dir/startup_stm32u585xx.s.obj
 .debug_aranges
                0x00001310       0x20 CMakeFiles/stm32u585q_liqsim.dir/Core/Src/liqsim.c.obj
 .debug_aranges
                0x00001330       0x18 CMakeFiles/stm32u585q_liqsim.dir/Core/Src/liqsim_const.c.obj
 .debug_aranges
                0x00001348       0x68 CMakeFiles/stm32u585q_liqsim.dir/Core/Src/flip_fluid.c.obj
 .debug_aranges
                0x000013b0       0x38 CMakeFiles/stm32u585q_liqsim.dir/Core/Src/mpu6050.c.obj
 .debug_aranges
                0x000013e8       0x20 /opt/ST/STM32CubeCLT_1.16.0/GNU-tools-for-STM32/bin/../lib/gcc/arm-none-eabi/12.3.1/../../../../arm-none-eabi/lib/thumb/v8-m.main+fp/hard/libg_nano.a(libc_a-errno.o)
 .debug_aranges
                0x00001408       0x20 /opt/ST/STM32CubeCLT_1.16.0/GNU-tools-for-STM32/bin/../lib/gcc/arm-none-eabi/12.3.1/../../../../arm-none-eabi/lib/thumb/v8-m.main+fp/hard/libg_nano.a(libc_a-memcpy-stub.o)

.debug_rnglists
                0x00000000     0x20c8
 .debug_rnglists
                0x00000000       0x1a cmake/stm32cubemx/CMakeFiles/STM32_Drivers.dir/__/__/Core/Src/system_stm32u5xx.c.obj
 .debug_rnglists
                0x0000001a      0x100 cmake/stm32cubemx/CMakeFiles/STM32_Drivers.dir/__/__/Drivers/STM32U5xx_HAL_Driver/Src/stm32u5xx_hal_cortex.c.obj
 .debug_rnglists
                0x0000011a       0xf2 cmake/stm32cubemx/CMakeFiles/STM32_Drivers.dir/__/__/Drivers/STM32U5xx_HAL_Driver/Src/stm32u5xx_hal.c.obj
 .debug_rnglists
                0x0000020c      0x6b9 cmake/stm32cubemx/CMakeFiles/STM32_Drivers.dir/__/__/Drivers/STM32U5xx_HAL_Driver/Src/stm32u5xx_hal_i2c.c.obj
 .debug_rnglists
                0x000008c5       0x3d cmake/stm32cubemx/CMakeFiles/STM32_Drivers.dir/__/__/Drivers/STM32U5xx_HAL_Driver/Src/stm32u5xx_hal_i2c_ex.c.obj
 .debug_rnglists
                0x00000902      0x171 cmake/stm32cubemx/CMakeFiles/STM32_Drivers.dir/__/__/Drivers/STM32U5xx_HAL_Driver/Src/stm32u5xx_hal_rcc.c.obj
 .debug_rnglists
                0x00000a73      0x158 cmake/stm32cubemx/CMakeFiles/STM32_Drivers.dir/__/__/Drivers/STM32U5xx_HAL_Driver/Src/stm32u5xx_hal_rcc_ex.c.obj
 .debug_rnglists
                0x00000bcb       0x88 cmake/stm32cubemx/CMakeFiles/STM32_Drivers.dir/__/__/Drivers/STM32U5xx_HAL_Driver/Src/stm32u5xx_hal_gpio.c.obj
 .debug_rnglists
                0x00000c53       0x9f cmake/stm32cubemx/CMakeFiles/STM32_Drivers.dir/__/__/Drivers/STM32U5xx_HAL_Driver/Src/stm32u5xx_hal_dma.c.obj
 .debug_rnglists
                0x00000cf2      0x49e cmake/stm32cubemx/CMakeFiles/STM32_Drivers.dir/__/__/Drivers/STM32U5xx_HAL_Driver/Src/stm32u5xx_hal_dma_ex.c.obj
 .debug_rnglists
                0x00001190      0x184 cmake/stm32cubemx/CMakeFiles/STM32_Drivers.dir/__/__/Drivers/STM32U5xx_HAL_Driver/Src/stm32u5xx_hal_pwr_ex.c.obj
 .debug_rnglists
                0x00001314       0x79 cmake/stm32cubemx/CMakeFiles/STM32_Drivers.dir/__/__/Drivers/STM32U5xx_HAL_Driver/Src/stm32u5xx_hal_icache.c.obj
 .debug_rnglists
                0x0000138d      0x4f2 cmake/stm32cubemx/CMakeFiles/STM32_Drivers.dir/__/__/Drivers/STM32U5xx_HAL_Driver/Src/stm32u5xx_hal_tim.c.obj
 .debug_rnglists
                0x0000187f      0x27f cmake/stm32cubemx/CMakeFiles/STM32_Drivers.dir/__/__/Drivers/STM32U5xx_HAL_Driver/Src/stm32u5xx_hal_tim_ex.c.obj
 .debug_rnglists
                0x00001afe       0x6c CMakeFiles/stm32u585q_liqsim.dir/Core/Src/main.c.obj
 .debug_rnglists
                0x00001b6a       0x5b CMakeFiles/stm32u585q_liqsim.dir/Core/Src/stm32u5xx_it.c.obj
 .debug_rnglists
                0x00001bc5       0x71 CMakeFiles/stm32u585q_liqsim.dir/Core/Src/stm32u5xx_hal_msp.c.obj
 .debug_rnglists
                0x00001c36       0x19 CMakeFiles/stm32u585q_liqsim.dir/startup_stm32u585xx.s.obj
 .debug_rnglists
                0x00001c4f       0x30 CMakeFiles/stm32u585q_liqsim.dir/Core/Src/liqsim.c.obj
 .debug_rnglists
                0x00001c7f      0x3fe CMakeFiles/stm32u585q_liqsim.dir/Core/Src/flip_fluid.c.obj
 .debug_rnglists
                0x0000207d       0x25 CMakeFiles/stm32u585q_liqsim.dir/Core/Src/mpu6050.c.obj
 .debug_rnglists
                0x000020a2       0x13 /opt/ST/STM32CubeCLT_1.16.0/GNU-tools-for-STM32/bin/../lib/gcc/arm-none-eabi/12.3.1/../../../../arm-none-eabi/lib/thumb/v8-m.main+fp/hard/libg_nano.a(libc_a-errno.o)
 .debug_rnglists
                0x000020b5       0x13 /opt/ST/STM32CubeCLT_1.16.0/GNU-tools-for-STM32/bin/../lib/gcc/arm-none-eabi/12.3.1/../../../../arm-none-eabi/lib/thumb/v8-m.main+fp/hard/libg_nano.a(libc_a-memcpy-stub.o)

.debug_line     0x00000000    0x1f65c
 .debug_line    0x00000000      0x3fb cmake/stm32cubemx/CMakeFiles/STM32_Drivers.dir/__/__/Core/Src/system_stm32u5xx.c.obj
 .debug_line    0x000003fb      0x9b8 cmake/stm32cubemx/CMakeFiles/STM32_Drivers.dir/__/__/Drivers/STM32U5xx_HAL_Driver/Src/stm32u5xx_hal_cortex.c.obj
 .debug_line    0x00000db3      0x8b0 cmake/stm32cubemx/CMakeFiles/STM32_Drivers.dir/__/__/Drivers/STM32U5xx_HAL_Driver/Src/stm32u5xx_hal.c.obj
 .debug_line    0x00001663     0x6e0e cmake/stm32cubemx/CMakeFiles/STM32_Drivers.dir/__/__/Drivers/STM32U5xx_HAL_Driver/Src/stm32u5xx_hal_i2c.c.obj
 .debug_line    0x00008471      0x89d cmake/stm32cubemx/CMakeFiles/STM32_Drivers.dir/__/__/Drivers/STM32U5xx_HAL_Driver/Src/stm32u5xx_hal_i2c_ex.c.obj
 .debug_line    0x00008d0e     0x1917 cmake/stm32cubemx/CMakeFiles/STM32_Drivers.dir/__/__/Drivers/STM32U5xx_HAL_Driver/Src/stm32u5xx_hal_rcc.c.obj
 .debug_line    0x0000a625     0x25a3 cmake/stm32cubemx/CMakeFiles/STM32_Drivers.dir/__/__/Drivers/STM32U5xx_HAL_Driver/Src/stm32u5xx_hal_rcc_ex.c.obj
 .debug_line    0x0000cbc8      0xb78 cmake/stm32cubemx/CMakeFiles/STM32_Drivers.dir/__/__/Drivers/STM32U5xx_HAL_Driver/Src/stm32u5xx_hal_gpio.c.obj
 .debug_line    0x0000d740     0x1200 cmake/stm32cubemx/CMakeFiles/STM32_Drivers.dir/__/__/Drivers/STM32U5xx_HAL_Driver/Src/stm32u5xx_hal_dma.c.obj
 .debug_line    0x0000e940     0x3839 cmake/stm32cubemx/CMakeFiles/STM32_Drivers.dir/__/__/Drivers/STM32U5xx_HAL_Driver/Src/stm32u5xx_hal_dma_ex.c.obj
 .debug_line    0x00012179      0xf08 cmake/stm32cubemx/CMakeFiles/STM32_Drivers.dir/__/__/Drivers/STM32U5xx_HAL_Driver/Src/stm32u5xx_hal_pwr_ex.c.obj
 .debug_line    0x00013081      0x694 cmake/stm32cubemx/CMakeFiles/STM32_Drivers.dir/__/__/Drivers/STM32U5xx_HAL_Driver/Src/stm32u5xx_hal_icache.c.obj
 .debug_line    0x00013715     0x6007 cmake/stm32cubemx/CMakeFiles/STM32_Drivers.dir/__/__/Drivers/STM32U5xx_HAL_Driver/Src/stm32u5xx_hal_tim.c.obj
 .debug_line    0x0001971c     0x267c cmake/stm32cubemx/CMakeFiles/STM32_Drivers.dir/__/__/Drivers/STM32U5xx_HAL_Driver/Src/stm32u5xx_hal_tim_ex.c.obj
 .debug_line    0x0001bd98      0xcf3 CMakeFiles/stm32u585q_liqsim.dir/Core/Src/main.c.obj
 .debug_line    0x0001ca8b      0x3de CMakeFiles/stm32u585q_liqsim.dir/Core/Src/stm32u5xx_it.c.obj
 .debug_line    0x0001ce69      0x5b3 CMakeFiles/stm32u585q_liqsim.dir/Core/Src/stm32u5xx_hal_msp.c.obj
 .debug_line    0x0001d41c       0x79 CMakeFiles/stm32u585q_liqsim.dir/startup_stm32u585xx.s.obj
 .debug_line    0x0001d495      0x24f CMakeFiles/stm32u585q_liqsim.dir/Core/Src/liqsim.c.obj
 .debug_line    0x0001d6e4      0x176 CMakeFiles/stm32u585q_liqsim.dir/Core/Src/liqsim_const.c.obj
 .debug_line    0x0001d85a     0x1710 CMakeFiles/stm32u585q_liqsim.dir/Core/Src/flip_fluid.c.obj
 .debug_line    0x0001ef6a      0x366 CMakeFiles/stm32u585q_liqsim.dir/Core/Src/mpu6050.c.obj
 .debug_line    0x0001f2d0      0x185 /opt/ST/STM32CubeCLT_1.16.0/GNU-tools-for-STM32/bin/../lib/gcc/arm-none-eabi/12.3.1/../../../../arm-none-eabi/lib/thumb/v8-m.main+fp/hard/libg_nano.a(libc_a-errno.o)
 .debug_line    0x0001f455      0x207 /opt/ST/STM32CubeCLT_1.16.0/GNU-tools-for-STM32/bin/../lib/gcc/arm-none-eabi/12.3.1/../../../../arm-none-eabi/lib/thumb/v8-m.main+fp/hard/libg_nano.a(libc_a-memcpy-stub.o)

.debug_str      0x00000000     0x8172
 .debug_str     0x00000000      0x59b cmake/stm32cubemx/CMakeFiles/STM32_Drivers.dir/__/__/Core/Src/system_stm32u5xx.c.obj
                                0x5f2 (size before relaxing)
 .debug_str     0x0000059b      0xcb9 cmake/stm32cubemx/CMakeFiles/STM32_Drivers.dir/__/__/Drivers/STM32U5xx_HAL_Driver/Src/stm32u5xx_hal_cortex.c.obj
                               0x128a (size before relaxing)
 .debug_str     0x00001254      0x719 cmake/stm32cubemx/CMakeFiles/STM32_Drivers.dir/__/__/Drivers/STM32U5xx_HAL_Driver/Src/stm32u5xx_hal.c.obj
                               0x1352 (size before relaxing)
 .debug_str     0x0000196d      0xf08 cmake/stm32cubemx/CMakeFiles/STM32_Drivers.dir/__/__/Drivers/STM32U5xx_HAL_Driver/Src/stm32u5xx_hal_i2c.c.obj
                               0x1235 (size before relaxing)
 .debug_str     0x00002875      0x1bb cmake/stm32cubemx/CMakeFiles/STM32_Drivers.dir/__/__/Drivers/STM32U5xx_HAL_Driver/Src/stm32u5xx_hal_i2c_ex.c.obj
                                0xa45 (size before relaxing)
 .debug_str     0x00002a30      0x59d cmake/stm32cubemx/CMakeFiles/STM32_Drivers.dir/__/__/Drivers/STM32U5xx_HAL_Driver/Src/stm32u5xx_hal_rcc.c.obj
                                0xc8e (size before relaxing)
 .debug_str     0x00002fcd      0xb93 cmake/stm32cubemx/CMakeFiles/STM32_Drivers.dir/__/__/Drivers/STM32U5xx_HAL_Driver/Src/stm32u5xx_hal_rcc_ex.c.obj
                               0x11db (size before relaxing)
 .debug_str     0x00003b60      0x241 cmake/stm32cubemx/CMakeFiles/STM32_Drivers.dir/__/__/Drivers/STM32U5xx_HAL_Driver/Src/stm32u5xx_hal_gpio.c.obj
                                0x567 (size before relaxing)
 .debug_str     0x00003da1      0x351 cmake/stm32cubemx/CMakeFiles/STM32_Drivers.dir/__/__/Drivers/STM32U5xx_HAL_Driver/Src/stm32u5xx_hal_dma.c.obj
                                0x993 (size before relaxing)
 .debug_str     0x000040f2      0x932 cmake/stm32cubemx/CMakeFiles/STM32_Drivers.dir/__/__/Drivers/STM32U5xx_HAL_Driver/Src/stm32u5xx_hal_dma_ex.c.obj
                               0x1031 (size before relaxing)
 .debug_str     0x00004a24      0x7ee cmake/stm32cubemx/CMakeFiles/STM32_Drivers.dir/__/__/Drivers/STM32U5xx_HAL_Driver/Src/stm32u5xx_hal_pwr_ex.c.obj
                                0xcb3 (size before relaxing)
 .debug_str     0x00005212      0x2dd cmake/stm32cubemx/CMakeFiles/STM32_Drivers.dir/__/__/Drivers/STM32U5xx_HAL_Driver/Src/stm32u5xx_hal_icache.c.obj