Archive member included to satisfy reference by file (symbol)

/opt/ST/STM32CubeCLT_1.16.0/GNU-tools-for-STM32/bin/../lib/gcc/arm-none-eabi/12.3.1/../../../../arm-none-eabi/lib/thumb/v8-m.main+fp/hard/libc_nano.a(libc_a-exit.o)
                              /opt/ST/STM32CubeCLT_1.16.0/GNU-tools-for-STM32/bin/../lib/gcc/arm-none-eabi/12.3.1/../../../../arm-none-eabi/lib/thumb/v8-m.main+fp/hard/crt0.o (exit)
/opt/ST/STM32CubeCLT_1.16.0/GNU-tools-for-STM32/bin/../lib/gcc/arm-none-eabi/12.3.1/../../../../arm-none-eabi/lib/thumb/v8-m.main+fp/hard/libc_nano.a(libc_a-findfp.o)
                              /opt/ST/STM32CubeCLT_1.16.0/GNU-tools-for-STM32/bin/../lib/gcc/arm-none-eabi/12.3.1/../../../../arm-none-eabi/lib/thumb/v8-m.main+fp/hard/libc_nano.a(libc_a-exit.o) (__stdio_exit_handler)
/opt/ST/STM32CubeCLT_1.16.0/GNU-tools-for-STM32/bin/../lib/gcc/arm-none-eabi/12.3.1/../../../../arm-none-eabi/lib/thumb/v8-m.main+fp/hard/libc_nano.a(libc_a-fwalk.o)
                              /opt/ST/STM32CubeCLT_1.16.0/GNU-tools-for-STM32/bin/../lib/gcc/arm-none-eabi/12.3.1/../../../../arm-none-eabi/lib/thumb/v8-m.main+fp/hard/libc_nano.a(libc_a-findfp.o) (_fwalk_sglue)
/opt/ST/STM32CubeCLT_1.16.0/GNU-tools-for-STM32/bin/../lib/gcc/arm-none-eabi/12.3.1/../../../../arm-none-eabi/lib/thumb/v8-m.main+fp/hard/libc_nano.a(libc_a-memset.o)
                              /opt/ST/STM32CubeCLT_1.16.0/GNU-tools-for-STM32/bin/../lib/gcc/arm-none-eabi/12.3.1/../../../../arm-none-eabi/lib/thumb/v8-m.main+fp/hard/crt0.o (memset)
/opt/ST/STM32CubeCLT_1.16.0/GNU-tools-for-STM32/bin/../lib/gcc/arm-none-eabi/12.3.1/../../../../arm-none-eabi/lib/thumb/v8-m.main+fp/hard/libc_nano.a(libc_a-impure.o)
                              /opt/ST/STM32CubeCLT_1.16.0/GNU-tools-for-STM32/bin/../lib/gcc/arm-none-eabi/12.3.1/../../../../arm-none-eabi/lib/thumb/v8-m.main+fp/hard/libc_nano.a(libc_a-findfp.o) (_impure_data)
/opt/ST/STM32CubeCLT_1.16.0/GNU-tools-for-STM32/bin/../lib/gcc/arm-none-eabi/12.3.1/../../../../arm-none-eabi/lib/thumb/v8-m.main+fp/hard/libc_nano.a(libc_a-init.o)
                              /opt/ST/STM32CubeCLT_1.16.0/GNU-tools-for-STM32/bin/../lib/gcc/arm-none-eabi/12.3.1/../../../../arm-none-eabi/lib/thumb/v8-m.main+fp/hard/crt0.o (__libc_init_array)
/opt/ST/STM32CubeCLT_1.16.0/GNU-tools-for-STM32/bin/../lib/gcc/arm-none-eabi/12.3.1/../../../../arm-none-eabi/lib/thumb/v8-m.main+fp/hard/libc_nano.a(libc_a-lock.o)
                              /opt/ST/STM32CubeCLT_1.16.0/GNU-tools-for-STM32/bin/../lib/gcc/arm-none-eabi/12.3.1/../../../../arm-none-eabi/lib/thumb/v8-m.main+fp/hard/libc_nano.a(libc_a-findfp.o) (__retarget_lock_init_recursive)
/opt/ST/STM32CubeCLT_1.16.0/GNU-tools-for-STM32/bin/../lib/gcc/arm-none-eabi/12.3.1/../../../../arm-none-eabi/lib/thumb/v8-m.main+fp/hard/libc_nano.a(libc_a-mallocr.o)
                              /opt/ST/STM32CubeCLT_1.16.0/GNU-tools-for-STM32/bin/../lib/gcc/arm-none-eabi/12.3.1/../../../../arm-none-eabi/lib/thumb/v8-m.main+fp/hard/libc_nano.a(libc_a-findfp.o) (_malloc_r)
/opt/ST/STM32CubeCLT_1.16.0/GNU-tools-for-STM32/bin/../lib/gcc/arm-none-eabi/12.3.1/../../../../arm-none-eabi/lib/thumb/v8-m.main+fp/hard/libc_nano.a(libc_a-fflush.o)
                              /opt/ST/STM32CubeCLT_1.16.0/GNU-tools-for-STM32/bin/../lib/gcc/arm-none-eabi/12.3.1/../../../../arm-none-eabi/lib/thumb/v8-m.main+fp/hard/libc_nano.a(libc_a-findfp.o) (_fflush_r)
/opt/ST/STM32CubeCLT_1.16.0/GNU-tools-for-STM32/bin/../lib/gcc/arm-none-eabi/12.3.1/../../../../arm-none-eabi/lib/thumb/v8-m.main+fp/hard/libc_nano.a(libc_a-mlock.o)
                              /opt/ST/STM32CubeCLT_1.16.0/GNU-tools-for-STM32/bin/../lib/gcc/arm-none-eabi/12.3.1/../../../../arm-none-eabi/lib/thumb/v8-m.main+fp/hard/libc_nano.a(libc_a-mallocr.o) (__malloc_lock)
/opt/ST/STM32CubeCLT_1.16.0/GNU-tools-for-STM32/bin/../lib/gcc/arm-none-eabi/12.3.1/../../../../arm-none-eabi/lib/thumb/v8-m.main+fp/hard/libc_nano.a(libc_a-stdio.o)
                              /opt/ST/STM32CubeCLT_1.16.0/GNU-tools-for-STM32/bin/../lib/gcc/arm-none-eabi/12.3.1/../../../../arm-none-eabi/lib/thumb/v8-m.main+fp/hard/libc_nano.a(libc_a-findfp.o) (__sread)
/opt/ST/STM32CubeCLT_1.16.0/GNU-tools-for-STM32/bin/../lib/gcc/arm-none-eabi/12.3.1/../../../../arm-none-eabi/lib/thumb/v8-m.main+fp/hard/libc_nano.a(libc_a-closer.o)
                              /opt/ST/STM32CubeCLT_1.16.0/GNU-tools-for-STM32/bin/../lib/gcc/arm-none-eabi/12.3.1/../../../../arm-none-eabi/lib/thumb/v8-m.main+fp/hard/libc_nano.a(libc_a-stdio.o) (_close_r)
/opt/ST/STM32CubeCLT_1.16.0/GNU-tools-for-STM32/bin/../lib/gcc/arm-none-eabi/12.3.1/../../../../arm-none-eabi/lib/thumb/v8-m.main+fp/hard/libc_nano.a(libc_a-reent.o)
                              /opt/ST/STM32CubeCLT_1.16.0/GNU-tools-for-STM32/bin/../lib/gcc/arm-none-eabi/12.3.1/../../../../arm-none-eabi/lib/thumb/v8-m.main+fp/hard/libc_nano.a(libc_a-closer.o) (errno)
[...]
Memory Configuration

Name             Origin             Length             Attributes
RAM              0x20000000         0x000c0000         xrw
ROM              0x08000000         0x00200000         xr
SRAM4            0x28000000         0x00004000         xrw
*default*        0x00000000         0xffffffff

Linker script and memory map

LOAD /opt/ST/STM32CubeCLT_1.16.0/GNU-tools-for-STM32/bin/../lib/gcc/arm-none-eabi/12.3.1/thumb/v8-m.main+fp/hard/crti.o
LOAD /opt/ST/STM32CubeCLT_1.16.0/GNU-tools-for-STM32/bin/../lib/gcc/arm-none-eabi/12.3.1/thumb/v8-m.main+fp/hard/crtbegin.o
LOAD /opt/ST/STM32CubeCLT_1.16.0/GNU-tools-for-STM32/bin/../lib/gcc/arm-none-eabi/12.3.1/../../../../arm-none-eabi/lib/thumb/v8-m.main+fp/hard/crt0.o
START GROUP
LOAD /opt/ST/STM32CubeCLT_1.16.0/GNU-tools-for-STM32/bin/../lib/gcc/arm-none-eabi/12.3.1/../../../../arm-none-eabi/lib/thumb/v8-m.main+fp/hard/libc_nano.a
LOAD /opt/ST/STM32CubeCLT_1.16.0/GNU-tools-for-STM32/bin/../lib/gcc/arm-none-eabi/12.3.1/../../../../arm-none-eabi/lib/thumb/v8-m.main+fp/hard/libm.a
END GROUP
LOAD cmake/stm32cubemx/CMakeFiles/STM32_Drivers.dir/__/__/Core/Src/system_stm32u5xx.c.obj
LOAD cmake/stm32cubemx/CMakeFiles/STM32_Drivers.dir/__/__/Drivers/STM32U5xx_HAL_Driver/Src/stm32u5xx_hal_cortex.c.obj
LOAD cmake/stm32cubemx/CMakeFiles/STM32_Drivers.dir/__/__/Drivers/STM32U5xx_HAL_Driver/Src/stm32u5xx_hal.c.obj
LOAD cmake/stm32cubemx/CMakeFiles/STM32_Drivers.dir/__/__/Drivers/STM32U5xx_HAL_Driver/Src/stm32u5xx_hal_i2c.c.obj
LOAD cmake/stm32cubemx/CMakeFiles/STM32_Drivers.dir/__/__/Drivers/STM32U5xx_HAL_Driver/Src/stm32u5xx_hal_i2c_ex.c.obj
LOAD cmake/stm32cubemx/CMakeFiles/STM32_Drivers.dir/__/__/Drivers/STM32U5xx_HAL_Driver/Src/stm32u5xx_hal_rcc.c.obj
LOAD cmake/stm32cubemx/CMakeFiles/STM32_Drivers.dir/__/__/Drivers/STM32U5xx_HAL_Driver/Src/stm32u5xx_hal_rcc_ex.c.obj
LOAD cmake/stm32cubemx/CMakeFiles/STM32_Drivers.dir/__/__/Drivers/STM32U5xx_HAL_Driver/Src/stm32u5xx_hal_flash.c.obj
LOAD cmake/stm32cubemx/CMakeFiles/STM32_Drivers.dir/__/__/Drivers/STM32U5xx_HAL_Driver/Src/stm32u5xx_hal_flash_ex.c.obj
LOAD cmake/stm32cubemx/CMakeFiles/STM32_Drivers.dir/__/__/Drivers/STM32U5xx_HAL_Driver/Src/stm32u5xx_hal_gpio.c.obj
LOAD cmake/stm32cubemx/CMakeFiles/STM32_Drivers.dir/__/__/Drivers/STM32U5xx_HAL_Driver/Src/stm32u5xx_hal_dma.c.obj
LOAD cmake/stm32cubemx/CMakeFiles/STM32_Drivers.dir/__/__/Drivers/STM32U5xx_HAL_Driver/Src/stm32u5xx_hal_dma_ex.c.obj
LOAD cmake/stm32cubemx/CMakeFiles/STM32_Drivers.dir/__/__/Drivers/STM32U5xx_HAL_Driver/Src/stm32u5xx_hal_exti.c.obj
LOAD cmake/stm32cubemx/CMakeFiles/STM32_Drivers.dir/__/__/Drivers/STM32U5xx_HAL_Driver/Src/stm32u5xx_hal_pwr.c.obj
LOAD cmake/stm32cubemx/CMakeFiles/STM32_Drivers.dir/__/__/Drivers/STM32U5xx_HAL_Driver/Src/stm32u5xx_hal_pwr_ex.c.obj
LOAD cmake/stm32cubemx/CMakeFiles/STM32_Drivers.dir/__/__/Drivers/STM32U5xx_HAL_Driver/Src/stm32u5xx_hal_gtzc.c.obj
LOAD cmake/stm32cubemx/CMakeFiles/STM32_Drivers.dir/__/__/Drivers/STM32U5xx_HAL_Driver/Src/stm32u5xx_hal_icache.c.obj
LOAD cmake/stm32cubemx/CMakeFiles/STM32_Drivers.dir/__/__/Drivers/STM32U5xx_HAL_Driver/Src/stm32u5xx_hal_tim.c.obj
LOAD cmake/stm32cubemx/CMakeFiles/STM32_Drivers.dir/__/__/Drivers/STM32U5xx_HAL_Driver/Src/stm32u5xx_hal_tim_ex.c.obj
LOAD CMakeFiles/stm32u585q_liqsim.dir/Core/Src/main.c.obj
LOAD CMakeFiles/stm32u585q_liqsim.dir/Core/Src/stm32u5xx_it.c.obj
LOAD CMakeFiles/stm32u585q_liqsim.dir/Core/Src/stm32u5xx_hal_msp.c.obj
LOAD CMakeFiles/stm32u585q_liqsim.dir/Core/Src/sysmem.c.obj
LOAD CMakeFiles/stm32u585q_liqsim.dir/Core/Src/syscalls.c.obj
LOAD CMakeFiles/stm32u585q_liqsim.dir/startup_stm32u585xx.s.obj
LOAD CMakeFiles/stm32u585q_liqsim.dir/Core/Src/liqsim.c.obj
LOAD CMakeFiles/stm32u585q_liqsim.dir/Core/Src/liqsim_const.c.obj
LOAD CMakeFiles/stm32u585q_liqsim.dir/Core/Src/flip_fluid.c.obj
LOAD CMakeFiles/stm32u585q_liqsim.dir/Core/Src/mpu6050.c.obj
START GROUP
LOAD /opt/ST/STM32CubeCLT_1.16.0/GNU-tools-for-STM32/bin/../lib/gcc/arm-none-eabi/12.3.1/thumb/v8-m.main+fp/hard/libgcc.a
LOAD /opt/ST/STM32CubeCLT_1.16.0/GNU-tools-for-STM32/bin/../lib/gcc/arm-none-eabi/12.3.1/../../../../arm-none-eabi/lib/thumb/v8-m.main+fp/hard/libg_nano.a
LOAD /opt/ST/STM32CubeCLT_1.16.0/GNU-tools-for-STM32/bin/../lib/gcc/arm-none-eabi/12.3.1/../../../../arm-none-eabi/lib/thumb/v8-m.main+fp/hard/libc_nano.a
END GROUP
START GROUP
LOAD /opt/ST/STM32CubeCLT_1.16.0/GNU-tools-for-STM32/bin/../lib/gcc/arm-none-eabi/12.3.1/thumb/v8-m.main+fp/hard/libgcc.a
LOAD /opt/ST/STM32CubeCLT_1.16.0/GNU-tools-for-STM32/bin/../lib/gcc/arm-none-eabi/12.3.1/../../../../arm-none-eabi/lib/thumb/v8-m.main+fp/hard/libc_nano.a
END GROUP
LOAD /opt/ST/STM32CubeCLT_1.16.0/GNU-tools-for-STM32/bin/../lib/gcc/arm-none-eabi/12.3.1/thumb/v8-m.main+fp/hard/crtend.o
LOAD /opt/ST/STM32CubeCLT_1.16.0/GNU-tools-for-STM32/bin/../lib/gcc/arm-none-eabi/12.3.1/thumb/v8-m.main+fp/hard/crtn.o
                0x200c0000                        _estack = (ORIGIN (RAM) + LENGTH (RAM))
                0x00000200                        _Min_Heap_Size = 0x200
                0x00000400                        _Min_Stack_Size = 0x400

.isr_vector     0x08000000      0x238
                0x08000000                        . = ALIGN (0x8)
 *(.isr_vector)
 .isr_vector    0x08000000      0x238 CMakeFiles/stm32u585q_liqsim.dir/startup_stm32u585xx.s.obj
                0x08000000                g_pfnVectors
                0x08000238                        . = ALIGN (0x8)

.text           0x08000238     0x65e8
                0x08000238                        . = ALIGN (0x8)
 *(.text)
 .text          0x08000238       0x40 /opt/ST/STM32CubeCLT_1.16.0/GNU-tools-for-STM32/bin/../lib/gcc/arm-none-eabi/12.3.1/thumb/v8-m.main+fp/hard/crtbegin.o
 .text          0x08000278      0x378 /opt/ST/STM32CubeCLT_1.16.0/GNU-tools-for-STM32/bin/../lib/gcc/arm-none-eabi/12.3.1/thumb/v8-m.main+fp/hard/libgcc.a(_arm_addsubdf3.o)
                0x08000278                __aeabi_drsub
                0x08000280                __subdf3
                0x08000280                __aeabi_dsub
                0x08000284                __aeabi_dadd
                0x08000284                __adddf3
                0x080004fc                __aeabi_ui2d
                0x080004fc                __floatunsidf
                0x0800051c                __floatsidf
                0x0800051c                __aeabi_i2d
                0x08000540                __extendsfdf2
                0x08000540                __aeabi_f2d
                0x08000584                __aeabi_ul2d
                0x08000584                __floatundidf
                0x08000594                __aeabi_l2d
                0x08000594                __floatdidf
 .text          0x080005f0       0x40 /opt/ST/STM32CubeCLT_1.16.0/GNU-tools-for-STM32/bin/../lib/gcc/arm-none-eabi/12.3.1/thumb/v8-m.main+fp/hard/libgcc.a(_arm_fixunsdfsi.o)
                0x080005f0                __fixunsdfsi
                0x080005f0                __aeabi_d2uiz
 .text          0x08000630       0xa0 /opt/ST/STM32CubeCLT_1.16.0/GNU-tools-for-STM32/bin/../lib/gcc/arm-none-eabi/12.3.1/thumb/v8-m.main+fp/hard/libgcc.a(_arm_truncdfsf2.o)
                0x08000630                __aeabi_d2f
                0x08000630                __truncdfsf2
 .text          0x080006d0      0x424 /opt/ST/STM32CubeCLT_1.16.0/GNU-tools-for-STM32/bin/../lib/gcc/arm-none-eabi/12.3.1/thumb/v8-m.main+fp/hard/libgcc.a(_arm_muldivdf3.o)
                0x080006d0                __aeabi_dmul
                0x080006d0                __muldf3
                0x08000924                __aeabi_ddiv
                0x08000924                __divdf3
 .text          0x08000af4      0x110 /opt/ST/STM32CubeCLT_1.16.0/GNU-tools-for-STM32/bin/../lib/gcc/arm-none-eabi/12.3.1/thumb/v8-m.main+fp/hard/libgcc.a(_arm_cmpdf2.o)
                0x08000af4                __gedf2
                0x08000af4                __gtdf2
                0x08000afc                __ledf2
                0x08000afc                __ltdf2
                0x08000b04                __cmpdf2
                0x08000b04                __eqdf2
                0x08000b04                __nedf2
                0x08000b80                __aeabi_cdrcmple
                0x08000b90                __aeabi_cdcmple
                0x08000b90                __aeabi_cdcmpeq
                0x08000ba0                __aeabi_dcmpeq
                0x08000bb4                __aeabi_dcmplt
                0x08000bc8                __aeabi_dcmple
                0x08000bdc                __aeabi_dcmpge
                0x08000bf0                __aeabi_dcmpgt
 .text          0x08000c04       0x2c /opt/ST/STM32CubeCLT_1.16.0/GNU-tools-for-STM32/bin/../lib/gcc/arm-none-eabi/12.3.1/thumb/v8-m.main+fp/hard/libgcc.a(_arm_unorddf2.o)
                0x08000c04                __aeabi_dcmpun
                0x08000c04                __unorddf2
 *(.text*)
 .text.memset   0x08000c30       0x10 /opt/ST/STM32CubeCLT_1.16.0/GNU-tools-for-STM32/bin/../lib/gcc/arm-none-eabi/12.3.1/../../../../arm-none-eabi/lib/thumb/v8-m.main+fp/hard/libc_nano.a(libc_a-memset.o)
                0x08000c30                memset
 .text.__libc_init_array
                0x08000c40       0x48 /opt/ST/STM32CubeCLT_1.16.0/GNU-tools-for-STM32/bin/../lib/gcc/arm-none-eabi/12.3.1/../../../../arm-none-eabi/lib/thumb/v8-m.main+fp/hard/libc_nano.a(libc_a-init.o)
                0x08000c40                __libc_init_array
 .text.SystemInit
                0x08000c88       0x44 cmake/stm32cubemx/CMakeFiles/STM32_Drivers.dir/__/__/Core/Src/system_stm32u5xx.c.obj
                0x08000c88                SystemInit
 .text.HAL_NVIC_SetPriorityGrouping
                0x08000ccc       0x24 cmake/stm32cubemx/CMakeFiles/STM32_Drivers.dir/__/__/Drivers/STM32U5xx_HAL_Driver/Src/stm32u5xx_hal_cortex.c.obj
                0x08000ccc                HAL_NVIC_SetPriorityGrouping
 .text.HAL_NVIC_SetPriority
                0x08000cf0       0x60 cmake/stm32cubemx/CMakeFiles/STM32_Drivers.dir/__/__/Drivers/STM32U5xx_HAL_Driver/Src/stm32u5xx_hal_cortex.c.obj
                0x08000cf0                HAL_NVIC_SetPriority
 .text.HAL_NVIC_EnableIRQ
                0x08000d50       0x1c cmake/stm32cubemx/CMakeFiles/STM32_Drivers.dir/__/__/Drivers/STM32U5xx_HAL_Driver/Src/stm32u5xx_hal_cortex.c.obj
                0x08000d50                HAL_NVIC_EnableIRQ
 .text.HAL_SYSTICK_Config
                0x08000d6c       0x20 cmake/stm32cubemx/CMakeFiles/STM32_Drivers.dir/__/__/Drivers/STM32U5xx_HAL_Driver/Src/stm32u5xx_hal_cortex.c.obj
                0x08000d6c                HAL_SYSTICK_Config
 .text.HAL_SYSTICK_CLKSourceConfig
                0x08000d8c       0x74 cmake/stm32cubemx/CMakeFiles/STM32_Drivers.dir/__/__/Drivers/STM32U5xx_HAL_Driver/Src/stm32u5xx_hal_cortex.c.obj
                0x08000d8c                HAL_SYSTICK_CLKSourceConfig
 .text.HAL_SYSTICK_GetCLKSourceConfig
                0x08000e00       0x34 cmake/stm32cubemx/CMakeFiles/STM32_Drivers.dir/__/__/Drivers/STM32U5xx_HAL_Driver/Src/stm32u5xx_hal_cortex.c.obj
                0x08000e00                HAL_SYSTICK_GetCLKSourceConfig
 .text.HAL_InitTick
                0x08000e34       0x90 cmake/stm32cubemx/CMakeFiles/STM32_Drivers.dir/__/__/Drivers/STM32U5xx_HAL_Driver/Src/stm32u5xx_hal.c.obj
                0x08000e34                HAL_InitTick
 .text.HAL_Init
                0x08000ec4       0x54 cmake/stm32cubemx/CMakeFiles/STM32_Drivers.dir/__/__/Drivers/STM32U5xx_HAL_Driver/Src/stm32u5xx_hal.c.obj
                0x08000ec4                HAL_Init
 .text.HAL_IncTick
                0x08000f18       0x18 cmake/stm32cubemx/CMakeFiles/STM32_Drivers.dir/__/__/Drivers/STM32U5xx_HAL_Driver/Src/stm32u5xx_hal.c.obj
                0x08000f18                HAL_IncTick
 .text.HAL_GetTick
                0x08000f30        0xc cmake/stm32cubemx/CMakeFiles/STM32_Drivers.dir/__/__/Drivers/STM32U5xx_HAL_Driver/Src/stm32u5xx_hal.c.obj
                0x08000f30                HAL_GetTick
 .text.HAL_Delay
                0x08000f3c       0x24 cmake/stm32cubemx/CMakeFiles/STM32_Drivers.dir/__/__/Drivers/STM32U5xx_HAL_Driver/Src/stm32u5xx_hal.c.obj
                0x08000f3c                HAL_Delay
 .text.I2C_Flush_TXDR
                0x08000f60       0x1c cmake/stm32cubemx/CMakeFiles/STM32_Drivers.dir/__/__/Drivers/STM32U5xx_HAL_Driver/Src/stm32u5xx_hal_i2c.c.obj
 .text.I2C_TransferConfig
                0x08000f7c       0x2c cmake/stm32cubemx/CMakeFiles/STM32_Drivers.dir/__/__/Drivers/STM32U5xx_HAL_Driver/Src/stm32u5xx_hal_i2c.c.obj
 .text.I2C_Enable_IRQ
                0x08000fa8       0x88 cmake/stm32cubemx/CMakeFiles/STM32_Drivers.dir/__/__/Drivers/STM32U5xx_HAL_Driver/Src/stm32u5xx_hal_i2c.c.obj
 .text.I2C_Disable_IRQ
                0x08001030       0x42 cmake/stm32cubemx/CMakeFiles/STM32_Drivers.dir/__/__/Drivers/STM32U5xx_HAL_Driver/Src/stm32u5xx_hal_i2c.c.obj
 .text.I2C_IsErrorOccurred
                0x08001072      0x100 cmake/stm32cubemx/CMakeFiles/STM32_Drivers.dir/__/__/Drivers/STM32U5xx_HAL_Driver/Src/stm32u5xx_hal_i2c.c.obj
 .text.I2C_WaitOnTXISFlagUntilTimeout
                0x08001172       0x56 cmake/stm32cubemx/CMakeFiles/STM32_Drivers.dir/__/__/Drivers/STM32U5xx_HAL_Driver/Src/stm32u5xx_hal_i2c.c.obj
 .text.I2C_WaitOnFlagUntilTimeout
                0x080011c8       0x76 cmake/stm32cubemx/CMakeFiles/STM32_Drivers.dir/__/__/Drivers/STM32U5xx_HAL_Driver/Src/stm32u5xx_hal_i2c.c.obj
 .text.I2C_WaitOnSTOPFlagUntilTimeout
                0x0800123e       0x52 cmake/stm32cubemx/CMakeFiles/STM32_Drivers.dir/__/__/Drivers/STM32U5xx_HAL_Driver/Src/stm32u5xx_hal_i2c.c.obj
 .text.HAL_I2C_Init
                0x08001290       0xaa cmake/stm32cubemx/CMakeFiles/STM32_Drivers.dir/__/__/Drivers/STM32U5xx_HAL_Driver/Src/stm32u5xx_hal_i2c.c.obj
                0x08001290                HAL_I2C_Init
 *fill*         0x0800133a        0x2 
 .text.HAL_I2C_Mem_Write
                0x0800133c      0x1b4 cmake/stm32cubemx/CMakeFiles/STM32_Drivers.dir/__/__/Drivers/STM32U5xx_HAL_Driver/Src/stm32u5xx_hal_i2c.c.obj
                0x0800133c                HAL_I2C_Mem_Write
 .text.HAL_I2C_Mem_Read_IT
                0x080014f0       0xa4 cmake/stm32cubemx/CMakeFiles/STM32_Drivers.dir/__/__/Drivers/STM32U5xx_HAL_Driver/Src/stm32u5xx_hal_i2c.c.obj
                0x080014f0                HAL_I2C_Mem_Read_IT
 .text.HAL_I2C_EV_IRQHandler
                0x08001594        0xe cmake/stm32cubemx/CMakeFiles/STM32_Drivers.dir/__/__/Drivers/STM32U5xx_HAL_Driver/Src/stm32u5xx_hal_i2c.c.obj
                0x08001594                HAL_I2C_EV_IRQHandler
 .text.HAL_I2C_MasterTxCpltCallback
                0x080015a2        0x2 cmake/stm32cubemx/CMakeFiles/STM32_Drivers.dir/__/__/Drivers/STM32U5xx_HAL_Driver/Src/stm32u5xx_hal_i2c.c.obj
                0x080015a2                HAL_I2C_MasterTxCpltCallback
 .text.HAL_I2C_MasterRxCpltCallback
                0x080015a4        0x2 cmake/stm32cubemx/CMakeFiles/STM32_Drivers.dir/__/__/Drivers/STM32U5xx_HAL_Driver/Src/stm32u5xx_hal_i2c.c.obj
                0x080015a4                HAL_I2C_MasterRxCpltCallback
 .text.I2C_ITMasterSeqCplt
                0x080015a6       0x44 cmake/stm32cubemx/CMakeFiles/STM32_Drivers.dir/__/__/Drivers/STM32U5xx_HAL_Driver/Src/stm32u5xx_hal_i2c.c.obj
 .text.HAL_I2C_SlaveTxCpltCallback
                0x080015ea        0x2 cmake/stm32cubemx/CMakeFiles/STM32_Drivers.dir/__/__/Drivers/STM32U5xx_HAL_Driver/Src/stm32u5xx_hal_i2c.c.obj
                0x080015ea                HAL_I2C_SlaveTxCpltCallback
 .text.HAL_I2C_SlaveRxCpltCallback
                0x080015ec        0x2 cmake/stm32cubemx/CMakeFiles/STM32_Drivers.dir/__/__/Drivers/STM32U5xx_HAL_Driver/Src/stm32u5xx_hal_i2c.c.obj
                0x080015ec                HAL_I2C_SlaveRxCpltCallback
 .text.I2C_ITSlaveSeqCplt
                0x080015ee       0x6c cmake/stm32cubemx/CMakeFiles/STM32_Drivers.dir/__/__/Drivers/STM32U5xx_HAL_Driver/Src/stm32u5xx_hal_i2c.c.obj
 .text.HAL_I2C_AddrCallback
                0x0800165a        0x2 cmake/stm32cubemx/CMakeFiles/STM32_Drivers.dir/__/__/Drivers/STM32U5xx_HAL_Driver/Src/stm32u5xx_hal_i2c.c.obj
                0x0800165a                HAL_I2C_AddrCallback
 .text.I2C_ITAddrCplt.constprop.0
                0x0800165c       0x88 cmake/stm32cubemx/CMakeFiles/STM32_Drivers.dir/__/__/Drivers/STM32U5xx_HAL_Driver/Src/stm32u5xx_hal_i2c.c.obj
 .text.HAL_I2C_ListenCpltCallback
                0x080016e4        0x2 cmake/stm32cubemx/CMakeFiles/STM32_Drivers.dir/__/__/Drivers/STM32U5xx_HAL_Driver/Src/stm32u5xx_hal_i2c.c.obj
                0x080016e4                HAL_I2C_ListenCpltCallback
 *fill*         0x080016e6        0x2 
 .text.I2C_ITListenCplt
                0x080016e8       0x60 cmake/stm32cubemx/CMakeFiles/STM32_Drivers.dir/__/__/Drivers/STM32U5xx_HAL_Driver/Src/stm32u5xx_hal_i2c.c.obj
 .text.HAL_I2C_MemTxCpltCallback
                0x08001748        0x2 cmake/stm32cubemx/CMakeFiles/STM32_Drivers.dir/__/__/Drivers/STM32U5xx_HAL_Driver/Src/stm32u5xx_hal_i2c.c.obj
                0x08001748                HAL_I2C_MemTxCpltCallback
 .text.HAL_I2C_ErrorCallback
                0x0800174a        0x2 cmake/stm32cubemx/CMakeFiles/STM32_Drivers.dir/__/__/Drivers/STM32U5xx_HAL_Driver/Src/stm32u5xx_hal_i2c.c.obj
                0x0800174a                HAL_I2C_ErrorCallback
 .text.HAL_I2C_AbortCpltCallback
                0x0800174c        0x2 cmake/stm32cubemx/CMakeFiles/STM32_Drivers.dir/__/__/Drivers/STM32U5xx_HAL_Driver/Src/stm32u5xx_hal_i2c.c.obj
                0x0800174c                HAL_I2C_AbortCpltCallback
 .text.I2C_TreatErrorCallback
                0x0800174e       0x2c cmake/stm32cubemx/CMakeFiles/STM32_Drivers.dir/__/__/Drivers/STM32U5xx_HAL_Driver/Src/stm32u5xx_hal_i2c.c.obj
 *fill*         0x0800177a        0x2 
 .text.I2C_ITError
                0x0800177c      0x108 cmake/stm32cubemx/CMakeFiles/STM32_Drivers.dir/__/__/Drivers/STM32U5xx_HAL_Driver/Src/stm32u5xx_hal_i2c.c.obj
 .text.I2C_ITMasterCplt
                0x08001884       0xee cmake/stm32cubemx/CMakeFiles/STM32_Drivers.dir/__/__/Drivers/STM32U5xx_HAL_Driver/Src/stm32u5xx_hal_i2c.c.obj
 *fill*         0x08001972        0x2 
 .text.I2C_Mem_ISR_DMA
                0x08001974      0x128 cmake/stm32cubemx/CMakeFiles/STM32_Drivers.dir/__/__/Drivers/STM32U5xx_HAL_Driver/Src/stm32u5xx_hal_i2c.c.obj
 .text.I2C_Master_ISR_DMA
                0x08001a9c      0x102 cmake/stm32cubemx/CMakeFiles/STM32_Drivers.dir/__/__/Drivers/STM32U5xx_HAL_Driver/Src/stm32u5xx_hal_i2c.c.obj
 *fill*         0x08001b9e        0x2 
 .text.I2C_Mem_ISR_IT
                0x08001ba0      0x144 cmake/stm32cubemx/CMakeFiles/STM32_Drivers.dir/__/__/Drivers/STM32U5xx_HAL_Driver/Src/stm32u5xx_hal_i2c.c.obj
 .text.HAL_I2C_ER_IRQHandler
                0x08001ce4       0x60 cmake/stm32cubemx/CMakeFiles/STM32_Drivers.dir/__/__/Drivers/STM32U5xx_HAL_Driver/Src/stm32u5xx_hal_i2c.c.obj
                0x08001ce4                HAL_I2C_ER_IRQHandler
 .text.I2C_ITSlaveCplt.constprop.0
                0x08001d44      0x1c4 cmake/stm32cubemx/CMakeFiles/STM32_Drivers.dir/__/__/Drivers/STM32U5xx_HAL_Driver/Src/stm32u5xx_hal_i2c.c.obj
 .text.I2C_Slave_ISR_DMA
                0x08001f08      0x114 cmake/stm32cubemx/CMakeFiles/STM32_Drivers.dir/__/__/Drivers/STM32U5xx_HAL_Driver/Src/stm32u5xx_hal_i2c.c.obj
 .text.I2C_Slave_ISR_IT
                0x0800201c      0x112 cmake/stm32cubemx/CMakeFiles/STM32_Drivers.dir/__/__/Drivers/STM32U5xx_HAL_Driver/Src/stm32u5xx_hal_i2c.c.obj
 .text.I2C_DMAAbort
                0x0800212e       0x16 cmake/stm32cubemx/CMakeFiles/STM32_Drivers.dir/__/__/Drivers/STM32U5xx_HAL_Driver/Src/stm32u5xx_hal_i2c.c.obj
 .text.HAL_I2CEx_ConfigAnalogFilter
                0x08002144       0x4c cmake/stm32cubemx/CMakeFiles/STM32_Drivers.dir/__/__/Drivers/STM32U5xx_HAL_Driver/Src/stm32u5xx_hal_i2c_ex.c.obj
                0x08002144                HAL_I2CEx_ConfigAnalogFilter
 .text.HAL_I2CEx_ConfigDigitalFilter
                0x08002190       0x4a cmake/stm32cubemx/CMakeFiles/STM32_Drivers.dir/__/__/Drivers/STM32U5xx_HAL_Driver/Src/stm32u5xx_hal_i2c_ex.c.obj
                0x08002190                HAL_I2CEx_ConfigDigitalFilter
 *fill*         0x080021da        0x2 
 .text.RCC_SetFlashLatencyFromMSIRange
                0x080021dc       0xb8 cmake/stm32cubemx/CMakeFiles/STM32_Drivers.dir/__/__/Drivers/STM32U5xx_HAL_Driver/Src/stm32u5xx_hal_rcc.c.obj
 .text.HAL_RCC_GetSysClockFreq
                0x08002294      0x118 cmake/stm32cubemx/CMakeFiles/STM32_Drivers.dir/__/__/Drivers/STM32U5xx_HAL_Driver/Src/stm32u5xx_hal_rcc.c.obj
                0x08002294                HAL_RCC_GetSysClockFreq
 .text.HAL_RCC_ClockConfig
                0x080023ac      0x29c cmake/stm32cubemx/CMakeFiles/STM32_Drivers.dir/__/__/Drivers/STM32U5xx_HAL_Driver/Src/stm32u5xx_hal_rcc.c.obj
                0x080023ac                HAL_RCC_ClockConfig
 .text.HAL_RCC_GetHCLKFreq
                0x08002648       0x28 cmake/stm32cubemx/CMakeFiles/STM32_Drivers.dir/__/__/Drivers/STM32U5xx_HAL_Driver/Src/stm32u5xx_hal_rcc.c.obj
                0x08002648                HAL_RCC_GetHCLKFreq
 .text.HAL_RCC_OscConfig
                0x08002670      0x8c0 cmake/stm32cubemx/CMakeFiles/STM32_Drivers.dir/__/__/Drivers/STM32U5xx_HAL_Driver/Src/stm32u5xx_hal_rcc.c.obj
                0x08002670                HAL_RCC_OscConfig
 .text.RCCEx_PLL3_Config
                0x08002f30       0xd8 cmake/stm32cubemx/CMakeFiles/STM32_Drivers.dir/__/__/Drivers/STM32U5xx_HAL_Driver/Src/stm32u5xx_hal_rcc_ex.c.obj
 .text.RCCEx_PLL2_Config
                0x08003008       0xd8 cmake/stm32cubemx/CMakeFiles/STM32_Drivers.dir/__/__/Drivers/STM32U5xx_HAL_Driver/Src/stm32u5xx_hal_rcc_ex.c.obj
 .text.HAL_RCCEx_PeriphCLKConfig
                0x080030e0      0x5c4 cmake/stm32cubemx/CMakeFiles/STM32_Drivers.dir/__/__/Drivers/STM32U5xx_HAL_Driver/Src/stm32u5xx_hal_rcc_ex.c.obj
                0x080030e0                HAL_RCCEx_PeriphCLKConfig
 .text.HAL_GPIO_Init
                0x080036a4      0x21c cmake/stm32cubemx/CMakeFiles/STM32_Drivers.dir/__/__/Drivers/STM32U5xx_HAL_Driver/Src/stm32u5xx_hal_gpio.c.obj
                0x080036a4                HAL_GPIO_Init
 .text.HAL_DMA_Abort_IT
                0x080038c0       0x2a cmake/stm32cubemx/CMakeFiles/STM32_Drivers.dir/__/__/Drivers/STM32U5xx_HAL_Driver/Src/stm32u5xx_hal_dma.c.obj
                0x080038c0                HAL_DMA_Abort_IT
 .text.HAL_DMA_GetState
                0x080038ea        0x6 cmake/stm32cubemx/CMakeFiles/STM32_Drivers.dir/__/__/Drivers/STM32U5xx_HAL_Driver/Src/stm32u5xx_hal_dma.c.obj
                0x080038ea                HAL_DMA_GetState
 .text.HAL_DMA_ConfigChannelAttributes
                0x080038f0       0x3c cmake/stm32cubemx/CMakeFiles/STM32_Drivers.dir/__/__/Drivers/STM32U5xx_HAL_Driver/Src/stm32u5xx_hal_dma.c.obj
                0x080038f0                HAL_DMA_ConfigChannelAttributes
 .text.DMA_List_CheckNodesBaseAddresses
                0x0800392c       0x22 cmake/stm32cubemx/CMakeFiles/STM32_Drivers.dir/__/__/Drivers/STM32U5xx_HAL_Driver/Src/stm32u5xx_hal_dma_ex.c.obj
 .text.DMA_List_CheckNodesTypes
                0x0800394e       0x34 cmake/stm32cubemx/CMakeFiles/STM32_Drivers.dir/__/__/Drivers/STM32U5xx_HAL_Driver/Src/stm32u5xx_hal_dma_ex.c.obj
 *fill*         0x08003982        0x2 
 .text.DMA_List_FindNode
                0x08003984       0xac cmake/stm32cubemx/CMakeFiles/STM32_Drivers.dir/__/__/Drivers/STM32U5xx_HAL_Driver/Src/stm32u5xx_hal_dma_ex.c.obj
 .text.DMA_List_GetCLLRNodeInfo.isra.0
                0x08003a30       0x28 cmake/stm32cubemx/CMakeFiles/STM32_Drivers.dir/__/__/Drivers/STM32U5xx_HAL_Driver/Src/stm32u5xx_hal_dma_ex.c.obj
 .text.HAL_DMAEx_List_Init
                0x08003a58      0x1f0 cmake/stm32cubemx/CMakeFiles/STM32_Drivers.dir/__/__/Drivers/STM32U5xx_HAL_Driver/Src/stm32u5xx_hal_dma_ex.c.obj
                0x08003a58                HAL_DMAEx_List_Init
 .text.HAL_DMAEx_List_Start
                0x08003c48       0x86 cmake/stm32cubemx/CMakeFiles/STM32_Drivers.dir/__/__/Drivers/STM32U5xx_HAL_Driver/Src/stm32u5xx_hal_dma_ex.c.obj
                0x08003c48                HAL_DMAEx_List_Start
 *fill*         0x08003cce        0x2 
 .text.HAL_DMAEx_List_BuildNode
                0x08003cd0      0x13c cmake/stm32cubemx/CMakeFiles/STM32_Drivers.dir/__/__/Drivers/STM32U5xx_HAL_Driver/Src/stm32u5xx_hal_dma_ex.c.obj
                0x08003cd0                HAL_DMAEx_List_BuildNode
 .text.HAL_DMAEx_List_InsertNode
                0x08003e0c       0xde cmake/stm32cubemx/CMakeFiles/STM32_Drivers.dir/__/__/Drivers/STM32U5xx_HAL_Driver/Src/stm32u5xx_hal_dma_ex.c.obj
                0x08003e0c                HAL_DMAEx_List_InsertNode
 .text.HAL_DMAEx_List_SetCircularMode
                0x08003eea       0x62 cmake/stm32cubemx/CMakeFiles/STM32_Drivers.dir/__/__/Drivers/STM32U5xx_HAL_Driver/Src/stm32u5xx_hal_dma_ex.c.obj
                0x08003eea                HAL_DMAEx_List_SetCircularMode
 .text.HAL_DMAEx_List_LinkQ
                0x08003f4c       0xa0 cmake/stm32cubemx/CMakeFiles/STM32_Drivers.dir/__/__/Drivers/STM32U5xx_HAL_Driver/Src/stm32u5xx_hal_dma_ex.c.obj
                0x08003f4c                HAL_DMAEx_List_LinkQ
 .text.HAL_DMAEx_GetFifoLevel
                0x08003fec        0xa cmake/stm32cubemx/CMakeFiles/STM32_Drivers.dir/__/__/Drivers/STM32U5xx_HAL_Driver/Src/stm32u5xx_hal_dma_ex.c.obj
                0x08003fec                HAL_DMAEx_GetFifoLevel
 *fill*         0x08003ff6        0x2 
 .text.HAL_PWREx_ControlVoltageScaling
                0x08003ff8       0x80 cmake/stm32cubemx/CMakeFiles/STM32_Drivers.dir/__/__/Drivers/STM32U5xx_HAL_Driver/Src/stm32u5xx_hal_pwr_ex.c.obj
                0x08003ff8                HAL_PWREx_ControlVoltageScaling
 .text.HAL_PWREx_GetVoltageRange
                0x08004078       0x10 cmake/stm32cubemx/CMakeFiles/STM32_Drivers.dir/__/__/Drivers/STM32U5xx_HAL_Driver/Src/stm32u5xx_hal_pwr_ex.c.obj
                0x08004078                HAL_PWREx_GetVoltageRange
 .text.HAL_ICACHE_Enable
                0x08004088       0x14 cmake/stm32cubemx/CMakeFiles/STM32_Drivers.dir/__/__/Drivers/STM32U5xx_HAL_Driver/Src/stm32u5xx_hal_icache.c.obj
                0x08004088                HAL_ICACHE_Enable
 .text.HAL_TIM_Base_Start
                0x0800409c       0xac cmake/stm32cubemx/CMakeFiles/STM32_Drivers.dir/__/__/Drivers/STM32U5xx_HAL_Driver/Src/stm32u5xx_hal_tim.c.obj
                0x0800409c                HAL_TIM_Base_Start
 .text.HAL_TIM_Base_Start_IT
                0x08004148       0xb4 cmake/stm32cubemx/CMakeFiles/STM32_Drivers.dir/__/__/Drivers/STM32U5xx_HAL_Driver/Src/stm32u5xx_hal_tim.c.obj
                0x08004148                HAL_TIM_Base_Start_IT
 .text.HAL_TIM_OC_DelayElapsedCallback
                0x080041fc        0x2 cmake/stm32cubemx/CMakeFiles/STM32_Drivers.dir/__/__/Drivers/STM32U5xx_HAL_Driver/Src/stm32u5xx_hal_tim.c.obj
                0x080041fc                HAL_TIM_OC_DelayElapsedCallback
 .text.HAL_TIM_IC_CaptureCallback
                0x080041fe        0x2 cmake/stm32cubemx/CMakeFiles/STM32_Drivers.dir/__/__/Drivers/STM32U5xx_HAL_Driver/Src/stm32u5xx_hal_tim.c.obj
                0x080041fe                HAL_TIM_IC_CaptureCallback
 .text.HAL_TIM_PWM_PulseFinishedCallback
                0x08004200        0x2 cmake/stm32cubemx/CMakeFiles/STM32_Drivers.dir/__/__/Drivers/STM32U5xx_HAL_Driver/Src/stm32u5xx_hal_tim.c.obj
                0x08004200                HAL_TIM_PWM_PulseFinishedCallback
 .text.HAL_TIM_TriggerCallback
                0x08004202        0x2 cmake/stm32cubemx/CMakeFiles/STM32_Drivers.dir/__/__/Drivers/STM32U5xx_HAL_Driver/Src/stm32u5xx_hal_tim.c.obj
                0x08004202                HAL_TIM_TriggerCallback
 .text.HAL_TIM_IRQHandler
                0x08004204      0x19e cmake/stm32cubemx/CMakeFiles/STM32_Drivers.dir/__/__/Drivers/STM32U5xx_HAL_Driver/Src/stm32u5xx_hal_tim.c.obj
                0x08004204                HAL_TIM_IRQHandler
 *fill*         0x080043a2        0x2 
 .text.TIM_Base_SetConfig
                0x080043a4      0x16c cmake/stm32cubemx/CMakeFiles/STM32_Drivers.dir/__/__/Drivers/STM32U5xx_HAL_Driver/Src/stm32u5xx_hal_tim.c.obj
                0x080043a4                TIM_Base_SetConfig
 .text.HAL_TIM_Base_Init
                0x08004510       0x60 cmake/stm32cubemx/CMakeFiles/STM32_Drivers.dir/__/__/Drivers/STM32U5xx_HAL_Driver/Src/stm32u5xx_hal_tim.c.obj
                0x08004510                HAL_TIM_Base_Init
 .text.TIM_ETR_SetConfig
                0x08004570       0x14 cmake/stm32cubemx/CMakeFiles/STM32_Drivers.dir/__/__/Drivers/STM32U5xx_HAL_Driver/Src/stm32u5xx_hal_tim.c.obj
                0x08004570                TIM_ETR_SetConfig
 .text.HAL_TIM_ConfigClockSource
                0x08004584      0x17c cmake/stm32cubemx/CMakeFiles/STM32_Drivers.dir/__/__/Drivers/STM32U5xx_HAL_Driver/Src/stm32u5xx_hal_tim.c.obj
                0x08004584                HAL_TIM_ConfigClockSource
 .text.HAL_TIMEx_MasterConfigSynchronization
                0x08004700       0xdc cmake/stm32cubemx/CMakeFiles/STM32_Drivers.dir/__/__/Drivers/STM32U5xx_HAL_Driver/Src/stm32u5xx_hal_tim_ex.c.obj
                0x08004700                HAL_TIMEx_MasterConfigSynchronization
 .text.HAL_TIMEx_CommutCallback
                0x080047dc        0x2 cmake/stm32cubemx/CMakeFiles/STM32_Drivers.dir/__/__/Drivers/STM32U5xx_HAL_Driver/Src/stm32u5xx_hal_tim_ex.c.obj
                0x080047dc                HAL_TIMEx_CommutCallback
 .text.HAL_TIMEx_BreakCallback
                0x080047de        0x2 cmake/stm32cubemx/CMakeFiles/STM32_Drivers.dir/__/__/Drivers/STM32U5xx_HAL_Driver/Src/stm32u5xx_hal_tim_ex.c.obj
                0x080047de                HAL_TIMEx_BreakCallback
 .text.HAL_TIMEx_Break2Callback
                0x080047e0        0x2 cmake/stm32cubemx/CMakeFiles/STM32_Drivers.dir/__/__/Drivers/STM32U5xx_HAL_Driver/Src/stm32u5xx_hal_tim_ex.c.obj
                0x080047e0                HAL_TIMEx_Break2Callback
 .text.HAL_TIMEx_EncoderIndexCallback
                0x080047e2        0x2 cmake/stm32cubemx/CMakeFiles/STM32_Drivers.dir/__/__/Drivers/STM32U5xx_HAL_Driver/Src/stm32u5xx_hal_tim_ex.c.obj
                0x080047e2                HAL_TIMEx_EncoderIndexCallback
 .text.HAL_TIMEx_DirectionChangeCallback
                0x080047e4        0x2 cmake/stm32cubemx/CMakeFiles/STM32_Drivers.dir/__/__/Drivers/STM32U5xx_HAL_Driver/Src/stm32u5xx_hal_tim_ex.c.obj
                0x080047e4                HAL_TIMEx_DirectionChangeCallback
 .text.HAL_TIMEx_IndexErrorCallback
                0x080047e6        0x2 cmake/stm32cubemx/CMakeFiles/STM32_Drivers.dir/__/__/Drivers/STM32U5xx_HAL_Driver/Src/stm32u5xx_hal_tim_ex.c.obj
                0x080047e6                HAL_TIMEx_IndexErrorCallback
 .text.HAL_TIMEx_TransitionErrorCallback
                0x080047e8        0x2 cmake/stm32cubemx/CMakeFiles/STM32_Drivers.dir/__/__/Drivers/STM32U5xx_HAL_Driver/Src/stm32u5xx_hal_tim_ex.c.obj
                0x080047e8                HAL_TIMEx_TransitionErrorCallback
 .text.SystemClock_Config
                0x080047ea       0x7e CMakeFiles/stm32u585q_liqsim.dir/Core/Src/main.c.obj
                0x080047ea                SystemClock_Config
 .text.startup.main
                0x08004868      0x348 CMakeFiles/stm32u585q_liqsim.dir/Core/Src/main.c.obj
                0x08004868                main
 .text.HAL_TIM_PeriodElapsedCallback
                0x08004bb0       0x18 CMakeFiles/stm32u585q_liqsim.dir/Core/Src/main.c.obj
                0x08004bb0                HAL_TIM_PeriodElapsedCallback
 .text.HAL_I2C_MemRxCpltCallback
                0x08004bc8       0x48 CMakeFiles/stm32u585q_liqsim.dir/Core/Src/main.c.obj
                0x08004bc8                HAL_I2C_MemRxCpltCallback
 .text.Error_Handler
                0x08004c10        0x4 CMakeFiles/stm32u585q_liqsim.dir/Core/Src/main.c.obj
                0x08004c10                Error_Handler
 .text.NMI_Handler
                0x08004c14        0x2 CMakeFiles/stm32u585q_liqsim.dir/Core/Src/stm32u5xx_it.c.obj
                0x08004c14                NMI_Handler
 .text.HardFault_Handler
                0x08004c16        0x2 CMakeFiles/stm32u585q_liqsim.dir/Core/Src/stm32u5xx_it.c.obj
                0x08004c16                HardFault_Handler
 .text.MemManage_Handler
                0x08004c18        0x2 CMakeFiles/stm32u585q_liqsim.dir/Core/Src/stm32u5xx_it.c.obj
                0x08004c18                MemManage_Handler
 .text.BusFault_Handler
                0x08004c1a        0x2 CMakeFiles/stm32u585q_liqsim.dir/Core/Src/stm32u5xx_it.c.obj
                0x08004c1a                BusFault_Handler
 .text.UsageFault_Handler
                0x08004c1c        0x2 CMakeFiles/stm32u585q_liqsim.dir/Core/Src/stm32u5xx_it.c.obj
                0x08004c1c                UsageFault_Handler
 .text.SVC_Handler
                0x08004c1e        0x2 CMakeFiles/stm32u585q_liqsim.dir/Core/Src/stm32u5xx_it.c.obj
                0x08004c1e                SVC_Handler
 .text.DebugMon_Handler
                0x08004c20        0x2 CMakeFiles/stm32u585q_liqsim.dir/Core/Src/stm32u5xx_it.c.obj
                0x08004c20                DebugMon_Handler
 .text.PendSV_Handler
                0x08004c22        0x2 CMakeFiles/stm32u585q_liqsim.dir/Core/Src/stm32u5xx_it.c.obj
                0x08004c22                PendSV_Handler
 .text.SysTick_Handler
                0x08004c24        0x4 CMakeFiles/stm32u585q_liqsim.dir/Core/Src/stm32u5xx_it.c.obj
                0x08004c24                SysTick_Handler
 .text.TIM17_IRQHandler
                0x08004c28        0xc CMakeFiles/stm32u585q_liqsim.dir/Core/Src/stm32u5xx_it.c.obj
                0x08004c28                TIM17_IRQHandler
 .text.I2C4_EV_IRQHandler
                0x08004c34        0xc CMakeFiles/stm32u585q_liqsim.dir/Core/Src/stm32u5xx_it.c.obj
                0x08004c34                I2C4_EV_IRQHandler
 .text.I2C4_ER_IRQHandler
                0x08004c40        0xc CMakeFiles/stm32u585q_liqsim.dir/Core/Src/stm32u5xx_it.c.obj
                0x08004c40                I2C4_ER_IRQHandler
 .text.HAL_MspInit
                0x08004c4c       0x24 CMakeFiles/stm32u585q_liqsim.dir/Core/Src/stm32u5xx_hal_msp.c.obj
                0x08004c4c                HAL_MspInit
 .text.HAL_I2C_MspInit
                0x08004c70       0xb4 CMakeFiles/stm32u585q_liqsim.dir/Core/Src/stm32u5xx_hal_msp.c.obj
                0x08004c70                HAL_I2C_MspInit
 .text.HAL_TIM_Base_MspInit
                0x08004d24       0x6c CMakeFiles/stm32u585q_liqsim.dir/Core/Src/stm32u5xx_hal_msp.c.obj
                0x08004d24                HAL_TIM_Base_MspInit
 .text.Reset_Handler
                0x08004d90       0x50 CMakeFiles/stm32u585q_liqsim.dir/startup_stm32u585xx.s.obj
                0x08004d90                Reset_Handler
 .text.Default_Handler
                0x08004de0        0x2 CMakeFiles/stm32u585q_liqsim.dir/startup_stm32u585xx.s.obj
                0x08004de0                HASH_IRQHandler
                0x08004de0                TIM8_TRG_COM_IRQHandler
                0x08004de0                TIM8_CC_IRQHandler
                0x08004de0                EXTI5_IRQHandler
                0x08004de0                FLASH_S_IRQHandler
                0x08004de0                EXTI13_IRQHandler
                0x08004de0                TIM1_CC_IRQHandler
                0x08004de0                TSC_IRQHandler
                0x08004de0                TAMP_IRQHandler
                0x08004de0                TIM6_IRQHandler
                0x08004de0                EXTI12_IRQHandler
                0x08004de0                CORDIC_IRQHandler
                0x08004de0                EXTI3_IRQHandler
                0x08004de0                LPTIM4_IRQHandler
                0x08004de0                GPDMA1_Channel5_IRQHandler
                0x08004de0                EXTI8_IRQHandler
                0x08004de0                LPTIM2_IRQHandler
                0x08004de0                I2C3_ER_IRQHandler
                0x08004de0                PWR_S3WU_IRQHandler
                0x08004de0                MDF1_FLT2_IRQHandler
                0x08004de0                LPDMA1_Channel3_IRQHandler
                0x08004de0                LPTIM3_IRQHandler
                0x08004de0                EXTI0_IRQHandler
                0x08004de0                I2C2_EV_IRQHandler
                0x08004de0                FPU_IRQHandler
                0x08004de0                GPDMA1_Channel3_IRQHandler
                0x08004de0                GPDMA1_Channel7_IRQHandler
                0x08004de0                MDF1_FLT4_IRQHandler
                0x08004de0                FDCAN1_IT1_IRQHandler
                0x08004de0                RAMCFG_IRQHandler
                0x08004de0                GPDMA1_Channel9_IRQHandler
                0x08004de0                DCACHE1_IRQHandler
                0x08004de0                SPI1_IRQHandler
                0x08004de0                OCTOSPI1_IRQHandler
                0x08004de0                GPDMA1_Channel2_IRQHandler
                0x08004de0                TIM8_UP_IRQHandler
                0x08004de0                RCC_S_IRQHandler
                0x08004de0                OCTOSPI2_IRQHandler
                0x08004de0                SAI2_IRQHandler
                0x08004de0                MDF1_FLT1_IRQHandler
                0x08004de0                ADC1_IRQHandler
                0x08004de0                PKA_IRQHandler
                0x08004de0                MDF1_FLT5_IRQHandler
                0x08004de0                EXTI15_IRQHandler
                0x08004de0                USART3_IRQHandler
                0x08004de0                RTC_IRQHandler
                0x08004de0                EXTI9_IRQHandler
                0x08004de0                UART5_IRQHandler
                0x08004de0                TIM4_IRQHandler
                0x08004de0                I2C1_EV_IRQHandler
                0x08004de0                GPDMA1_Channel12_IRQHandler
                0x08004de0                GPDMA1_Channel1_IRQHandler
                0x08004de0                TIM16_IRQHandler
                0x08004de0                GPDMA1_Channel15_IRQHandler
                0x08004de0                UART4_IRQHandler
                0x08004de0                SecureFault_Handler
                0x08004de0                TIM3_IRQHandler
                0x08004de0                RCC_IRQHandler
                0x08004de0                TIM1_TRG_COM_IRQHandler
                0x08004de0                Default_Handler
                0x08004de0                GPDMA1_Channel8_IRQHandler
                0x08004de0                FMAC_IRQHandler
                0x08004de0                OTFDEC1_IRQHandler
                0x08004de0                GPDMA1_Channel11_IRQHandler
                0x08004de0                TIM7_IRQHandler
                0x08004de0                SDMMC1_IRQHandler
                0x08004de0                SAES_IRQHandler
                0x08004de0                TIM5_IRQHandler
                0x08004de0                UCPD1_IRQHandler
                0x08004de0                GPDMA1_Channel0_IRQHandler
                0x08004de0                TIM15_IRQHandler
                0x08004de0                I2C3_EV_IRQHandler
                0x08004de0                LPDMA1_Channel0_IRQHandler
                0x08004de0                PVD_PVM_IRQHandler
                0x08004de0                SPI2_IRQHandler
                0x08004de0                LPDMA1_Channel1_IRQHandler
                0x08004de0                EXTI14_IRQHandler
                0x08004de0                EXTI11_IRQHandler
                0x08004de0                OTFDEC2_IRQHandler
                0x08004de0                CRS_IRQHandler
                0x08004de0                GPDMA1_Channel14_IRQHandler
                0x08004de0                LSECSSD_IRQHandler
                0x08004de0                EXTI4_IRQHandler
                0x08004de0                RTC_S_IRQHandler
                0x08004de0                GPDMA1_Channel13_IRQHandler
                0x08004de0                RNG_IRQHandler
                0x08004de0                COMP_IRQHandler
                0x08004de0                TIM1_UP_IRQHandler
                0x08004de0                ADC4_IRQHandler
                0x08004de0                WWDG_IRQHandler
                0x08004de0                ADF1_IRQHandler
                0x08004de0                IWDG_IRQHandler
                0x08004de0                LPUART1_IRQHandler
                0x08004de0                MDF1_FLT0_IRQHandler
                0x08004de0                FDCAN1_IT0_IRQHandler
                0x08004de0                TIM2_IRQHandler
                0x08004de0                GPDMA1_Channel4_IRQHandler
                0x08004de0                EXTI7_IRQHandler
                0x08004de0                DMA2D_IRQHandler
                0x08004de0                TIM1_BRK_IRQHandler
                0x08004de0                EXTI1_IRQHandler
                0x08004de0                SDMMC2_IRQHandler
                0x08004de0                AES_IRQHandler
                0x08004de0                DAC1_IRQHandler
                0x08004de0                GTZC_IRQHandler
                0x08004de0                MDF1_FLT3_IRQHandler
                0x08004de0                USART2_IRQHandler
                0x08004de0                GPDMA1_Channel6_IRQHandler
                0x08004de0                I2C2_ER_IRQHandler
                0x08004de0                TIM8_BRK_IRQHandler
                0x08004de0                FLASH_IRQHandler
                0x08004de0                USART1_IRQHandler
                0x08004de0                EXTI10_IRQHandler
                0x08004de0                OTG_FS_IRQHandler
                0x08004de0                SPI3_IRQHandler
                0x08004de0                LPDMA1_Channel2_IRQHandler
                0x08004de0                I2C1_ER_IRQHandler
                0x08004de0                FMC_IRQHandler
                0x08004de0                EXTI6_IRQHandler
                0x08004de0                LPTIM1_IRQHandler
                0x08004de0                DCMI_PSSI_IRQHandler
                0x08004de0                GPDMA1_Channel10_IRQHandler
                0x08004de0                ICACHE_IRQHandler
                0x08004de0                SAI1_IRQHandler
                0x08004de0                EXTI2_IRQHandler
 *fill*         0x08004de2        0x2 
 .text.Liq_Convert_Image_To_DMA
                0x08004de4       0x90 CMakeFiles/stm32u585q_liqsim.dir/Core/Src/liqsim.c.obj
                0x08004de4                Liq_Convert_Image_To_DMA
 .text.Fluid_Integrate_Particles
                0x08004e74       0xae CMakeFiles/stm32u585q_liqsim.dir/Core/Src/flip_fluid.c.obj
                0x08004e74                Fluid_Integrate_Particles
 *fill*         0x08004f22        0x6 
 .text.Fluid_Push_Particle_Apart
                0x08004f28      0x494 CMakeFiles/stm32u585q_liqsim.dir/Core/Src/flip_fluid.c.obj
                0x08004f28                Fluid_Push_Particle_Apart
 .text.Fluid_Handle_Collisions
                0x080053bc      0x164 CMakeFiles/stm32u585q_liqsim.dir/Core/Src/flip_fluid.c.obj
                0x080053bc                Fluid_Handle_Collisions
 .text.Fluid_Update_Density
                0x08005520      0x26c CMakeFiles/stm32u585q_liqsim.dir/Core/Src/flip_fluid.c.obj
                0x08005520                Fluid_Update_Density
 .text.Fluid_Transfer_Velocities
                0x0800578c      0x680 CMakeFiles/stm32u585q_liqsim.dir/Core/Src/flip_fluid.c.obj
                0x0800578c                Fluid_Transfer_Velocities
 .text.Fluid_Solve_Incompressibility
                0x08005e0c      0x1a6 CMakeFiles/stm32u585q_liqsim.dir/Core/Src/flip_fluid.c.obj
                0x08005e0c                Fluid_Solve_Incompressibility
 .text.Fluid_Simulate
                0x08005fb2       0x6c CMakeFiles/stm32u585q_liqsim.dir/Core/Src/flip_fluid.c.obj
                0x08005fb2                Fluid_Simulate
 *fill*         0x0800601e        0x2 
 .text.Fluid_Create_Particles
                0x08006020       0xb8 CMakeFiles/stm32u585q_liqsim.dir/Core/Src/flip_fluid.c.obj
                0x08006020                Fluid_Create_Particles
 .text.Fluid_Init
                0x080060d8      0x24c CMakeFiles/stm32u585q_liqsim.dir/Core/Src/flip_fluid.c.obj
                0x080060d8                Fluid_Init
 .text.Fluid_Draw
                0x08006324       0x5a CMakeFiles/stm32u585q_liqsim.dir/Core/Src/flip_fluid.c.obj
                0x08006324                Fluid_Draw
 .text.MPU6050_Init
                0x0800637e       0x2e CMakeFiles/stm32u585q_liqsim.dir/Core/Src/mpu6050.c.obj
                0x0800637e                MPU6050_Init
 .text.MPU6050_Read_Accel_IT
                0x080063ac       0x1c CMakeFiles/stm32u585q_liqsim.dir/Core/Src/mpu6050.c.obj
                0x080063ac                MPU6050_Read_Accel_IT
 .text.__errno  0x080063c8        0xc /opt/ST/STM32CubeCLT_1.16.0/GNU-tools-for-STM32/bin/../lib/gcc/arm-none-eabi/12.3.1/../../../../arm-none-eabi/lib/thumb/v8-m.main+fp/hard/libg_nano.a(libc_a-errno.o)
                0x080063c8                __errno
 .text.memcpy   0x080063d4       0x1a /opt/ST/STM32CubeCLT_1.16.0/GNU-tools-for-STM32/bin/../lib/gcc/arm-none-eabi/12.3.1/../../../../arm-none-eabi/lib/thumb/v8-m.main+fp/hard/libg_nano.a(libc_a-memcpy-stub.o)
                0x080063d4                memcpy
 .text.fmin     0x080063ee       0x54 /opt/ST/STM32CubeCLT_1.16.0/GNU-tools-for-STM32/bin/../lib/gcc/arm-none-eabi/12.3.1/../../../../arm-none-eabi/lib/thumb/v8-m.main+fp/hard/libm.a(libm_a-s_fmin.o)
                0x080063ee                fmin
 *fill*         0x08006442        0x2 
 .text.__fpclassifyd
                0x08006444       0x54 /opt/ST/STM32CubeCLT_1.16.0/GNU-tools-for-STM32/bin/../lib/gcc/arm-none-eabi/12.3.1/../../../../arm-none-eabi/lib/thumb/v8-m.main+fp/hard/libm.a(libm_a-s_fpclassify.o)
                0x08006444                __fpclassifyd
 .text.sqrt     0x08006498       0x58 /opt/ST/STM32CubeCLT_1.16.0/GNU-tools-for-STM32/bin/../lib/gcc/arm-none-eabi/12.3.1/../../../../arm-none-eabi/lib/thumb/v8-m.main+fp/hard/libm.a(libm_a-w_sqrt.o)
                0x08006498                sqrt
 .text.__ieee754_sqrt
                0x080064f0      0x1bc /opt/ST/STM32CubeCLT_1.16.0/GNU-tools-for-STM32/bin/../lib/gcc/arm-none-eabi/12.3.1/../../../../arm-none-eabi/lib/thumb/v8-m.main+fp/hard/libm.a(libm_a-e_sqrt.o)
                0x080064f0                __ieee754_sqrt
 *fill*         0x080066ac        0x4 
 .text.floor    0x080066b0      0x100 /opt/ST/STM32CubeCLT_1.16.0/GNU-tools-for-STM32/bin/../lib/gcc/arm-none-eabi/12.3.1/../../../../arm-none-eabi/lib/thumb/v8-m.main+fp/hard/libm.a(libm_a-s_floor.o)
                0x080066b0                floor
 .text.fmax     0x080067b0       0x54 /opt/ST/STM32CubeCLT_1.16.0/GNU-tools-for-STM32/bin/../lib/gcc/arm-none-eabi/12.3.1/../../../../arm-none-eabi/lib/thumb/v8-m.main+fp/hard/libm.a(libm_a-s_fmax.o)
                0x080067b0                fmax
 *(.glue_7)
 .glue_7        0x08006804        0x0 linker stubs
 *(.glue_7t)
 .glue_7t       0x08006804        0x0 linker stubs
 *(.eh_frame)
 .eh_frame      0x08006804        0x0 /opt/ST/STM32CubeCLT_1.16.0/GNU-tools-for-STM32/bin/../lib/gcc/arm-none-eabi/12.3.1/thumb/v8-m.main+fp/hard/crtbegin.o
 *(.init)
 .init          0x08006804        0x4 /opt/ST/STM32CubeCLT_1.16.0/GNU-tools-for-STM32/bin/../lib/gcc/arm-none-eabi/12.3.1/thumb/v8-m.main+fp/hard/crti.o
                0x08006804                _init
 .init          0x08006808        0x8 /opt/ST/STM32CubeCLT_1.16.0/GNU-tools-for-STM32/bin/../lib/gcc/arm-none-eabi/12.3.1/thumb/v8-m.main+fp/hard/crtn.o
 *(.fini)
 .fini          0x08006810        0x4 /opt/ST/STM32CubeCLT_1.16.0/GNU-tools-for-STM32/bin/../lib/gcc/arm-none-eabi/12.3.1/thumb/v8-m.main+fp/hard/crti.o
                0x08006810                _fini
 .fini          0x08006814        0x8 /opt/ST/STM32CubeCLT_1.16.0/GNU-tools-for-STM32/bin/../lib/gcc/arm-none-eabi/12.3.1/thumb/v8-m.main+fp/hard/crtn.o
                0x08006820                        . = ALIGN (0x8)
 *fill*         0x0800681c        0x4 
                0x08006820                        _etext = .

.vfp11_veneer   0x08006820        0x0
 .vfp11_veneer  0x08006820        0x0 linker stubs

.v4_bx          0x08006820        0x0
 .v4_bx         0x08006820        0x0 linker stubs

.iplt           0x08006820        0x0
 .iplt          0x08006820        0x0 /opt/ST/STM32CubeCLT_1.16.0/GNU-tools-for-STM32/bin/../lib/gcc/arm-none-eabi/12.3.1/thumb/v8-m.main+fp/hard/crtbegin.o

.rodata         0x08006820      0x600
                0x08006820                        . = ALIGN (0x8)
 *(.rodata)
 *(.rodata*)
 .rodata.MSIRangeTable
                0x08006820       0x40 cmake/stm32cubemx/CMakeFiles/STM32_Drivers.dir/__/__/Core/Src/system_stm32u5xx.c.obj
                0x08006820                MSIRangeTable
 .rodata.AHBPrescTable
                0x08006860       0x10 cmake/stm32cubemx/CMakeFiles/STM32_Drivers.dir/__/__/Core/Src/system_stm32u5xx.c.obj
                0x08006860                AHBPrescTable
 .rodata.LPGPIO_Map
                0x08006870       0x80 cmake/stm32cubemx/CMakeFiles/STM32_Drivers.dir/__/__/Drivers/STM32U5xx_HAL_Driver/Src/stm32u5xx_hal_gpio.c.obj
 .rodata.Liq_Display_Mask
                0x080068f0       0x20 CMakeFiles/stm32u585q_liqsim.dir/Core/Src/liqsim_const.c.obj
                0x080068f0                Liq_Display_Mask
 .rodata.Liq_MODER
                0x08006910      0x360 CMakeFiles/stm32u585q_liqsim.dir/Core/Src/liqsim_const.c.obj
                0x08006910                Liq_MODER
 .rodata.Liq_ODR
                0x08006c70      0x1b0 CMakeFiles/stm32u585q_liqsim.dir/Core/Src/liqsim_const.c.obj
                0x08006c70                Liq_ODR
                0x08006e20                        . = ALIGN (0x8)

.ARM.extab      0x08006e20        0x0
                0x08006e20                        . = ALIGN (0x8)
 *(.ARM.extab* .gnu.linkonce.armextab.*)
                0x08006e20                        . = ALIGN (0x8)

.ARM            0x08006e20        0x0
                0x08006e20                        . = ALIGN (0x8)
                0x08006e20                        __exidx_start = .
 *(.ARM.exidx*)
                0x08006e20                        __exidx_end = .
                0x08006e20                        . = ALIGN (0x8)

.preinit_array  0x08006e20        0x0
                0x08006e20                        . = ALIGN (0x8)
                0x08006e20                        PROVIDE (__preinit_array_start = .)
 *(.preinit_array*)
                0x08006e20                        PROVIDE (__preinit_array_end = .)
                0x08006e20                        . = ALIGN (0x8)

.init_array     0x08006e20        0x8
                0x08006e20                        . = ALIGN (0x8)
                0x08006e20                        PROVIDE (__init_array_start = .)
 *(SORT_BY_NAME(.init_array.*))
 *(.init_array*)
 .init_array    0x08006e20        0x4 /opt/ST/STM32CubeCLT_1.16.0/GNU-tools-for-STM32/bin/../lib/gcc/arm-none-eabi/12.3.1/thumb/v8-m.main+fp/hard/crtbegin.o
                0x08006e24                        PROVIDE (__init_array_end = .)
                0x08006e28                        . = ALIGN (0x8)
 *fill*         0x08006e24        0x4 

.fini_array     0x08006e28        0x8
                0x08006e28                        . = ALIGN (0x8)
                [!provide]                        PROVIDE (__fini_array_start = .)
 *(SORT_BY_NAME(.fini_array.*))
 *(.fini_array*)
 .fini_array    0x08006e28        0x4 /opt/ST/STM32CubeCLT_1.16.0/GNU-tools-for-STM32/bin/../lib/gcc/arm-none-eabi/12.3.1/thumb/v8-m.main+fp/hard/crtbegin.o
                [!provide]                        PROVIDE (__fini_array_end = .)
                0x08006e30                        . = ALIGN (0x8)
 *fill*         0x08006e2c        0x4 
                0x08006e30                        _sidata = LOADADDR (.data)

.rel.dyn        0x08006e30        0x0
 .rel.iplt      0x08006e30        0x0 /opt/ST/STM32CubeCLT_1.16.0/GNU-tools-for-STM32/bin/../lib/gcc/arm-none-eabi/12.3.1/thumb/v8-m.main+fp/hard/crtbegin.o

.data           0x20000000       0x90 load address 0x08006e30
                0x20000000                        . = ALIGN (0x8)
                0x20000000                        _sdata = .
 *(.data)
 *(.data*)
 .data._impure_ptr
                0x20000000        0x4 /opt/ST/STM32CubeCLT_1.16.0/GNU-tools-for-STM32/bin/../lib/gcc/arm-none-eabi/12.3.1/../../../../arm-none-eabi/lib/thumb/v8-m.main+fp/hard/libc_nano.a(libc_a-impure.o)
                0x20000000                _impure_ptr
 .data._impure_data
                0x20000004       0x4c /opt/ST/STM32CubeCLT_1.16.0/GNU-tools-for-STM32/bin/../lib/gcc/arm-none-eabi/12.3.1/../../../../arm-none-eabi/lib/thumb/v8-m.main+fp/hard/libc_nano.a(libc_a-impure.o)
                0x20000004                _impure_data
 .data.SystemCoreClock
                0x20000050        0x4 cmake/stm32cubemx/CMakeFiles/STM32_Drivers.dir/__/__/Core/Src/system_stm32u5xx.c.obj
                0x20000050                SystemCoreClock
 .data.uwTickFreq
                0x20000054        0x1 cmake/stm32cubemx/CMakeFiles/STM32_Drivers.dir/__/__/Drivers/STM32U5xx_HAL_Driver/Src/stm32u5xx_hal.c.obj
                0x20000054                uwTickFreq
 *fill*         0x20000055        0x3 
 .data.uwTickPrio
                0x20000058        0x4 cmake/stm32cubemx/CMakeFiles/STM32_Drivers.dir/__/__/Drivers/STM32U5xx_HAL_Driver/Src/stm32u5xx_hal.c.obj
                0x20000058                uwTickPrio
 .data.App_Running_Flag
                0x2000005c        0x4 CMakeFiles/stm32u585q_liqsim.dir/Core/Src/main.c.obj
 .data.Liq_Display_Buffer
                0x20000060       0x20 CMakeFiles/stm32u585q_liqsim.dir/Core/Src/main.c.obj
                0x20000060                Liq_Display_Buffer
 .data.tiny     0x20000080        0x8 /opt/ST/STM32CubeCLT_1.16.0/GNU-tools-for-STM32/bin/../lib/gcc/arm-none-eabi/12.3.1/../../../../arm-none-eabi/lib/thumb/v8-m.main+fp/hard/libm.a(libm_a-e_sqrt.o)
 .data.one      0x20000088        0x8 /opt/ST/STM32CubeCLT_1.16.0/GNU-tools-for-STM32/bin/../lib/gcc/arm-none-eabi/12.3.1/../../../../arm-none-eabi/lib/thumb/v8-m.main+fp/hard/libm.a(libm_a-e_sqrt.o)
                0x20000090                        . = ALIGN (0x8)
                0x20000090                        _edata = .

.igot.plt       0x20000090        0x0 load address 0x08006ec0
 .igot.plt      0x20000090        0x0 /opt/ST/STM32CubeCLT_1.16.0/GNU-tools-for-STM32/bin/../lib/gcc/arm-none-eabi/12.3.1/thumb/v8-m.main+fp/hard/crtbegin.o
                0x20000090                        . = ALIGN (0x8)

.bss            0x20000090     0xc1c0 load address 0x08006ec0
                0x20000090                        _sbss = .
                0x20000090                        __bss_start__ = _sbss
 *(.bss)
 .bss           0x20000090       0x1c /opt/ST/STM32CubeCLT_1.16.0/GNU-tools-for-STM32/bin/../lib/gcc/arm-none-eabi/12.3.1/thumb/v8-m.main+fp/hard/crtbegin.o
 *(.bss*)
 .bss.__sf      0x200000ac      0x138 /opt/ST/STM32CubeCLT_1.16.0/GNU-tools-for-STM32/bin/../lib/gcc/arm-none-eabi/12.3.1/../../../../arm-none-eabi/lib/thumb/v8-m.main+fp/hard/libc_nano.a(libc_a-findfp.o)
                0x200000ac                __sf
 .bss.uwTick    0x200001e4        0x4 cmake/stm32cubemx/CMakeFiles/STM32_Drivers.dir/__/__/Drivers/STM32U5xx_HAL_Driver/Src/stm32u5xx_hal.c.obj
                0x200001e4                uwTick
 .bss.mpu6050   0x200001e8       0x10 CMakeFiles/stm32u585q_liqsim.dir/Core/Src/main.c.obj
 .bss.fluid     0x200001f8     0xb3e0 CMakeFiles/stm32u585q_liqsim.dir/Core/Src/main.c.obj
 .bss.htim17    0x2000b5d8       0x4c CMakeFiles/stm32u585q_liqsim.dir/Core/Src/main.c.obj
                0x2000b5d8                htim17
 .bss.htim15    0x2000b624       0x4c CMakeFiles/stm32u585q_liqsim.dir/Core/Src/main.c.obj
                0x2000b624                htim15
 .bss.hi2c4     0x2000b670       0x54 CMakeFiles/stm32u585q_liqsim.dir/Core/Src/main.c.obj
                0x2000b670                hi2c4
 .bss.handle_GPDMA1_Channel14
                0x2000b6c4       0x78 CMakeFiles/stm32u585q_liqsim.dir/Core/Src/main.c.obj
                0x2000b6c4                handle_GPDMA1_Channel14
 .bss.List_GPDMA1_Channel14
                0x2000b73c       0x18 CMakeFiles/stm32u585q_liqsim.dir/Core/Src/main.c.obj
                0x2000b73c                List_GPDMA1_Channel14
 .bss.Node_GPDMA1_Channel14
                0x2000b754       0x24 CMakeFiles/stm32u585q_liqsim.dir/Core/Src/main.c.obj
                0x2000b754                Node_GPDMA1_Channel14
 .bss.handle_GPDMA1_Channel15
                0x2000b778       0x78 CMakeFiles/stm32u585q_liqsim.dir/Core/Src/main.c.obj
                0x2000b778                handle_GPDMA1_Channel15
 .bss.List_GPDMA1_Channel15
                0x2000b7f0       0x18 CMakeFiles/stm32u585q_liqsim.dir/Core/Src/main.c.obj
                0x2000b7f0                List_GPDMA1_Channel15
 .bss.Node_GPDMA1_Channel15
                0x2000b808       0x24 CMakeFiles/stm32u585q_liqsim.dir/Core/Src/main.c.obj
                0x2000b808                Node_GPDMA1_Channel15
 .bss.Liq_DMA_Buffer_MODER
                0x2000b82c      0x6c0 CMakeFiles/stm32u585q_liqsim.dir/Core/Src/liqsim.c.obj
                0x2000b82c                Liq_DMA_Buffer_MODER
 .bss.Liq_DMA_Buffer_ODR
                0x2000beec      0x360 CMakeFiles/stm32u585q_liqsim.dir/Core/Src/liqsim.c.obj
                0x2000beec                Liq_DMA_Buffer_ODR
 *(COMMON)
                0x2000c250                        . = ALIGN (0x8)
 *fill*         0x2000c24c        0x4 
                0x2000c250                        _ebss = .
                0x2000c250                        __bss_end__ = _ebss

._user_heap_stack
                0x2000c250      0x600 load address 0x08006ec0
                0x2000c250                        . = ALIGN (0x8)
                [!provide]                        PROVIDE (end = .)
                0x2000c250                        PROVIDE (_end = .)
                0x2000c450                        . = (. + _Min_Heap_Size)
 *fill*         0x2000c250      0x200 
                0x2000c850                        . = (. + _Min_Stack_Size)
 *fill*         0x2000c450      0x400 
                0x2000c850                        . = ALIGN (0x8)

/DISCARD/
 libc.a(*)
 libm.a(*)
 libgcc.a(*)

.ARM.attributes
                0x00000000       0x36
 *(.ARM.attributes)
 .ARM.attributes
                0x00000000       0x26 /opt/ST/STM32CubeCLT_1.16.0/GNU-tools-for-STM32/bin/../lib/gcc/arm-none-eabi/12.3.1/thumb/v8-m.main+fp/hard/crti.o
 .ARM.attributes
                0x00000026       0x38 /opt/ST/STM32CubeCLT_1.16.0/GNU-tools-for-STM32/bin/../lib/gcc/arm-none-eabi/12.3.1/thumb/v8-m.main+fp/hard/crtbegin.o
 .ARM.attributes
                0x0000005e       0x38 /opt/ST/STM32CubeCLT_1.16.0/GNU-tools-for-STM32/bin/../lib/gcc/arm-none-eabi/12.3.1/../../../../arm-none-eabi/lib/thumb/v8-m.main+fp/hard/libc_nano.a(libc_a-findfp.o)
 .ARM.attributes
                0x00000096       0x38 /opt/ST/STM32CubeCLT_1.16.0/GNU-tools-for-STM32/bin/../lib/gcc/arm-none-eabi/12.3.1/../../../../arm-none-eabi/lib/thumb/v8-m.main+fp/hard/libc_nano.a(libc_a-memset.o)
 .ARM.attributes
                0x000000ce       0x38 /opt/ST/STM32CubeCLT_1.16.0/GNU-tools-for-STM32/bin/../lib/gcc/arm-none-eabi/12.3.1/../../../../arm-none-eabi/lib/thumb/v8-m.main+fp/hard/libc_nano.a(libc_a-impure.o)
 .ARM.attributes
                0x00000106       0x38 /opt/ST/STM32CubeCLT_1.16.0/GNU-tools-for-STM32/bin/../lib/gcc/arm-none-eabi/12.3.1/../../../../arm-none-eabi/lib/thumb/v8-m.main+fp/hard/libc_nano.a(libc_a-init.o)
 .ARM.attributes
                0x0000013e       0x3a cmake/stm32cubemx/CMakeFiles/STM32_Drivers.dir/__/__/Core/Src/system_stm32u5xx.c.obj
 .ARM.attributes
                0x00000178       0x3a cmake/stm32cubemx/CMakeFiles/STM32_Drivers.dir/__/__/Drivers/STM32U5xx_HAL_Driver/Src/stm32u5xx_hal_cortex.c.obj
 .ARM.attributes
                0x000001b2       0x3a cmake/stm32cubemx/CMakeFiles/STM32_Drivers.dir/__/__/Drivers/STM32U5xx_HAL_Driver/Src/stm32u5xx_hal.c.obj
 .ARM.attributes
                0x000001ec       0x3a cmake/stm32cubemx/CMakeFiles/STM32_Drivers.dir/__/__/Drivers/STM32U5xx_HAL_Driver/Src/stm32u5xx_hal_i2c.c.obj
 .ARM.attributes
                0x00000226       0x3a cmake/stm32cubemx/CMakeFiles/STM32_Drivers.dir/__/__/Drivers/STM32U5xx_HAL_Driver/Src/stm32u5xx_hal_i2c_ex.c.obj
 .ARM.attributes
                0x00000260       0x3a cmake/stm32cubemx/CMakeFiles/STM32_Drivers.dir/__/__/Drivers/STM32U5xx_HAL_Driver/Src/stm32u5xx_hal_rcc.c.obj
 .ARM.attributes
                0x0000029a       0x3a cmake/stm32cubemx/CMakeFiles/STM32_Drivers.dir/__/__/Drivers/STM32U5xx_HAL_Driver/Src/stm32u5xx_hal_rcc_ex.c.obj
 .ARM.attributes
                0x000002d4       0x3a cmake/stm32cubemx/CMakeFiles/STM32_Drivers.dir/__/__/Drivers/STM32U5xx_HAL_Driver/Src/stm32u5xx_hal_gpio.c.obj
 .ARM.attributes
                0x0000030e       0x3a cmake/stm32cubemx/CMakeFiles/STM32_Drivers.dir/__/__/Drivers/STM32U5xx_HAL_Driver/Src/stm32u5xx_hal_dma.c.obj
 .ARM.attributes
                0x00000348       0x3a cmake/stm32cubemx/CMakeFiles/STM32_Drivers.dir/__/__/Drivers/STM32U5xx_HAL_Driver/Src/stm32u5xx_hal_dma_ex.c.obj
 .ARM.attributes
                0x00000382       0x3a cmake/stm32cubemx/CMakeFiles/STM32_Drivers.dir/__/__/Drivers/STM32U5xx_HAL_Driver/Src/stm32u5xx_hal_pwr_ex.c.obj
 .ARM.attributes
                0x000003bc       0x3a cmake/stm32cubemx/CMakeFiles/STM32_Drivers.dir/__/__/Drivers/STM32U5xx_HAL_Driver/Src/stm32u5xx_hal_icache.c.obj
 .ARM.attributes
                0x000003f6       0x3a cmake/stm32cubemx/CMakeFiles/STM32_Drivers.dir/__/__/Drivers/STM32U5xx_HAL_Driver/Src/stm32u5xx_hal_tim.c.obj
 .ARM.attributes
                0x00000430       0x3a cmake/stm32cubemx/CMakeFiles/STM32_Drivers.dir/__/__/Drivers/STM32U5xx_HAL_Driver/Src/stm32u5xx_hal_tim_ex.c.obj
 .ARM.attributes
                0x0000046a       0x3a CMakeFiles/stm32u585q_liqsim.dir/Core/Src/main.c.obj
 .ARM.attributes
                0x000004a4       0x3a CMakeFiles/stm32u585q_liqsim.dir/Core/Src/stm32u5xx_it.c.obj
 .ARM.attributes
                0x000004de       0x3a CMakeFiles/stm32u585q_liqsim.dir/Core/Src/stm32u5xx_hal_msp.c.obj
 .ARM.attributes
                0x00000518       0x24 CMakeFiles/stm32u585q_liqsim.dir/startup_stm32u585xx.s.obj
 .ARM.attributes
                0x0000053c       0x3a CMakeFiles/stm32u585q_liqsim.dir/Core/Src/liqsim.c.obj
 .ARM.attributes
                0x00000576       0x3a CMakeFiles/stm32u585q_liqsim.dir/Core/Src/liqsim_const.c.obj
 .ARM.attributes
                0x000005b0       0x3a CMakeFiles/stm32u585q_liqsim.dir/Core/Src/flip_fluid.c.obj
 .ARM.attributes
                0x000005ea       0x3a CMakeFiles/stm32u585q_liqsim.dir/Core/Src/mpu6050.c.obj
 .ARM.attributes
                0x00000624       0x26 /opt/ST/STM32CubeCLT_1.16.0/GNU-tools-for-STM32/bin/../lib/gcc/arm-none-eabi/12.3.1/thumb/v8-m.main+fp/hard/libgcc.a(_arm_addsubdf3.o)
 .ARM.attributes
                0x0000064a       0x26 /opt/ST/STM32CubeCLT_1.16.0/GNU-tools-for-STM32/bin/../lib/gcc/arm-none-eabi/12.3.1/thumb/v8-m.main+fp/hard/libgcc.a(_arm_fixunsdfsi.o)
 .ARM.attributes
                0x00000670       0x26 /opt/ST/STM32CubeCLT_1.16.0/GNU-tools-for-STM32/bin/../lib/gcc/arm-none-eabi/12.3.1/thumb/v8-m.main+fp/hard/libgcc.a(_arm_truncdfsf2.o)
 .ARM.attributes
                0x00000696       0x38 /opt/ST/STM32CubeCLT_1.16.0/GNU-tools-for-STM32/bin/../lib/gcc/arm-none-eabi/12.3.1/../../../../arm-none-eabi/lib/thumb/v8-m.main+fp/hard/libg_nano.a(libc_a-errno.o)
 .ARM.attributes
                0x000006ce       0x38 /opt/ST/STM32CubeCLT_1.16.0/GNU-tools-for-STM32/bin/../lib/gcc/arm-none-eabi/12.3.1/../../../../arm-none-eabi/lib/thumb/v8-m.main+fp/hard/libg_nano.a(libc_a-memcpy-stub.o)
 .ARM.attributes
                0x00000706       0x26 /opt/ST/STM32CubeCLT_1.16.0/GNU-tools-for-STM32/bin/../lib/gcc/arm-none-eabi/12.3.1/thumb/v8-m.main+fp/hard/crtn.o
 .ARM.attributes
                0x0000072c       0x38 /opt/ST/STM32CubeCLT_1.16.0/GNU-tools-for-STM32/bin/../lib/gcc/arm-none-eabi/12.3.1/../../../../arm-none-eabi/lib/thumb/v8-m.main+fp/hard/libm.a(libm_a-s_fmin.o)
 .ARM.attributes
                0x00000764       0x38 /opt/ST/STM32CubeCLT_1.16.0/GNU-tools-for-STM32/bin/../lib/gcc/arm-none-eabi/12.3.1/../../../../arm-none-eabi/lib/thumb/v8-m.main+fp/hard/libm.a(libm_a-s_fpclassify.o)
 .ARM.attributes
                0x0000079c       0x38 /opt/ST/STM32CubeCLT_1.16.0/GNU-tools-for-STM32/bin/../lib/gcc/arm-none-eabi/12.3.1/../../../../arm-none-eabi/lib/thumb/v8-m.main+fp/hard/libm.a(libm_a-w_sqrt.o)
 .ARM.attributes
                0x000007d4       0x38 /opt/ST/STM32CubeCLT_1.16.0/GNU-tools-for-STM32/bin/../lib/gcc/arm-none-eabi/12.3.1/../../../../arm-none-eabi/lib/thumb/v8-m.main+fp/hard/libm.a(libm_a-e_sqrt.o)
 .ARM.attributes
                0x0000080c       0x38 /opt/ST/STM32CubeCLT_1.16.0/GNU-tools-for-STM32/bin/../lib/gcc/arm-none-eabi/12.3.1/../../../../arm-none-eabi/lib/thumb/v8-m.main+fp/hard/libm.a(libm_a-s_floor.o)
 .ARM.attributes
                0x00000844       0x38 /opt/ST/STM32CubeCLT_1.16.0/GNU-tools-for-STM32/bin/../lib/gcc/arm-none-eabi/12.3.1/../../../../arm-none-eabi/lib/thumb/v8-m.main+fp/hard/libm.a(libm_a-s_fmax.o)
 .ARM.attributes
                0x0000087c       0x26 /opt/ST/STM32CubeCLT_1.16.0/GNU-tools-for-STM32/bin/../lib/gcc/arm-none-eabi/12.3.1/thumb/v8-m.main+fp/hard/libgcc.a(_arm_muldivdf3.o)
 .ARM.attributes
                0x000008a2       0x26 /opt/ST/STM32CubeCLT_1.16.0/GNU-tools-for-STM32/bin/../lib/gcc/arm-none-eabi/12.3.1/thumb/v8-m.main+fp/hard/libgcc.a(_arm_cmpdf2.o)
 .ARM.attributes
                0x000008c8       0x26 /opt/ST/STM32CubeCLT_1.16.0/GNU-tools-for-STM32/bin/../lib/gcc/arm-none-eabi/12.3.1/thumb/v8-m.main+fp/hard/libgcc.a(_arm_unorddf2.o)
OUTPUT(stm32u585q_liqsim.elf elf32-littlearm)
LOAD linker stubs
LOAD /opt/ST/STM32CubeCLT_1.16.0/GNU-tools-for-STM32/bin/../lib/gcc/arm-none-eabi/12.3.1/../../../../arm-none-eabi/lib/thumb/v8-m.main+fp/hard/libc.a
LOAD /opt/ST/STM32CubeCLT_1.16.0/GNU-tools-for-STM32/bin/../lib/gcc/arm-none-eabi/12.3.1/../../../../arm-none-eabi/lib/thumb/v8-m.main+fp/hard/libm.a
LOAD /opt/ST/STM32CubeCLT_1.16.0/GNU-tools-for-STM32/bin/../lib/gcc/arm-none-eabi/12.3.1/thumb/v8-m.main+fp/hard/libgcc.a

.debug_frame    0x00000000      0x554
 .debug_frame   0x00000000      0x144 /opt/ST/STM32CubeCLT_1.16.0/GNU-tools-for-STM32/bin/../lib/gcc/arm-none-eabi/12.3.1/../../../../arm-none-eabi/lib/thumb/v8-m.main+fp/hard/libc_nano.a(libc_a-findfp.o)
 .debug_frame   0x00000144       0x20 /opt/ST/STM32CubeCLT_1.16.0/GNU-tools-for-STM32/bin/../lib/gcc/arm-none-eabi/12.3.1/../../../../arm-none-eabi/lib/thumb/v8-m.main+fp/hard/libc_nano.a(libc_a-memset.o)
 .debug_frame   0x00000164       0x2c /opt/ST/STM32CubeCLT_1.16.0/GNU-tools-for-STM32/bin/../lib/gcc/arm-none-eabi/12.3.1/../../../../arm-none-eabi/lib/thumb/v8-m.main+fp/hard/libc_nano.a(libc_a-init.o)
 .debug_frame   0x00000190       0xac /opt/ST/STM32CubeCLT_1.16.0/GNU-tools-for-STM32/bin/../lib/gcc/arm-none-eabi/12.3.1/thumb/v8-m.main+fp/hard/libgcc.a(_arm_addsubdf3.o)
 .debug_frame   0x0000023c       0x24 /opt/ST/STM32CubeCLT_1.16.0/GNU-tools-for-STM32/bin/../lib/gcc/arm-none-eabi/12.3.1/thumb/v8-m.main+fp/hard/libgcc.a(_arm_fixunsdfsi.o)
 .debug_frame   0x00000260       0x24 /opt/ST/STM32CubeCLT_1.16.0/GNU-tools-for-STM32/bin/../lib/gcc/arm-none-eabi/12.3.1/thumb/v8-m.main+fp/hard/libgcc.a(_arm_truncdfsf2.o)
 .debug_frame   0x00000284       0x20 /opt/ST/STM32CubeCLT_1.16.0/GNU-tools-for-STM32/bin/../lib/gcc/arm-none-eabi/12.3.1/../../../../arm-none-eabi/lib/thumb/v8-m.main+fp/hard/libg_nano.a(libc_a-errno.o)
 .debug_frame   0x000002a4       0x28 /opt/ST/STM32CubeCLT_1.16.0/GNU-tools-for-STM32/bin/../lib/gcc/arm-none-eabi/12.3.1/../../../../arm-none-eabi/lib/thumb/v8-m.main+fp/hard/libg_nano.a(libc_a-memcpy-stub.o)
 .debug_frame   0x000002cc       0x44 /opt/ST/STM32CubeCLT_1.16.0/GNU-tools-for-STM32/bin/../lib/gcc/arm-none-eabi/12.3.1/../../../../arm-none-eabi/lib/thumb/v8-m.main+fp/hard/libm.a(libm_a-s_fmin.o)
 .debug_frame   0x00000310       0x28 /opt/ST/STM32CubeCLT_1.16.0/GNU-tools-for-STM32/bin/../lib/gcc/arm-none-eabi/12.3.1/../../../../arm-none-eabi/lib/thumb/v8-m.main+fp/hard/libm.a(libm_a-s_fpclassify.o)
 .debug_frame   0x00000338       0x3c /opt/ST/STM32CubeCLT_1.16.0/GNU-tools-for-STM32/bin/../lib/gcc/arm-none-eabi/12.3.1/../../../../arm-none-eabi/lib/thumb/v8-m.main+fp/hard/libm.a(libm_a-w_sqrt.o)
 .debug_frame   0x00000374       0x38 /opt/ST/STM32CubeCLT_1.16.0/GNU-tools-for-STM32/bin/../lib/gcc/arm-none-eabi/12.3.1/../../../../arm-none-eabi/lib/thumb/v8-m.main+fp/hard/libm.a(libm_a-e_sqrt.o)
 .debug_frame   0x000003ac       0x30 /opt/ST/STM32CubeCLT_1.16.0/GNU-tools-for-STM32/bin/../lib/gcc/arm-none-eabi/12.3.1/../../../../arm-none-eabi/lib/thumb/v8-m.main+fp/hard/libm.a(libm_a-s_floor.o)
 .debug_frame   0x000003dc       0x44 /opt/ST/STM32CubeCLT_1.16.0/GNU-tools-for-STM32/bin/../lib/gcc/arm-none-eabi/12.3.1/../../../../arm-none-eabi/lib/thumb/v8-m.main+fp/hard/libm.a(libm_a-s_fmax.o)
 .debug_frame   0x00000420       0x50 /opt/ST/STM32CubeCLT_1.16.0/GNU-tools-for-STM32/bin/../lib/gcc/arm-none-eabi/12.3.1/thumb/v8-m.main+fp/hard/libgcc.a(_arm_muldivdf3.o)
 .debug_frame   0x00000470       0xc4 /opt/ST/STM32CubeCLT_1.16.0/GNU-tools-for-STM32/bin/../lib/gcc/arm-none-eabi/12.3.1/thumb/v8-m.main+fp/hard/libgcc.a(_arm_cmpdf2.o)
 .debug_frame   0x00000534       0x20 /opt/ST/STM32CubeCLT_1.16.0/GNU-tools-for-STM32/bin/../lib/gcc/arm-none-eabi/12.3.1/thumb/v8-m.main+fp/hard/libgcc.a(_arm_unorddf2.o)

.comment        0x00000000       0x43
 .comment       0x00000000       0x43 cmake/stm32cubemx/CMakeFiles/STM32_Drivers.dir/__/__/Core/Src/system_stm32u5xx.c.obj
                                 0x44 (size before relaxing)
 .comment       0x00000043       0x44 cmake/stm32cubemx/CMakeFiles/STM32_Drivers.dir/__/__/Drivers/STM32U5xx_HAL_Driver/Src/stm32u5xx_hal_cortex.c.obj
 .comment       0x00000043       0x44 cmake/stm32cubemx/CMakeFiles/STM32_Drivers.dir/__/__/Drivers/STM32U5xx_HAL_Driver/Src/stm32u5xx_hal.c.obj
 .comment       0x00000043       0x44 cmake/stm32cubemx/CMakeFiles/STM32_Drivers.dir/__/__/Drivers/STM32U5xx_HAL_Driver/Src/stm32u5xx_hal_i2c.c.obj
 .comment       0x00000043       0x44 cmake/stm32cubemx/CMakeFiles/STM32_Drivers.dir/__/__/Drivers/STM32U5xx_HAL_Driver/Src/stm32u5xx_hal_i2c_ex.c.obj
 .comment       0x00000043       0x44 cmake/stm32cubemx/CMakeFiles/STM32_Drivers.dir/__/__/Drivers/STM32U5xx_HAL_Driver/Src/stm32u5xx_hal_rcc.c.obj
 .comment       0x00000043       0x44 cmake/stm32cubemx/CMakeFiles/STM32_Drivers.dir/__/__/Drivers/STM32U5xx_HAL_Driver/Src/stm32u5xx_hal_rcc_ex.c.obj
 .comment       0x00000043       0x44 cmake/stm32cubemx/CMakeFiles/STM32_Drivers.dir/__/__/Drivers/STM32U5xx_HAL_Driver/Src/stm32u5xx_hal_gpio.c.obj
 .comment       0x00000043       0x44 cmake/stm32cubemx/CMakeFiles/STM32_Drivers.dir/__/__/Drivers/STM32U5xx_HAL_Driver/Src/stm32u5xx_hal_dma.c.obj
 .comment       0x00000043       0x44 cmake/stm32cubemx/CMakeFiles/STM32_Drivers.dir/__/__/Drivers/STM32U5xx_HAL_Driver/Src/stm32u5xx_hal_dma_ex.c.obj
 .comment       0x00000043       0x44 cmake/stm32cubemx/CMakeFiles/STM32_Drivers.dir/__/__/Drivers/STM32U5xx_HAL_Driver/Src/stm32u5xx_hal_pwr_ex.c.obj
 .comment       0x00000043       0x44 cmake/stm32cubemx/CMakeFiles/STM32_Drivers.dir/__/__/Drivers/STM32U5xx_HAL_Driver/Src/stm32u5xx_hal_icache.c.obj
 .comment       0x00000043       0x44 cmake/stm32cubemx/CMakeFiles/STM32_Drivers.dir/__/__/Drivers/STM32U5xx_HAL_Driver/Src/stm32u5xx_hal_tim.c.obj
 .comment       0x00000043       0x44 cmake/stm32cubemx/CMakeFiles/STM32_Drivers.dir/__/__/Drivers/STM32U5xx_HAL_Driver/Src/stm32u5xx_hal_tim_ex.c.obj
 .comment       0x00000043       0x44 CMakeFiles/stm32u585q_liqsim.dir/Core/Src/main.c.obj
 .comment       0x00000043       0x44 CMakeFiles/stm32u585q_liqsim.dir/Core/Src/stm32u5xx_it.c.obj
 .comment       0x00000043       0x44 CMakeFiles/stm32u585q_liqsim.dir/Core/Src/stm32u5xx_hal_msp.c.obj
 .comment       0x00000043       0x44 CMakeFiles/stm32u585q_liqsim.dir/Core/Src/liqsim.c.obj
 .comment       0x00000043       0x44 CMakeFiles/stm32u585q_liqsim.dir/Core/Src/liqsim_const.c.obj
 .comment       0x00000043       0x44 CMakeFiles/stm32u585q_liqsim.dir/Core/Src/flip_fluid.c.obj
 .comment       0x00000043       0x44 CMakeFiles/stm32u585q_liqsim.dir/Core/Src/mpu6050.c.obj
 .comment       0x00000043       0x44 /opt/ST/STM32CubeCLT_1.16.0/GNU-tools-for-STM32/bin/../lib/gcc/arm-none-eabi/12.3.1/../../../../arm-none-eabi/lib/thumb/v8-m.main+fp/hard/libg_nano.a(libc_a-errno.o)
 .comment       0x00000043       0x44 /opt/ST/STM32CubeCLT_1.16.0/GNU-tools-for-STM32/bin/../lib/gcc/arm-none-eabi/12.3.1/../../../../arm-none-eabi/lib/thumb/v8-m.main+fp/hard/libg_nano.a(libc_a-memcpy-stub.o)

.debug_info     0x00000000      0x81c
 .debug_info    0x00000000      0x6fb /opt/ST/STM32CubeCLT_1.16.0/GNU-tools-for-STM32/bin/../lib/gcc/arm-none-eabi/12.3.1/../../../../arm-none-eabi/lib/thumb/v8-m.main+fp/hard/libg_nano.a(libc_a-errno.o)
 .debug_info    0x000006fb      0x121 /opt/ST/STM32CubeCLT_1.16.0/GNU-tools-for-STM32/bin/../lib/gcc/arm-none-eabi/12.3.1/../../../../arm-none-eabi/lib/thumb/v8-m.main+fp/hard/libg_nano.a(libc_a-memcpy-stub.o)

.debug_abbrev   0x00000000      0x21f
 .debug_abbrev  0x00000000      0x15e /opt/ST/STM32CubeCLT_1.16.0/GNU-tools-for-STM32/bin/../lib/gcc/arm-none-eabi/12.3.1/../../../../arm-none-eabi/lib/thumb/v8-m.main+fp/hard/libg_nano.a(libc_a-errno.o)
 .debug_abbrev  0x0000015e       0xc1 /opt/ST/STM32CubeCLT_1.16.0/GNU-tools-for-STM32/bin/../lib/gcc/arm-none-eabi/12.3.1/../../../../arm-none-eabi/lib/thumb/v8-m.main+fp/hard/libg_nano.a(libc_a-memcpy-stub.o)

.debug_aranges  0x00000000       0x40
 .debug_aranges
                0x00000000       0x20 /opt/ST/STM32CubeCLT_1.16.0/GNU-tools-for-STM32/bin/../lib/gcc/arm-none-eabi/12.3.1/../../../../arm-none-eabi/lib/thumb/v8-m.main+fp/hard/libg_nano.a(libc_a-errno.o)
 .debug_aranges
                0x00000020       0x20 /opt/ST/STM32CubeCLT_1.16.0/GNU-tools-for-STM32/bin/../lib/gcc/arm-none-eabi/12.3.1/../../../../arm-none-eabi/lib/thumb/v8-m.main+fp/hard/libg_nano.a(libc_a-memcpy-stub.o)

.debug_rnglists
                0x00000000       0x26
 .debug_rnglists
                0x00000000       0x13 /opt/ST/STM32CubeCLT_1.16.0/GNU-tools-for-STM32/bin/../lib/gcc/arm-none-eabi/12.3.1/../../../../arm-none-eabi/lib/thumb/v8-m.main+fp/hard/libg_nano.a(libc_a-errno.o)
 .debug_rnglists
                0x00000013       0x13 /opt/ST/STM32CubeCLT_1.16.0/GNU-tools-for-STM32/bin/../lib/gcc/arm-none-eabi/12.3.1/../../../../arm-none-eabi/lib/thumb/v8-m.main+fp/hard/libg_nano.a(libc_a-memcpy-stub.o)

.debug_line     0x00000000      0x38c
 .debug_line    0x00000000      0x185 /opt/ST/STM32CubeCLT_1.16.0/GNU-tools-for-STM32/bin/../lib/gcc/arm-none-eabi/12.3.1/../../../../arm-none-eabi/lib/thumb/v8-m.main+fp/hard/libg_nano.a(libc_a-errno.o)
 .debug_line    0x00000185      0x207 /opt/ST/STM32CubeCLT_1.16.0/GNU-tools-for-STM32/bin/../lib/gcc/arm-none-eabi/12.3.1/../../../../arm-none-eabi/lib/thumb/v8-m.main+fp/hard/libg_nano.a(libc_a-memcpy-stub.o)

.debug_str      0x00000000      0x566
 .debug_str     0x00000000      0x4e0 /opt/ST/STM32CubeCLT_1.16.0/GNU-tools-for-STM32/bin/../lib/gcc/arm-none-eabi/12.3.1/../../../../arm-none-eabi/lib/thumb/v8-m.main+fp/hard/libg_nano.a(libc_a-errno.o)
                                0x533 (size before relaxing)
 .debug_str     0x000004e0       0x86 /opt/ST/STM32CubeCLT_1.16.0/GNU-tools-for-STM32/bin/../lib/gcc/arm-none-eabi/12.3.1/../../../../arm-none-eabi/lib/thumb/v8-m.main+fp/hard/libg_nano.a(libc_a-memcpy-stub.o)
                                0x237 (size before relaxing)

.debug_loclists
                0x00000000       0x8f
 .debug_loclists
                0x00000000       0x8f /opt/ST/STM32CubeCLT_1.16.0/GNU-tools-for-STM32/bin/../lib/gcc/arm-none-eabi/12.3.1/../../../../arm-none-eabi/lib/thumb/v8-m.main+fp/hard/libg_nano.a(libc_a-memcpy-stub.o)
